2025-09-01 19:25:29 | 404 | http://www.ichemistry.cn/chemistry/60676-86-0+1336-21-6.htm
2025-09-01 19:25:35 | 404 | http://www.ichemistry.cn/chemistry/934593-90-5.htm
2025-09-01 19:25:38 | 404 | http://www.ichemistry.cn/chemistry/558484-21-2.htm
2025-09-01 19:25:39 | 404 | http://www.ichemistry.cn/chemistry/808-24-2.htm
2025-09-01 19:25:42 | 404 | http://www.ichemistry.cn/chemistry/120-88-9.htm
2025-09-01 19:25:42 | 404 | http://www.ichemistry.cn/chemistry/57485-31-1.htm
2025-09-01 19:25:43 | 404 | http://www.ichemistry.cn/chemistry/1024594-86-2.htm
2025-09-01 19:25:48 | 404 | http://www.ichemistry.cn/chemistry/870718-97-1.htm
2025-09-01 19:25:50 | 404 | http://www.ichemistry.cn/chemistry/629-9-97-0.htm
2025-09-01 19:25:50 | 404 | http://www.ichemistry.cn/chemistry/6940-29-1.htm
2025-09-01 19:25:51 | 404 | http://www.ichemistry.cn/chemistry/7718-50-9.htm
2025-09-01 19:25:56 | 404 | http://www.ichemistry.cn/chemistry/106131-61-7.htm
2025-09-01 19:26:01 | 404 | http://www.ichemistry.cn/chemistry/928712-10-1.htm
2025-09-01 19:26:02 | 404 | http://www.ichemistry.cn/chemistry/35963-26-3.htm
2025-09-01 19:26:06 | 404 | http://www.ichemistry.cn/chemistry/32823-06-67.htm
2025-09-01 19:26:07 | 404 | http://www.ichemistry.cn/chemistry/81517-60-4.htm
2025-09-01 19:26:12 | 404 | http://www.ichemistry.cn/chemistry/471907-87-6.htm
2025-09-01 19:26:13 | 404 | http://www.ichemistry.cn/chemistry/1255308-97-4.htm
2025-09-01 19:26:14 | 404 | http://www.ichemistry.cn/chemistry/107599-30-4.htm
2025-09-01 19:26:15 | 404 | http://www.ichemistry.cn/chemistry/57875-67-9.htm
2025-09-01 19:26:20 | 404 | http://www.ichemistry.cn/chemistry/56545-22-3.htm
2025-09-01 19:26:21 | 404 | http://www.ichemistry.cn/chemistry/1073371-93-3.htm
2025-09-01 19:26:22 | 404 | http://www.ichemistry.cn/chemistry/54-04--6.htm
2025-09-01 19:26:23 | 404 | http://www.ichemistry.cn/chemistry/26123-91-1.htm
2025-09-01 19:26:29 | 404 | http://www.ichemistry.cn/chemistry/1239602-35-7.htm
2025-09-01 19:26:32 | 404 | http://www.ichemistry.cn/chemistry/914770-45-9.htm
2025-09-01 19:26:36 | 404 | http://www.ichemistry.cn/chemistry/103837-45-2.htm
2025-09-01 19:26:37 | 404 | http://www.ichemistry.cn/chemistry/40058-87-5.htm
2025-09-01 19:26:41 | 404 | http://www.ichemistry.cn/chemistry/144940-93-2.htm
2025-09-01 19:26:41 | 404 | http://www.ichemistry.cn/chemistry/20786-60-1+1310-58-3(H2O).htm
2025-09-01 19:26:45 | 404 | http://www.ichemistry.cn/chemistry/391-45-7.htm
2025-09-01 19:26:56 | 404 | http://www.ichemistry.cn/chemistry/1599466-81-5.htm
2025-09-01 19:26:57 | 404 | http://www.ichemistry.cn/chemistry/1204389-23-0.htm
2025-09-01 19:26:58 | 404 | http://www.ichemistry.cn/chemistry/1312-82-9.htm
2025-09-01 19:26:59 | 404 | http://www.ichemistry.cn/chemistry/55830-09-6.htm
2025-09-01 19:27:00 | 404 | http://www.ichemistry.cn/chemistry/446255-22-7.htm
2025-09-01 19:27:07 | 404 | http://www.ichemistry.cn/chemistry/3133-16-2.htm
2025-09-01 19:27:10 | 404 | http://www.ichemistry.cn/chemistry/485807-08-7.htm
2025-09-01 19:27:12 | 404 | http://www.ichemistry.cn/chemistry/16648-44-5.htm
2025-09-01 19:27:16 | 404 | http://www.ichemistry.cn/chemistry/126213-50-0.htm
2025-09-01 19:27:18 | 404 | http://www.ichemistry.cn/chemistry/5155-67-9.htm
2025-09-01 19:27:20 | 404 | http://www.ichemistry.cn/chemistry/345974-11-4.htm
2025-09-01 19:27:21 | 404 | http://www.ichemistry.cn/chemistry/824-38-4.htm
2025-09-01 19:27:22 | 404 | http://www.ichemistry.cn/chemistry/13453-41-3.htm
2025-09-01 19:27:25 | 404 | http://www.ichemistry.cn/chemistry/51601-28-6.htm
2025-09-01 19:27:28 | 404 | http://www.ichemistry.cn/chemistry/8063-14-7;6465-30-1.htm
2025-09-01 19:27:29 | 404 | http://www.ichemistry.cn/chemistry/1199616-66-4.htm
2025-09-01 19:27:30 | 404 | http://www.ichemistry.cn/chemistry/384347-05-1.htm
2025-09-01 19:27:31 | 404 | http://www.ichemistry.cn/chemistry/14635-75-7NOBF4.htm
2025-09-01 19:27:34 | 404 | http://www.ichemistry.cn/chemistry/6153–56-6.htm
2025-09-01 19:27:37 | 404 | http://www.ichemistry.cn/chemistry/2615-25-0?.htm
2025-09-01 19:27:39 | 404 | http://www.ichemistry.cn/chemistry/69444-48-0.htm
2025-09-01 19:27:46 | 404 | http://www.ichemistry.cn/chemistry/345630-40-2.htm
2025-09-01 19:27:49 | 404 | http://www.ichemistry.cn/chemistry/1159826-67-1.htm
2025-09-01 19:27:50 | 404 | http://www.ichemistry.cn/chemistry/41584-11-6.htm
2025-09-01 19:28:04 | 404 | http://www.ichemistry.cn/chemistry/13732-37-2.htm
2025-09-01 19:28:07 | 404 | http://www.ichemistry.cn/chemistry/1958113-34-2.htm
2025-09-01 19:28:12 | 404 | http://www.ichemistry.cn/chemistry/1033461-45-8.htm
2025-09-01 19:28:17 | 404 | http://www.ichemistry.cn/chemistry/945865-80-5.htm
2025-09-01 19:28:30 | 404 | http://www.ichemistry.cn/chemistry/1240557-01-0.htm
2025-09-01 19:28:32 | 404 | http://www.ichemistry.cn/chemistry/623157-25-5.htm
2025-09-01 19:28:34 | 404 | http://www.ichemistry.cn/chemistry/314054-00-7.htm
2025-09-01 19:28:45 | 404 | http://www.ichemistry.cn/chemistry/1344-28-2.htm
2025-09-01 19:28:47 | 404 | http://www.ichemistry.cn/chemistry/23321-74-6.htm
2025-09-01 19:28:48 | 404 | http://www.ichemistry.cn/chemistry/12003-41-7.htm
2025-09-01 19:28:50 | 404 | http://www.ichemistry.cn/chemistry/10028-18-8.htm
2025-09-01 19:28:51 | 404 | http://www.ichemistry.cn/chemistry/1447709-01-4.htm
2025-09-01 19:28:52 | 404 | http://www.ichemistry.cn/chemistry/67-20-9C8H6N4O5.htm
2025-09-01 19:28:52 | 404 | http://www.ichemistry.cn/chemistry/2377770-18-6.htm
2025-09-01 19:28:54 | 404 | http://www.ichemistry.cn/chemistry/929881-46-9.htm
2025-09-01 19:28:55 | 404 | http://www.ichemistry.cn/chemistry/3691-78-9.htm
2025-09-01 19:28:56 | 404 | http://www.ichemistry.cn/chemistry/125-35-3.htm
2025-09-01 19:28:59 | 404 | http://www.ichemistry.cn/chemistry/177735-55-6.htm
2025-09-01 19:29:03 | 404 | http://www.ichemistry.cn/chemistry/1236188-16-1.htm
2025-09-01 19:29:04 | 404 | http://www.ichemistry.cn/chemistry/267221-88-5.htm
2025-09-01 19:29:08 | 404 | http://www.ichemistry.cn/chemistry/57103-01-2.htm
2025-09-01 19:29:09 | 404 | http://www.ichemistry.cn/chemistry/1255309-13-7.htm
2025-09-01 19:29:10 | 404 | http://www.ichemistry.cn/chemistry/87-56-8.htm
2025-09-01 19:29:10 | 404 | http://www.ichemistry.cn/chemistry/25659-29-4.htm
2025-09-01 19:29:12 | 404 | http://www.ichemistry.cn/chemistry/135507-00-5.htm
2025-09-01 19:29:14 | 404 | http://www.ichemistry.cn/chemistry/1357572-66-7.htm
2025-09-01 19:29:19 | 404 | http://www.ichemistry.cn/chemistry/1312703-28-8.htm
2025-09-01 19:29:20 | 404 | http://www.ichemistry.cn/chemistry/134879-44-0.htm
2025-09-01 19:29:21 | 404 | http://www.ichemistry.cn/chemistry/1849616-42-7.htm
2025-09-01 19:29:23 | 404 | http://www.ichemistry.cn/chemistry/7152-42-3.htm
2025-09-01 19:29:24 | 404 | http://www.ichemistry.cn/chemistry/102638-45-9.htm
2025-09-01 19:29:35 | 404 | http://www.ichemistry.cn/chemistry/15243-48-8.htm
2025-09-01 19:29:40 | 404 | http://www.ichemistry.cn/chemistry/2089293-61-6.htm
2025-09-01 19:29:44 | 404 | http://www.ichemistry.cn/chemistry/251099-16-8.htm
2025-09-01 19:29:45 | 404 | http://www.ichemistry.cn/chemistry/1017794-47-6.htm
2025-09-01 19:29:54 | 404 | http://www.ichemistry.cn/chemistry/13818-04-2.htm
2025-09-01 19:29:59 | 404 | http://www.ichemistry.cn/chemistry/776242-98-9.htm
2025-09-01 19:30:05 | 404 | http://www.ichemistry.cn/chemistry/79917-89-8.htm
2025-09-01 19:30:18 | 404 | http://www.ichemistry.cn/chemistry/58464-47-4.htm
2025-09-01 19:30:21 | 404 | http://www.ichemistry.cn/chemistry/3734-52-9.htm
2025-09-01 19:30:25 | 404 | http://www.ichemistry.cn/chemistry/1623-69-8.htm
2025-09-01 19:30:28 | 404 | http://www.ichemistry.cn/chemistry/2168540-65-4.htm
2025-09-01 19:30:29 | 404 | http://www.ichemistry.cn/chemistry/8103-07-8.htm
2025-09-01 19:30:32 | 404 | http://www.ichemistry.cn/chemistry/1305711-40-3.htm
2025-09-01 19:30:34 | 404 | http://www.ichemistry.cn/chemistry/67460-86-0.htm
2025-09-01 19:30:37 | 404 | http://www.ichemistry.cn/chemistry/1504585-16-3.htm
2025-09-01 19:30:38 | 404 | http://www.ichemistry.cn/chemistry/96-55-5.htm
2025-09-01 19:30:38 | 404 | http://www.ichemistry.cn/chemistry/140681 - 55 - 6.htm
2025-09-01 19:30:41 | 404 | http://www.ichemistry.cn/chemistry/1977493-48-3.htm
2025-09-01 19:30:42 | 404 | http://www.ichemistry.cn/chemistry/366008-67-5.htm
2025-09-01 19:30:47 | 404 | http://www.ichemistry.cn/chemistry/606129-90-2.htm
2025-09-01 19:30:48 | 404 | http://www.ichemistry.cn/chemistry/534-30-5.htm
2025-09-01 19:30:50 | 404 | http://www.ichemistry.cn/chemistry/21658-70-8.htm
2025-09-01 19:30:54 | 404 | http://www.ichemistry.cn/chemistry/7550-35-4.htm
2025-09-01 19:30:59 | 404 | http://www.ichemistry.cn/chemistry/20324-26-9.htm
2025-09-01 19:31:03 | 404 | http://www.ichemistry.cn/chemistry/1537199-53-3.htm
2025-09-01 19:31:10 | 404 | http://www.ichemistry.cn/chemistry/2747959-96-0.htm
2025-09-01 19:31:13 | 404 | http://www.ichemistry.cn/chemistry/14216-88-7.htm
2025-09-01 19:31:20 | 404 | http://www.ichemistry.cn/chemistry/147852-84-4.htm
2025-09-01 19:31:28 | 404 | http://www.ichemistry.cn/chemistry/76115-06-5.htm
2025-09-01 19:31:31 | 404 | http://www.ichemistry.cn/chemistry/7732-14-0.htm
2025-09-01 19:31:32 | 404 | http://www.ichemistry.cn/chemistry/4054-67-5.htm
2025-09-01 19:31:40 | 404 | http://www.ichemistry.cn/chemistry/722494-26-0.htm
2025-09-01 19:31:47 | 404 | http://www.ichemistry.cn/chemistry/133395-16-1.htm
2025-09-01 19:31:52 | 404 | http://www.ichemistry.cn/chemistry/14846-47-0.htm
2025-09-01 19:31:56 | 404 | http://www.ichemistry.cn/chemistry/100669-96-3.htm
2025-09-01 19:31:57 | 404 | http://www.ichemistry.cn/chemistry/105974-64-9.htm
2025-09-01 19:32:03 | 404 | http://www.ichemistry.cn/chemistry/2083617-82-5.htm
2025-09-01 19:32:03 | 404 | http://www.ichemistry.cn/chemistry/1123-54-2?.htm
2025-09-01 19:32:08 | 404 | http://www.ichemistry.cn/chemistry/701232-20-4.htm
2025-09-01 19:32:12 | 404 | http://www.ichemistry.cn/chemistry/474966-97-7.htm
2025-09-01 19:32:14 | 404 | http://www.ichemistry.cn/chemistry/12067-06-4.htm
2025-09-01 19:32:16 | 404 | http://www.ichemistry.cn/chemistry/2328-12-9.htm
2025-09-01 19:32:28 | 404 | http://www.ichemistry.cn/chemistry/956790-67-3.htm
2025-09-01 19:32:32 | 404 | http://www.ichemistry.cn/chemistry/147045-24-7.htm
2025-09-01 19:32:36 | 404 | http://www.ichemistry.cn/chemistry/1352810-35-5.htm
2025-09-01 19:32:39 | 404 | http://www.ichemistry.cn/chemistry/96319-55-0.htm
2025-09-01 19:32:40 | 404 | http://www.ichemistry.cn/chemistry/1435-54-7.htm
2025-09-01 19:32:41 | 404 | http://www.ichemistry.cn/chemistry/873655-81-3.htm
2025-09-01 19:32:42 | 404 | http://www.ichemistry.cn/chemistry/350024-36-1.htm
2025-09-01 19:32:45 | 404 | http://www.ichemistry.cn/chemistry/71195-58-9.htm
2025-09-01 19:32:47 | 404 | http://www.ichemistry.cn/chemistry/21370-55-2.htm
2025-09-01 19:32:48 | 404 | http://www.ichemistry.cn/chemistry/1846598-27-3.htm
2025-09-01 19:32:49 | 404 | http://www.ichemistry.cn/chemistry/7392-50-9.htm
2025-09-01 19:32:50 | 404 | http://www.ichemistry.cn/chemistry/1211877-36-9.htm
2025-09-01 19:32:50 | 404 | http://www.ichemistry.cn/chemistry/1599466-85-9.htm
2025-09-01 19:32:55 | 404 | http://www.ichemistry.cn/chemistry/1625-85-4.htm
2025-09-01 19:32:56 | 404 | http://www.ichemistry.cn/chemistry/60298-18-2.htm
2025-09-01 19:32:57 | 404 | http://www.ichemistry.cn/chemistry/15457-98-4.htm
2025-09-01 19:33:01 | 404 | http://www.ichemistry.cn/chemistry/91042-27-2?.htm
2025-09-01 19:33:02 | 404 | http://www.ichemistry.cn/chemistry/16807-13-9.htm
2025-09-01 19:33:02 | 404 | http://www.ichemistry.cn/chemistry/9007-34-5-1.htm
2025-09-01 19:33:06 | 404 | http://www.ichemistry.cn/chemistry/85073-19-4.htm
2025-09-01 19:33:08 | 404 | http://www.ichemistry.cn/chemistry/591-00-4.htm
2025-09-01 19:33:17 | 404 | http://www.ichemistry.cn/chemistry/73676-31-0.htm
2025-09-01 19:33:18 | 404 | http://www.ichemistry.cn/chemistry/7083-55-6.htm
2025-09-01 19:33:29 | 404 | http://www.ichemistry.cn/chemistry/2479-62-1.htm
2025-09-01 19:33:35 | 404 | http://www.ichemistry.cn/chemistry/18992-85-3.htm
2025-09-01 19:33:41 | 404 | http://www.ichemistry.cn/chemistry/135072-82-1.htm
2025-09-01 19:33:42 | 404 | http://www.ichemistry.cn/chemistry/46742-95-6.htm
2025-09-01 19:33:44 | 404 | http://www.ichemistry.cn/chemistry/1415238-25-3.htm
2025-09-01 19:33:48 | 404 | http://www.ichemistry.cn/chemistry/61-74-9.htm
2025-09-01 19:34:33 | 404 | http://www.ichemistry.cn/chemistry/58452-28-1.htm
2025-09-01 19:34:38 | 404 | http://www.ichemistry.cn/chemistry/228415-62-1.htm
2025-09-01 19:34:39 | 404 | http://www.ichemistry.cn/chemistry/1537199-53-3.htm
2025-09-01 19:34:41 | 404 | http://www.ichemistry.cn/chemistry/51688-75-6.htm
2025-09-01 19:34:46 | 404 | http://www.ichemistry.cn/chemistry/800394-58-5.htm
2025-09-01 19:34:50 | 404 | http://www.ichemistry.cn/chemistry/1065505-47-6.htm
2025-09-01 19:34:51 | 404 | http://www.ichemistry.cn/chemistry/98327-87-6.htm
2025-09-01 19:34:54 | 404 | http://www.ichemistry.cn/chemistry/1221182-02-0.htm
2025-09-01 19:34:56 | 404 | http://www.ichemistry.cn/chemistry/1293389-28-2.htm
2025-09-01 19:34:58 | 404 | http://www.ichemistry.cn/chemistry/22139-65-7.htm
2025-09-01 19:35:00 | 404 | http://www.ichemistry.cn/chemistry/61197-73-7.htm
2025-09-01 19:35:03 | 404 | http://www.ichemistry.cn/chemistry/32752-52-6.htm
2025-09-01 19:35:05 | 404 | http://www.ichemistry.cn/chemistry/1352810-35-5.htm
2025-09-01 19:35:06 | 404 | http://www.ichemistry.cn/chemistry/808-24-2.htm
2025-09-01 19:35:07 | 404 | http://www.ichemistry.cn/chemistry/106131-61-7.htm
2025-09-01 19:35:08 | 404 | http://www.ichemistry.cn/chemistry/1123-54-2?.htm
2025-09-01 19:35:11 | 404 | http://www.ichemistry.cn/chemistry/57103-01-2.htm
2025-09-01 19:35:15 | 404 | http://www.ichemistry.cn/chemistry/79917-89-8.htm
2025-09-01 19:35:20 | 404 | http://www.ichemistry.cn/chemistry/942518-29-8.htm
2025-09-01 19:35:23 | 404 | http://www.ichemistry.cn/chemistry/21723-86-4.htm
2025-09-01 19:35:23 | 404 | http://www.ichemistry.cn/chemistry/222-222.htm
2025-09-01 19:35:26 | 404 | http://www.ichemistry.cn/chemistry/28342-75-8.htm
2025-09-01 19:35:32 | 404 | http://www.ichemistry.cn/chemistry/129392-84-3.htm
2025-09-01 19:35:44 | 404 | http://www.ichemistry.cn/chemistry/1675201-83-8.htm
2025-09-01 19:35:45 | 404 | http://www.ichemistry.cn/chemistry/17199-58-5.htm
2025-09-01 19:35:50 | 404 | http://www.ichemistry.cn/chemistry/1874200-71-1.htm
2025-09-01 19:35:54 | 404 | http://www.ichemistry.cn/chemistry/171820-04-5.htm
2025-09-01 19:35:56 | 404 | http://www.ichemistry.cn/chemistry/957207-58-8.htm
2025-09-01 19:35:58 | 404 | http://www.ichemistry.cn/chemistry/345630-40-2.htm
2025-09-01 19:36:00 | 404 | http://www.ichemistry.cn/chemistry/28302-50-3.htm
2025-09-01 19:36:03 | 404 | http://www.ichemistry.cn/chemistry/1393343-58-2.htm
2025-09-01 19:36:06 | 404 | http://www.ichemistry.cn/chemistry/1073371-93-3.htm
2025-09-01 19:36:07 | 404 | http://www.ichemistry.cn/chemistry/93924-40-4.htm
2025-09-01 19:36:08 | 404 | http://www.ichemistry.cn/chemistry/66449-09-0.htm
2025-09-01 19:36:09 | 404 | http://www.ichemistry.cn/chemistry/2640657-49-2.htm
2025-09-01 19:36:15 | 404 | http://www.ichemistry.cn/chemistry/1599466-81-5.htm
2025-09-01 19:36:16 | 404 | http://www.ichemistry.cn/chemistry/357-57-3-1.htm
2025-09-01 19:36:19 | 404 | http://www.ichemistry.cn/chemistry/105185-95-3.htm
2025-09-01 19:36:22 | 404 | http://www.ichemistry.cn/chemistry/98650-04-5.htm
2025-09-01 19:36:24 | 404 | http://www.ichemistry.cn/chemistry/23667-06-3.htm
2025-09-01 19:36:26 | 404 | http://www.ichemistry.cn/chemistry/67-20-9C8H6N4O5.htm
2025-09-01 19:36:29 | 404 | http://www.ichemistry.cn/chemistry/338391-61-0.htm
2025-09-01 19:36:37 | 404 | http://www.ichemistry.cn/chemistry/25659-29-4.htm
2025-09-01 19:36:42 | 404 | http://www.ichemistry.cn/chemistry/34311-90-5.htm
2025-09-01 19:36:44 | 404 | http://www.ichemistry.cn/chemistry/87-56-8.htm
2025-09-01 19:36:48 | 404 | http://www.ichemistry.cn/chemistry/56960-31-7.htm
2025-09-01 19:36:54 | 404 | http://www.ichemistry.cn/chemistry/12063-20-0.htm
2025-09-01 19:36:56 | 404 | http://www.ichemistry.cn/chemistry/12018-01-08.htm
2025-09-01 19:37:10 | 404 | http://www.ichemistry.cn/chemistry/65836-72-8.htm
2025-09-01 19:37:10 | 404 | http://www.ichemistry.cn/chemistry/105827-78-9(H2O).htm
2025-09-01 19:37:12 | 404 | http://www.ichemistry.cn/chemistry/14216-88-7.htm
2025-09-01 19:37:17 | 404 | http://www.ichemistry.cn/chemistry/468-07-5.htm
2025-09-01 19:37:19 | 404 | http://www.ichemistry.cn/chemistry/13732-37-2.htm
2025-09-01 19:37:26 | 404 | http://www.ichemistry.cn/chemistry/37340-23-1.htm
2025-09-01 19:37:28 | 404 | http://www.ichemistry.cn/chemistry/13763-67-2.htm
2025-09-01 19:37:30 | 404 | http://www.ichemistry.cn/chemistry/91742-21-1.htm
2025-09-01 19:37:38 | 404 | http://www.ichemistry.cn/chemistry/12003-41-7.htm
2025-09-01 19:37:43 | 404 | http://www.ichemistry.cn/chemistry/298-96-4?.htm
2025-09-01 19:37:47 | 404 | http://www.ichemistry.cn/chemistry/1160490-11-8.htm
2025-09-01 19:37:49 | 404 | http://www.ichemistry.cn/chemistry/749262-24-6.htm
2025-09-01 19:37:51 | 404 | http://www.ichemistry.cn/chemistry/57875-67-9.htm
2025-09-01 19:37:52 | 404 | http://www.ichemistry.cn/chemistry/5155-30-0.htm
2025-09-01 19:37:52 | 404 | http://www.ichemistry.cn/chemistry/32005-36-0?.htm
2025-09-01 19:37:52 | 404 | http://www.ichemistry.cn/chemistry/1081-34-1?.htm
2025-09-01 19:37:54 | 404 | http://www.ichemistry.cn/chemistry/18992-85-3.htm
2025-09-01 19:37:56 | 404 | http://www.ichemistry.cn/chemistry/14488-45-0.htm
2025-09-01 19:37:57 | 404 | http://www.ichemistry.cn/chemistry/7083-55-6.htm
2025-09-01 19:38:14 | 404 | http://www.ichemistry.cn/chemistry/57485-31-1.htm
2025-09-01 19:38:17 | 404 | http://www.ichemistry.cn/chemistry/4054-67-5.htm
2025-09-01 19:38:19 | 404 | http://www.ichemistry.cn/chemistry/2479-62-1.htm
2025-09-01 19:38:30 | 404 | http://www.ichemistry.cn/chemistry/15243-48-8.htm
2025-09-01 19:38:33 | 404 | http://www.ichemistry.cn/chemistry/928712-10-1.htm
2025-09-01 19:38:34 | 404 | http://www.ichemistry.cn/chemistry/960315-53-1.htm
2025-09-01 19:38:42 | 404 | http://www.ichemistry.cn/chemistry/189354-72-1.htm
2025-09-01 19:38:46 | 404 | http://www.ichemistry.cn/chemistry/830-50-6.htm
2025-09-01 19:38:48 | 404 | http://www.ichemistry.cn/chemistry/15708-55-1.htm
2025-09-01 19:38:49 | 404 | http://www.ichemistry.cn/chemistry/34311-88-1.htm
2025-09-01 19:38:49 | 404 | http://www.ichemistry.cn/chemistry/32823-06-67.htm
2025-09-01 19:38:51 | 404 | http://www.ichemistry.cn/chemistry/591-00-4.htm
2025-09-01 19:38:53 | 404 | http://www.ichemistry.cn/chemistry/147045-24-7.htm
2025-09-01 19:38:56 | 404 | http://www.ichemistry.cn/chemistry/94469-32-6.htm
2025-09-01 19:38:57 | 404 | http://www.ichemistry.cn/chemistry/722494-26-0.htm
2025-09-01 19:39:02 | 404 | http://www.ichemistry.cn/chemistry/17243-57-1.htm
2025-09-01 19:39:04 | 404 | http://www.ichemistry.cn/chemistry/20594-83-6.htm
2025-09-01 19:39:08 | 404 | http://www.ichemistry.cn/chemistry/2377770-18-6.htm
2025-09-01 19:39:13 | 404 | http://www.ichemistry.cn/chemistry/2168540-65-4.htm
2025-09-01 19:39:20 | 404 | http://www.ichemistry.cn/chemistry/7732-14-0.htm
2025-09-01 19:39:27 | 404 | http://www.ichemistry.cn/chemistry/177315-87-6.htm
2025-09-01 19:39:29 | 404 | http://www.ichemistry.cn/chemistry/1488-99-9.htm
2025-09-01 19:39:35 | 404 | http://www.ichemistry.cn/chemistry/1239602-35-7.htm
2025-09-01 19:39:39 | 404 | http://www.ichemistry.cn/chemistry/168547-43-1.htm
2025-09-01 19:39:43 | 404 | http://www.ichemistry.cn/chemistry/135072-82-1.htm
2025-09-01 19:39:43 | 404 | http://www.ichemistry.cn/chemistry/26123-91-1.htm
2025-09-01 19:39:44 | 404 | http://www.ichemistry.cn/chemistry/19533-24-5.htm
2025-09-01 19:39:46 | 404 | http://www.ichemistry.cn/chemistry/42824-53-3.htm
2025-09-01 19:39:48 | 404 | http://www.ichemistry.cn/chemistry/16807-13-9.htm
2025-09-01 19:39:49 | 404 | http://www.ichemistry.cn/chemistry/107599-30-4.htm
2025-09-01 19:39:52 | 404 | http://www.ichemistry.cn/chemistry/41584-11-6.htm
2025-09-01 19:39:53 | 404 | http://www.ichemistry.cn/chemistry/1204389-23-0.htm
2025-09-01 19:39:54 | 404 | http://www.ichemistry.cn/chemistry/6002-31-9.htm
2025-09-01 19:39:55 | 404 | http://www.ichemistry.cn/chemistry/55643-30-6.htm
2025-09-01 19:39:55 | 404 | http://www.ichemistry.cn/chemistry/54824-17-7.htm
2025-09-01 19:39:57 | 404 | http://www.ichemistry.cn/chemistry/1217449-45-0.htm
2025-09-01 19:40:00 | 404 | http://www.ichemistry.cn/chemistry/556-10-5.htm
2025-09-01 19:40:01 | 404 | http://www.ichemistry.cn/chemistry/2361659-62-1.htm
2025-09-01 19:40:06 | 404 | http://www.ichemistry.cn/chemistry/134879-44-0.htm
2025-09-01 19:40:07 | 404 | http://www.ichemistry.cn/chemistry/122955-13-9.htm
2025-09-01 19:40:09 | 404 | http://www.ichemistry.cn/chemistry/1357572-66-7.htm
2025-09-01 19:40:11 | 404 | http://www.ichemistry.cn/chemistry/143556-24-5.htm
2025-09-01 19:40:13 | 404 | http://www.ichemistry.cn/chemistry/6153–56-6.htm
2025-09-01 19:40:15 | 404 | http://www.ichemistry.cn/chemistry/1199616-66-4.htm
2025-09-01 19:40:20 | 404 | http://www.ichemistry.cn/chemistry/22313-62-8.htm
2025-09-01 19:40:22 | 404 | http://www.ichemistry.cn/chemistry/12206-22-9.htm
2025-09-01 19:40:30 | 404 | http://www.ichemistry.cn/chemistry/12111-19-2.htm
2025-09-01 19:40:32 | 404 | http://www.ichemistry.cn/chemistry/69444-48-0.htm
2025-09-01 19:40:34 | 404 | http://www.ichemistry.cn/chemistry/441054-54-2.htm
2025-09-01 19:40:36 | 404 | http://www.ichemistry.cn/chemistry/870718-97-1.htm
2025-09-01 19:40:42 | 404 | http://www.ichemistry.cn/chemistry/845959-50-4.htm
2025-09-01 19:40:47 | 404 | http://www.ichemistry.cn/chemistry/892711-75-0.htm
2025-09-01 19:40:49 | 404 | http://www.ichemistry.cn/chemistry/2260543-73-3.htm
2025-09-01 19:40:53 | 404 | http://www.ichemistry.cn/chemistry/2747959-96-0.htm
2025-09-01 19:40:58 | 404 | http://www.ichemistry.cn/chemistry/183681-65-4.htm
2025-09-01 19:40:59 | 404 | http://www.ichemistry.cn/chemistry/12390-04-2.htm
2025-09-01 19:41:03 | 404 | http://www.ichemistry.cn/chemistry/3012-71-3.htm
2025-09-01 19:41:07 | 404 | http://www.ichemistry.cn/chemistry/1220714-37-3.htm
2025-09-01 19:41:08 | 404 | http://www.ichemistry.cn/chemistry/58464-47-4.htm
2025-09-01 19:41:09 | 404 | http://www.ichemistry.cn/chemistry/3691-78-9.htm
2025-09-01 19:41:10 | 404 | http://www.ichemistry.cn/chemistry/96319-55-0.htm
2025-09-01 19:41:14 | 404 | http://www.ichemistry.cn/chemistry/5970-45-5.htm
2025-09-01 19:41:15 | 404 | http://www.ichemistry.cn/chemistry/25013-16-8.htm
2025-09-01 19:41:16 | 404 | http://www.ichemistry.cn/chemistry/16651-27-7.htm
2025-09-01 19:41:16 | 404 | http://www.ichemistry.cn/chemistry/1260228-95-2.htm
2025-09-01 19:41:26 | 404 | http://www.ichemistry.cn/chemistry/1977493-48-3.htm
2025-09-01 19:41:29 | 404 | http://www.ichemistry.cn/chemistry/1599466-85-9.htm
2025-09-01 19:41:33 | 404 | http://www.ichemistry.cn/chemistry/1026680-07-8.htm
2025-09-01 19:41:35 | 404 | http://www.ichemistry.cn/chemistry/1317-93-7.htm
2025-09-01 19:41:37 | 404 | http://www.ichemistry.cn/chemistry/67066-09-5.htm
2025-09-01 19:41:40 | 404 | http://www.ichemistry.cn/chemistry/135507-00-5.htm
2025-09-01 19:41:52 | 404 | http://www.ichemistry.cn/chemistry/55830-09-6.htm
2025-09-01 19:41:55 | 404 | http://www.ichemistry.cn/chemistry/88590-00-5.htm
2025-09-01 19:42:01 | 404 | http://www.ichemistry.cn/chemistry/1442458-61-8.htm
2025-09-01 19:42:01 | 404 | http://www.ichemistry.cn/chemistry/14635-75-7NOBF4.htm
2025-09-01 19:42:14 | 404 | http://www.ichemistry.cn/chemistry/1236188-16-1.htm
2025-09-01 19:42:16 | 404 | http://www.ichemistry.cn/chemistry/109215-55-6.htm
2025-09-01 19:42:22 | 404 | http://www.ichemistry.cn/chemistry/155559-81-2.htm
2025-09-01 19:42:28 | 404 | http://www.ichemistry.cn/chemistry/5155-67-9.htm
2025-09-01 19:42:33 | 404 | http://www.ichemistry.cn/chemistry/1305711-40-3.htm
2025-09-01 19:42:35 | 404 | http://www.ichemistry.cn/chemistry/1347750-85-9.htm
2025-09-01 19:42:39 | 404 | http://www.ichemistry.cn/chemistry/471907-87-6.htm
2025-09-01 19:42:41 | 404 | http://www.ichemistry.cn/chemistry/335161-03-0.htm
2025-09-01 19:42:46 | 404 | http://www.ichemistry.cn/chemistry/1849616-42-7.htm
2025-09-01 19:42:51 | 404 | http://www.ichemistry.cn/chemistry/76115-06-5.htm
2025-09-01 19:42:54 | 404 | http://www.ichemistry.cn/chemistry/8050-7-5.htm
2025-09-01 19:43:07 | 404 | http://www.ichemistry.cn/chemistry/9688-25-7.htm
2025-09-01 19:43:12 | 404 | http://www.ichemistry.cn/chemistry/3133-16-2.htm
2025-09-01 19:43:17 | 404 | http://www.ichemistry.cn/chemistry/474966-97-7.htm
2025-09-01 19:43:21 | 404 | http://www.ichemistry.cn/chemistry/144940-93-2.htm
2025-09-01 19:43:22 | 404 | http://www.ichemistry.cn/chemistry/16647-78-5.htm
2025-09-01 19:43:23 | 404 | http://www.ichemistry.cn/chemistry/384347-05-1.htm
2025-09-01 19:43:23 | 404 | http://www.ichemistry.cn/chemistry/60676-86-0+1336-21-6.htm
2025-09-01 19:43:25 | 404 | http://www.ichemistry.cn/chemistry/15457-98-4.htm
2025-09-01 19:43:26 | 404 | http://www.ichemistry.cn/chemistry/1435-54-7.htm
2025-09-01 19:43:28 | 404 | http://www.ichemistry.cn/chemistry/20-72-9.htm
2025-09-01 19:43:29 | 404 | http://www.ichemistry.cn/chemistry/126213-50-0.htm
2025-09-01 19:43:31 | 404 | http://www.ichemistry.cn/chemistry/1017794-47-6.htm
2025-09-01 19:43:34 | 404 | http://www.ichemistry.cn/chemistry/1246308-85-9.htm
2025-09-01 19:43:51 | 404 | http://www.ichemistry.cn/chemistry/1488-99-9.htm
2025-09-01 19:43:54 | 404 | http://www.ichemistry.cn/chemistry/267221-88-5.htm
2025-09-01 19:43:55 | 404 | http://www.ichemistry.cn/chemistry/606129-90-2.htm
2025-09-01 19:43:56 | 404 | http://www.ichemistry.cn/chemistry/15567-09-6.htm
2025-09-01 19:43:59 | 404 | http://www.ichemistry.cn/chemistry/25659-29-4.htm
2025-09-01 19:44:05 | 404 | http://www.ichemistry.cn/chemistry/1415238-25-3.htm
2025-09-01 19:44:12 | 404 | http://www.ichemistry.cn/chemistry/1447709-01-4.htm
2025-09-01 19:44:14 | 404 | http://www.ichemistry.cn/chemistry/28302-50-3.htm
2025-09-01 19:44:17 | 404 | http://www.ichemistry.cn/chemistry/251099-16-8.htm
2025-09-01 19:44:31 | 404 | http://www.ichemistry.cn/chemistry/1351279-73-6.htm
2025-09-01 19:44:36 | 404 | http://www.ichemistry.cn/chemistry/722494-26-0.htm
2025-09-01 19:44:38 | 404 | http://www.ichemistry.cn/chemistry/38094-35-8.htm
2025-09-01 19:44:40 | 404 | http://www.ichemistry.cn/chemistry/4979-72-0.htm
2025-09-01 19:44:44 | 404 | http://www.ichemistry.cn/chemistry/54-04--6.htm
2025-09-01 19:44:45 | 404 | http://www.ichemistry.cn/chemistry/7789-0208.htm
2025-09-01 19:44:47 | 404 | http://www.ichemistry.cn/chemistry/7732-14-0.htm
2025-09-01 19:44:48 | 404 | http://www.ichemistry.cn/chemistry/228415-62-1.htm
2025-09-01 19:44:50 | 404 | http://www.ichemistry.cn/chemistry/1024594-86-2.htm
2025-09-01 19:45:01 | 404 | http://www.ichemistry.cn/chemistry/1623-69-8.htm
2025-09-01 19:45:02 | 404 | http://www.ichemistry.cn/chemistry/168547-43-1.htm
2025-09-01 19:45:04 | 404 | http://www.ichemistry.cn/chemistry/54824-17-7.htm
2025-09-01 19:45:05 | 404 | http://www.ichemistry.cn/chemistry/96319-55-0.htm
2025-09-01 19:45:06 | 404 | http://www.ichemistry.cn/chemistry/46742-95-6.htm
2025-09-01 19:45:13 | 404 | http://www.ichemistry.cn/chemistry/1065505-47-6.htm
2025-09-01 19:45:15 | 404 | http://www.ichemistry.cn/chemistry/106131-61-7.htm
2025-09-01 19:45:15 | 404 | http://www.ichemistry.cn/chemistry/7758-88-5?.htm
2025-09-01 19:45:18 | 404 | http://www.ichemistry.cn/chemistry/85073-19-4.htm
2025-09-01 19:45:20 | 404 | http://www.ichemistry.cn/chemistry/845959-50-4.htm
2025-09-01 19:45:21 | 404 | http://www.ichemistry.cn/chemistry/55643-30-6.htm
2025-09-01 19:45:22 | 404 | http://www.ichemistry.cn/chemistry/60676-86-0+1336-21-6.htm
2025-09-01 19:45:24 | 404 | http://www.ichemistry.cn/chemistry/68476-77-7.htm
2025-09-01 19:45:27 | 404 | http://www.ichemistry.cn/chemistry/14635-75-7NOBF4.htm
2025-09-01 19:45:36 | 404 | http://www.ichemistry.cn/chemistry/5988-11-8.htm
2025-09-01 19:45:38 | 404 | http://www.ichemistry.cn/chemistry/51753-57-6.htm
2025-09-01 19:45:40 | 404 | http://www.ichemistry.cn/chemistry/474966-97-7.htm
2025-09-01 19:45:42 | 404 | http://www.ichemistry.cn/chemistry/23321-74-6.htm
2025-09-01 19:45:47 | 404 | http://www.ichemistry.cn/chemistry/51688-75-6.htm
2025-09-01 19:45:49 | 404 | http://www.ichemistry.cn/chemistry/160743-62-4.htm
2025-09-01 19:45:51 | 404 | http://www.ichemistry.cn/chemistry/1220714-37-3.htm
2025-09-01 19:45:53 | 404 | http://www.ichemistry.cn/chemistry/2747959-96-0.htm
2025-09-01 19:45:58 | 404 | http://www.ichemistry.cn/chemistry/19533-24-5.htm
2025-09-01 19:46:10 | 404 | http://www.ichemistry.cn/chemistry/17199-58-5.htm
2025-09-01 19:46:12 | 404 | http://www.ichemistry.cn/chemistry/2167189-50-4.htm
2025-09-01 19:46:13 | 404 | http://www.ichemistry.cn/chemistry/61-74-9.htm
2025-09-01 19:46:14 | 404 | http://www.ichemistry.cn/chemistry/1239602-35-7.htm
2025-09-01 19:46:18 | 404 | http://www.ichemistry.cn/chemistry/122-87-6.htm
2025-09-01 19:46:20 | 404 | http://www.ichemistry.cn/chemistry/94469-32-6.htm
2025-09-01 19:46:22 | 404 | http://www.ichemistry.cn/chemistry/125-62-6.htm
2025-09-01 19:46:24 | 404 | http://www.ichemistry.cn/chemistry/45298-90-6.htm
2025-09-01 19:46:41 | 404 | http://www.ichemistry.cn/chemistry/1257220-47-5.htm
2025-09-01 19:46:45 | 404 | http://www.ichemistry.cn/chemistry/174063-87-7.htm
2025-09-01 19:46:46 | 404 | http://www.ichemistry.cn/chemistry/934593-90-5.htm
2025-09-01 19:46:48 | 404 | http://www.ichemistry.cn/chemistry/20-72-9.htm
2025-09-01 19:46:55 | 404 | http://www.ichemistry.cn/chemistry/1435-54-7.htm
2025-09-01 19:47:01 | 404 | http://www.ichemistry.cn/chemistry/20999-38-6.htm
2025-09-01 19:47:02 | 404 | http://www.ichemistry.cn/chemistry/32752-52-6.htm
2025-09-01 19:47:04 | 404 | http://www.ichemistry.cn/chemistry/1625-85-4.htm
2025-09-01 19:47:06 | 404 | http://www.ichemistry.cn/chemistry/13104-40-3.htm
2025-09-01 19:47:08 | 404 | http://www.ichemistry.cn/chemistry/28543-07-9.htm
2025-09-01 19:47:10 | 404 | http://www.ichemistry.cn/chemistry/112060-59-2.htm
2025-09-01 19:47:28 | 404 | http://www.ichemistry.cn/chemistry/2642-31-9.htm
2025-09-01 19:47:33 | 404 | http://www.ichemistry.cn/chemistry/17805-19-5.htm
2025-09-01 19:47:33 | 404 | http://www.ichemistry.cn/chemistry/20786-60-1+1310-58-3(H2O).htm
2025-09-01 19:47:33 | 404 | http://www.ichemistry.cn/chemistry/1976-9-5.htm
2025-09-01 19:47:37 | 404 | http://www.ichemistry.cn/chemistry/177315-87-6.htm
2025-09-01 19:47:42 | 404 | http://www.ichemistry.cn/chemistry/335161-03-0.htm
2025-09-01 19:47:46 | 404 | http://www.ichemistry.cn/chemistry/556-10-5.htm
2025-09-01 19:47:49 | 404 | http://www.ichemistry.cn/chemistry/956790-67-3.htm
2025-09-01 19:47:51 | 404 | http://www.ichemistry.cn/chemistry/16651-27-7.htm
2025-09-01 19:47:55 | 404 | http://www.ichemistry.cn/chemistry/135507-00-5.htm
2025-09-01 19:47:58 | 404 | http://www.ichemistry.cn/chemistry/1977493-48-3.htm
2025-09-01 19:48:06 | 404 | http://www.ichemistry.cn/chemistry/1312703-28-8.htm
2025-09-01 19:48:19 | 404 | http://www.ichemistry.cn/chemistry/9903-11-6.htm
2025-09-01 19:48:21 | 404 | http://www.ichemistry.cn/chemistry/12206-22-9.htm
2025-09-01 19:48:24 | 404 | http://www.ichemistry.cn/chemistry/18992-85-3.htm
2025-09-01 19:48:25 | 404 | http://www.ichemistry.cn/chemistry/222-222.htm
2025-09-01 19:48:29 | 404 | http://www.ichemistry.cn/chemistry/12067-06-4.htm
2025-09-01 19:48:41 | 404 | http://www.ichemistry.cn/chemistry/1445723-73-8.htm
2025-09-01 19:48:47 | 404 | http://www.ichemistry.cn/chemistry/56545-22-3.htm
2025-09-01 19:48:53 | 404 | http://www.ichemistry.cn/chemistry/151059-43-7.htm
2025-09-01 19:48:55 | 404 | http://www.ichemistry.cn/chemistry/1255309-13-7.htm
2025-09-01 19:48:59 | 404 | http://www.ichemistry.cn/chemistry/12066-69-8.htm
2025-09-01 19:49:01 | 404 | http://www.ichemistry.cn/chemistry/957207-58-8.htm
2025-09-01 19:49:04 | 404 | http://www.ichemistry.cn/chemistry/1312-82-9.htm
2025-09-01 19:49:06 | 404 | http://www.ichemistry.cn/chemistry/34311-90-5.htm
2025-09-01 19:49:11 | 404 | http://www.ichemistry.cn/chemistry/2479-62-1.htm
2025-09-01 19:49:13 | 404 | http://www.ichemistry.cn/chemistry/6940-29-1.htm
2025-09-01 19:49:19 | 404 | http://www.ichemistry.cn/chemistry/384347-05-1.htm
2025-09-01 19:49:39 | 404 | http://www.ichemistry.cn/chemistry/701232-20-4.htm
2025-09-01 19:49:41 | 404 | http://www.ichemistry.cn/chemistry/10377-51-9.htm
2025-09-01 19:49:47 | 404 | http://www.ichemistry.cn/chemistry/143556-24-5.htm
2025-09-01 19:49:53 | 404 | http://www.ichemistry.cn/chemistry/1184559-12-3.htm
2025-09-01 19:50:05 | 404 | http://www.ichemistry.cn/chemistry/1045795-70-7.htm
2025-09-01 19:50:11 | 404 | http://www.ichemistry.cn/chemistry/119301-59-6.htm
2025-09-01 19:50:17 | 404 | http://www.ichemistry.cn/chemistry/1414662-67-1.htm
2025-09-01 19:50:19 | 404 | http://www.ichemistry.cn/chemistry/824426-32-6.htm
2025-09-01 19:50:22 | 404 | http://www.ichemistry.cn/chemistry/67066-09-5.htm
2025-09-01 19:50:28 | 404 | http://www.ichemistry.cn/chemistry/558484-21-2.htm
2025-09-01 19:50:32 | 404 | http://www.ichemistry.cn/chemistry/102522-32-7.htm
2025-09-01 19:50:34 | 404 | http://www.ichemistry.cn/chemistry/17243-57-1.htm
2025-09-01 19:50:36 | 404 | http://www.ichemistry.cn/chemistry/5155-30-0.htm
2025-09-01 19:50:55 | 404 | http://www.ichemistry.cn/chemistry/7392-50-9.htm
2025-09-01 19:51:17 | 404 | http://www.ichemistry.cn/chemistry/1442458-61-8.htm
2025-09-01 19:51:23 | 404 | http://www.ichemistry.cn/chemistry/591-00-4.htm
2025-09-01 19:51:25 | 404 | http://www.ichemistry.cn/chemistry/485807-08-7.htm
2025-09-01 19:51:28 | 404 | http://www.ichemistry.cn/chemistry/1236188-16-1.htm
2025-09-01 19:51:30 | 404 | http://www.ichemistry.cn/chemistry/42448-04-4.htm
2025-09-01 19:52:04 | 404 | http://www.ichemistry.cn/chemistry/1646906-26-4.htm
2025-09-01 19:52:10 | 404 | http://www.ichemistry.cn/chemistry/76115-06-5.htm
2025-09-01 19:52:12 | 404 | http://www.ichemistry.cn/chemistry/1352810-35-5.htm
2025-09-01 19:52:16 | 404 | http://www.ichemistry.cn/chemistry/1001753-24-7.htm
2025-09-01 19:52:23 | 404 | http://www.ichemistry.cn/chemistry/101003-80-9.htm
2025-09-01 19:52:25 | 404 | http://www.ichemistry.cn/chemistry/68109-03-5.htm
2025-09-01 19:52:32 | 404 | http://www.ichemistry.cn/chemistry/22139-65-7.htm
2025-09-01 19:52:36 | 404 | http://www.ichemistry.cn/chemistry/37083-40-2.htm
2025-09-01 19:52:38 | 404 | http://www.ichemistry.cn/chemistry/21064-34-6.htm
2025-09-01 19:52:42 | 404 | http://www.ichemistry.cn/chemistry/21723-86-4.htm
2025-09-01 19:52:44 | 404 | http://www.ichemistry.cn/chemistry/892711-75-0.htm
2025-09-01 19:52:47 | 404 | http://www.ichemistry.cn/chemistry/36418-34-5.htm
2025-09-01 19:52:49 | 404 | http://www.ichemistry.cn/chemistry/889672-99-5.htm
2025-09-01 19:52:59 | 404 | http://www.ichemistry.cn/chemistry/23449-08-3.htm
2025-09-01 19:53:05 | 404 | http://www.ichemistry.cn/chemistry/10025-72-7.htm
2025-09-01 19:53:10 | 404 | http://www.ichemistry.cn/chemistry/102638-45-9.htm
2025-09-01 19:53:14 | 404 | http://www.ichemistry.cn/chemistry/28342-75-8.htm
2025-09-01 19:53:15 | 404 | http://www.ichemistry.cn/chemistry/217094-32-1.htm
2025-09-01 19:53:17 | 404 | http://www.ichemistry.cn/chemistry/7789-32-0.htm
2025-09-01 19:53:23 | 404 | http://www.ichemistry.cn/chemistry/3133-16-2.htm
2025-09-01 19:53:24 | 404 | http://www.ichemistry.cn/chemistry/86867-01-8.htm
2025-09-01 19:53:25 | 404 | http://www.ichemistry.cn/chemistry/1698-16-4.htm
2025-09-01 19:53:27 | 404 | http://www.ichemistry.cn/chemistry/69444-48-0.htm
2025-09-01 19:53:29 | 404 | http://www.ichemistry.cn/chemistry/4421-50-5.htm
2025-09-01 19:53:30 | 404 | http://www.ichemistry.cn/chemistry/1026680-07-8.htm
2025-09-01 19:53:31 | 404 | http://www.ichemistry.cn/chemistry/66449-09-0.htm
2025-09-01 19:53:33 | 404 | http://www.ichemistry.cn/chemistry/1477512-32-5.htm
2025-09-01 19:53:37 | 404 | http://www.ichemistry.cn/chemistry/1221182-02-0.htm
2025-09-01 19:53:39 | 404 | http://www.ichemistry.cn/chemistry/15243-48-8.htm
2025-09-01 19:53:39 | 404 | http://www.ichemistry.cn/chemistry/629-9-97-0.htm
2025-09-01 19:53:39 | 404 | http://www.ichemistry.cn/chemistry/9007-34-5-1.htm
2025-09-01 19:53:40 | 404 | http://www.ichemistry.cn/chemistry/57485-31-1.htm
2025-09-01 19:53:40 | 404 | http://www.ichemistry.cn/chemistry/144692-85-3.htm
2025-09-01 19:53:41 | 404 | http://www.ichemistry.cn/chemistry/1204389-23-0.htm
2025-09-01 19:53:41 | 404 | http://www.ichemistry.cn/chemistry/10025-91-9?.htm
2025-09-01 19:53:42 | 404 | http://www.ichemistry.cn/chemistry/71515-74-7.htm
2025-09-01 19:53:43 | 404 | http://www.ichemistry.cn/chemistry/87-56-8.htm
2025-09-01 19:53:45 | 404 | http://www.ichemistry.cn/chemistry/122955-13-9.htm
2025-09-01 19:53:46 | 404 | http://www.ichemistry.cn/chemistry/171820-04-5.htm
2025-09-01 19:53:48 | 404 | http://www.ichemistry.cn/chemistry/2552-52-3.htm
2025-09-01 19:53:50 | 404 | http://www.ichemistry.cn/chemistry/1017794-47-6.htm
2025-09-01 19:53:51 | 404 | http://www.ichemistry.cn/chemistry/20347-71-1.htm
2025-09-01 19:53:54 | 404 | http://www.ichemistry.cn/chemistry/31519-52-5.htm
2025-09-01 19:54:00 | 404 | http://www.ichemistry.cn/chemistry/800394-58-5.htm
2025-09-01 19:54:06 | 404 | http://www.ichemistry.cn/chemistry/100669-96-3.htm
2025-09-01 19:54:15 | 404 | http://www.ichemistry.cn/chemistry/2640657-49-2.htm
2025-09-01 19:54:16 | 404 | http://www.ichemistry.cn/chemistry/1255308-97-4.htm
2025-09-01 19:54:23 | 404 | http://www.ichemistry.cn/chemistry/5970-45-5.htm
2025-09-01 19:54:25 | 404 | http://www.ichemistry.cn/chemistry/5155-67-9.htm
2025-09-01 19:54:32 | 404 | http://www.ichemistry.cn/chemistry/1073371-93-3.htm
2025-09-01 19:54:36 | 404 | http://www.ichemistry.cn/chemistry/1305711-40-3.htm
2025-09-01 19:54:38 | 404 | http://www.ichemistry.cn/chemistry/1849616-42-7.htm
2025-09-01 19:54:41 | 404 | http://www.ichemistry.cn/chemistry/109215-55-6.htm
2025-09-01 19:54:42 | 404 | http://www.ichemistry.cn/chemistry/446255-22-7.htm
2025-09-01 19:54:44 | 404 | http://www.ichemistry.cn/chemistry/1211877-36-9.htm
2025-09-01 19:54:44 | 404 | http://www.ichemistry.cn/chemistry/13818-04-2.htm
2025-09-01 19:54:45 | 404 | http://www.ichemistry.cn/chemistry/55830-09-6.htm
2025-09-01 19:54:47 | 404 | http://www.ichemistry.cn/chemistry/57103-01-2.htm
2025-09-01 19:54:50 | 404 | http://www.ichemistry.cn/chemistry/1393343-58-2.htm
2025-09-01 19:54:52 | 404 | http://www.ichemistry.cn/chemistry/466-40-0.htm
2025-09-01 19:54:54 | 404 | http://www.ichemistry.cn/chemistry/1199616-66-4.htm
2025-09-01 19:54:54 | 404 | http://www.ichemistry.cn/chemistry/21329-70-4.htm
2025-09-01 19:54:56 | 404 | http://www.ichemistry.cn/chemistry/1240557-01-0.htm
2025-09-01 19:55:00 | 404 | http://www.ichemistry.cn/chemistry/23667-06-3.htm
2025-09-01 19:55:01 | 404 | http://www.ichemistry.cn/chemistry/15708-55-1.htm
2025-09-01 19:55:02 | 404 | http://www.ichemistry.cn/chemistry/60298-18-2.htm
2025-09-01 19:55:03 | 404 | http://www.ichemistry.cn/chemistry/1821464-55-4.htm
2025-09-01 19:55:05 | 404 | http://www.ichemistry.cn/chemistry/2648079-79-0.htm
2025-09-01 19:55:07 | 404 | http://www.ichemistry.cn/chemistry/2377770-18-6.htm
2025-09-01 19:55:12 | 404 | http://www.ichemistry.cn/chemistry/1313712-90-1.htm
2025-09-01 19:55:14 | 404 | http://www.ichemistry.cn/chemistry/125-35-3.htm
2025-09-01 19:55:16 | 404 | http://www.ichemistry.cn/chemistry/41584-11-6.htm
2025-09-01 19:55:21 | 404 | http://www.ichemistry.cn/chemistry/234081-94-8.htm
2025-09-01 19:55:25 | 404 | http://www.ichemistry.cn/chemistry/200878-50-8.htm
2025-09-01 19:55:27 | 404 | http://www.ichemistry.cn/chemistry/120375-52-2.htm
2025-09-01 19:55:30 | 404 | http://www.ichemistry.cn/chemistry/158061-40-6.htm
2025-09-01 19:55:32 | 404 | http://www.ichemistry.cn/chemistry/56960-31-7.htm
2025-09-01 19:55:41 | 404 | http://www.ichemistry.cn/chemistry/93924-40-4.htm
2025-09-01 19:55:43 | 404 | http://www.ichemistry.cn/chemistry/345974-11-4.htm
2025-09-01 19:55:45 | 404 | http://www.ichemistry.cn/chemistry/37340-23-1.htm
2025-09-01 19:55:55 | 404 | http://www.ichemistry.cn/chemistry/6002-31-9.htm
2025-09-01 19:55:55 | 404 | http://www.ichemistry.cn/chemistry/8063-14-7;6465-30-1.htm
2025-09-01 19:55:59 | 404 | http://www.ichemistry.cn/chemistry/1160490-11-8.htm
2025-09-01 19:56:00 | 404 | http://www.ichemistry.cn/chemistry/182893-11-4.htm
2025-09-01 19:56:03 | 404 | http://www.ichemistry.cn/chemistry/298-96-4?.htm
2025-09-01 19:56:03 | 404 | http://www.ichemistry.cn/chemistry/14488-45-0.htm
2025-09-01 19:56:04 | 404 | http://www.ichemistry.cn/chemistry/120-88-9.htm
2025-09-01 19:56:09 | 503 | http://www.ichemistry.cn/chemistry/171611-11-3.htm
2025-09-01 19:56:10 | 503 | http://www.ichemistry.cn/chemistry/1333317-99-9.htm
2025-09-01 19:56:11 | 503 | http://www.ichemistry.cn/chemistry/481-37-8.htm
2025-09-01 19:56:13 | 503 | http://www.ichemistry.cn/chemistry/12390-04-2.htm
2025-09-01 19:56:13 | 503 | http://www.ichemistry.cn/chemistry/1224606-06-7.htm
2025-09-01 19:56:14 | 503 | http://www.ichemistry.cn/chemistry/146958-06-7.htm
2025-09-01 19:56:15 | 503 | http://www.ichemistry.cn/chemistry/852620-97-4.htm
2025-09-01 19:56:15 | 503 | http://www.ichemistry.cn/chemistry/1344-28-2.htm
2025-09-01 19:56:16 | 503 | http://www.ichemistry.cn/chemistry/10361-63-1.htm
2025-09-01 19:56:16 | 503 | http://www.ichemistry.cn/chemistry/3652-89-9.htm
2025-09-01 19:56:16 | 404 | http://www.ichemistry.cn/chemistry/67-20-9C8H6N4O5.htm
2025-09-01 19:56:17 | 503 | http://www.ichemistry.cn/chemistry/68650-37-3.htm
2025-09-01 19:56:17 | 503 | http://www.ichemistry.cn/chemistry/887-79-6.htm
2025-09-01 19:56:20 | 503 | http://www.ichemistry.cn/chemistry/676525-77-2.htm
2025-09-01 19:56:21 | 503 | http://www.ichemistry.cn/chemistry/61791-12-6.htm
2025-09-01 19:56:21 | 503 | http://www.ichemistry.cn/chemistry/1024598-06-8.htm
2025-09-01 19:56:22 | 503 | http://www.ichemistry.cn/chemistry/359845-21-9.htm
2025-09-01 19:56:22 | 503 | http://www.ichemistry.cn/chemistry/67329-01-5.htm
2025-09-01 19:56:23 | 503 | http://www.ichemistry.cn/chemistry/12003-41-7.htm
2025-09-01 19:56:24 | 503 | http://www.ichemistry.cn/chemistry/26123-91-1.htm
2025-09-01 19:56:24 | 503 | http://www.ichemistry.cn/chemistry/41621-49-2.htm
2025-09-01 19:56:25 | 503 | http://www.ichemistry.cn/chemistry/8103-07-8.htm
2025-09-01 19:56:29 | 503 | http://www.ichemistry.cn/chemistry/54182-57-9.htm
2025-09-01 19:56:30 | 503 | http://www.ichemistry.cn/chemistry/36536-42-2.htm
2025-09-01 19:56:30 | 503 | http://www.ichemistry.cn/chemistry/105185-95-3.htm
2025-09-01 19:56:31 | 503 | http://www.ichemistry.cn/chemistry/107534-96-3.htm
2025-09-01 19:56:31 | 503 | http://www.ichemistry.cn/chemistry/9002-13-5.htm
2025-09-01 19:56:32 | 503 | http://www.ichemistry.cn/chemistry/8005-02-5.htm
2025-09-01 19:56:32 | 503 | http://www.ichemistry.cn/chemistry/9028-72-2.htm
2025-09-01 19:56:33 | 503 | http://www.ichemistry.cn/chemistry/25233-30-1.htm
2025-09-01 19:56:34 | 503 | http://www.ichemistry.cn/chemistry/6876-37-5.htm
2025-09-01 19:56:34 | 503 | http://www.ichemistry.cn/chemistry/1159826-67-1.htm
2025-09-01 19:56:35 | 503 | http://www.ichemistry.cn/chemistry/776242-98-9.htm
2025-09-01 19:56:36 | 503 | http://www.ichemistry.cn/chemistry/1934269-97-2.htm
2025-09-01 19:56:37 | 503 | http://www.ichemistry.cn/chemistry/103837-45-2.htm
2025-09-01 19:56:38 | 503 | http://www.ichemistry.cn/chemistry/824-38-4.htm
2025-09-01 19:56:38 | 503 | http://www.ichemistry.cn/chemistry/9001-12-1.htm
2025-09-01 19:56:39 | 503 | http://www.ichemistry.cn/chemistry/67460-86-0.htm
2025-09-01 19:56:39 | 503 | http://www.ichemistry.cn/chemistry/12774-36-6.htm
2025-09-01 19:56:40 | 503 | http://www.ichemistry.cn/chemistry/744203-60-9.htm
2025-09-01 19:56:41 | 503 | http://www.ichemistry.cn/chemistry/65836-72-8.htm
2025-09-01 19:56:41 | 503 | http://www.ichemistry.cn/chemistry/94349-60-7.htm
2025-09-01 19:56:45 | 503 | http://www.ichemistry.cn/chemistry/39382-08-6.htm
2025-09-01 19:56:45 | 503 | http://www.ichemistry.cn/chemistry/14025-15-1.htm
2025-09-01 19:56:46 | 404 | http://www.ichemistry.cn/chemistry/6153–56-6.htm
2025-09-01 19:56:46 | 503 | http://www.ichemistry.cn/chemistry/17611-70-0.htm
2025-09-01 19:56:48 | 503 | http://www.ichemistry.cn/chemistry/9001-64-3.htm
2025-09-01 19:56:48 | 503 | http://www.ichemistry.cn/chemistry/61788-47-4.htm
2025-09-01 19:56:48 | 503 | http://www.ichemistry.cn/chemistry/144940-93-2.htm
2025-09-01 19:56:49 | 503 | http://www.ichemistry.cn/chemistry/63394-00-3.htm
2025-09-01 19:56:50 | 503 | http://www.ichemistry.cn/chemistry/4054-67-5.htm
2025-09-01 19:56:50 | 503 | http://www.ichemistry.cn/chemistry/147045-24-7.htm
2025-09-01 19:56:51 | 503 | http://www.ichemistry.cn/chemistry/60532-63-0.htm
2025-09-01 20:01:06 | 503 | http://www.ichemistry.cn/chemistry/15457-98-4.htm
2025-09-01 20:01:07 | 503 | http://www.ichemistry.cn/chemistry/61791-12-6.htm
2025-09-01 20:01:08 | 503 | http://www.ichemistry.cn/chemistry/68971-03-9.htm
2025-09-01 20:05:52 | 503 | http://www.ichemistry.cn/chemistry/68650-37-3.htm
2025-09-01 20:05:52 | 503 | http://www.ichemistry.cn/chemistry/109215-55-6.htm
2025-09-01 20:05:53 | 503 | http://www.ichemistry.cn/chemistry/15708-55-1.htm
2025-09-01 20:05:53 | 404 | http://www.ichemistry.cn/chemistry/105827-78-9(H2O).htm
2025-09-01 20:05:53 | 503 | http://www.ichemistry.cn/chemistry/96319-55-0.htm
2025-09-01 20:12:29 | 503 | http://www.ichemistry.cn/chemistry/9007-49-2.htm
2025-09-01 20:12:29 | 503 | http://www.ichemistry.cn/chemistry/1351279-73-6.htm
2025-09-01 20:20:27 | 503 | http://www.ichemistry.cn/chemistry/37203-43-3.htm
2025-09-01 20:20:28 | 503 | http://www.ichemistry.cn/chemistry/338391-61-0.htm
2025-09-01 20:20:29 | 503 | http://www.ichemistry.cn/chemistry/39382-08-6.htm
2025-09-01 20:38:29 | 404 | http://www.ichemistry.cn/chemistry/174063-87-7.htm
2025-09-01 20:38:31 | 404 | http://www.ichemistry.cn/chemistry/28302-50-3.htm
2025-09-01 20:38:32 | 404 | http://www.ichemistry.cn/chemistry/1675201-83-8.htm
2025-09-01 20:38:34 | 404 | http://www.ichemistry.cn/chemistry/1625-85-4.htm
2025-09-01 20:38:38 | 404 | http://www.ichemistry.cn/chemistry/85073-19-4.htm
2025-09-01 20:38:42 | 404 | http://www.ichemistry.cn/chemistry/10028-18-8.htm
2025-09-01 20:38:45 | 404 | http://www.ichemistry.cn/chemistry/37083-40-2.htm
2025-09-01 20:38:50 | 404 | http://www.ichemistry.cn/chemistry/23321-74-6.htm
2025-09-01 20:38:54 | 404 | http://www.ichemistry.cn/chemistry/46742-95-6.htm
2025-09-01 20:38:59 | 404 | http://www.ichemistry.cn/chemistry/21658-70-8.htm
2025-09-01 20:39:00 | 404 | http://www.ichemistry.cn/chemistry/606-68-8 (anhydrous).htm
2025-09-01 20:39:02 | 404 | http://www.ichemistry.cn/chemistry/58452-28-1.htm
2025-09-01 20:39:04 | 404 | http://www.ichemistry.cn/chemistry/2260543-73-3.htm
2025-09-01 20:39:06 | 404 | http://www.ichemistry.cn/chemistry/100669-96-3.htm
2025-09-01 20:39:12 | 404 | http://www.ichemistry.cn/chemistry/2361659-62-1.htm
2025-09-01 20:39:15 | 404 | http://www.ichemistry.cn/chemistry/155559-81-2.htm
2025-09-01 20:39:16 | 404 | http://www.ichemistry.cn/chemistry/14846-47-0.htm
2025-09-01 20:39:17 | 404 | http://www.ichemistry.cn/chemistry/32823-06-67.htm
2025-09-01 20:39:19 | 404 | http://www.ichemistry.cn/chemistry/441054-54-2.htm
2025-09-01 20:39:24 | 404 | http://www.ichemistry.cn/chemistry/135507-00-5.htm
2025-09-01 20:39:28 | 404 | http://www.ichemistry.cn/chemistry/937-40-4.htm
2025-09-01 20:39:30 | 404 | http://www.ichemistry.cn/chemistry/203395-29-3.htm
2025-09-01 20:39:32 | 404 | http://www.ichemistry.cn/chemistry/12067-06-4.htm
2025-09-01 20:39:37 | 404 | http://www.ichemistry.cn/chemistry/1313712-90-1.htm
2025-09-01 20:39:38 | 404 | http://www.ichemistry.cn/chemistry/2168540-65-4.htm
2025-09-01 20:39:43 | 404 | http://www.ichemistry.cn/chemistry/1255308-97-4.htm
2025-09-01 20:39:44 | 404 | http://www.ichemistry.cn/chemistry/1698-16-4.htm
2025-09-01 20:39:44 | 404 | http://www.ichemistry.cn/chemistry/67-20-9C8H6N4O5.htm
2025-09-01 20:39:46 | 404 | http://www.ichemistry.cn/chemistry/79917-89-8.htm
2025-09-01 20:39:54 | 404 | http://www.ichemistry.cn/chemistry/147045-24-7.htm
2025-09-01 20:39:56 | 404 | http://www.ichemistry.cn/chemistry/147852-84-4.htm
2025-09-01 20:39:59 | 404 | http://www.ichemistry.cn/chemistry/101003-80-9.htm
2025-09-01 20:40:00 | 404 | http://www.ichemistry.cn/chemistry/1846598-27-3.htm
2025-09-01 20:40:01 | 404 | http://www.ichemistry.cn/chemistry/45298-90-6.htm
2025-09-01 20:40:06 | 404 | http://www.ichemistry.cn/chemistry/4265-58-1.htm
2025-09-01 20:40:11 | 404 | http://www.ichemistry.cn/chemistry/144692-85-3.htm
2025-09-01 20:40:12 | 404 | http://www.ichemistry.cn/chemistry/205494-72-0.htm
2025-09-01 20:40:13 | 404 | http://www.ichemistry.cn/chemistry/15567-09-6.htm
2025-09-01 20:40:14 | 404 | http://www.ichemistry.cn/chemistry/56545-22-3.htm
2025-09-01 20:40:17 | 404 | http://www.ichemistry.cn/chemistry/122-87-6.htm
2025-09-01 20:40:18 | 404 | http://www.ichemistry.cn/chemistry/7758-88-5?.htm
2025-09-01 20:40:24 | 404 | http://www.ichemistry.cn/chemistry/1347750-85-9.htm
2025-09-01 20:40:26 | 404 | http://www.ichemistry.cn/chemistry/94469-32-6.htm
2025-09-01 20:40:27 | 404 | http://www.ichemistry.cn/chemistry/60298-18-2.htm
2025-09-01 20:40:29 | 404 | http://www.ichemistry.cn/chemistry/350024-36-1.htm
2025-09-01 20:40:39 | 404 | http://www.ichemistry.cn/chemistry/1333317-99-9.htm
2025-09-01 20:40:41 | 404 | http://www.ichemistry.cn/chemistry/105974-64-9.htm
2025-09-01 20:40:43 | 404 | http://www.ichemistry.cn/chemistry/121--54-0.htm
2025-09-01 20:40:45 | 404 | http://www.ichemistry.cn/chemistry/1159826-67-1.htm
2025-09-01 20:40:49 | 404 | http://www.ichemistry.cn/chemistry/345630-40-2.htm
2025-09-01 20:41:02 | 404 | http://www.ichemistry.cn/chemistry/267221-88-5.htm
2025-09-01 20:41:07 | 404 | http://www.ichemistry.cn/chemistry/1048913-62-7.htm
2025-09-01 20:41:08 | 404 | http://www.ichemistry.cn/chemistry/20594-83-6.htm
2025-09-01 20:41:08 | 404 | http://www.ichemistry.cn/chemistry/914770-45-9.htm
2025-09-01 20:41:09 | 404 | http://www.ichemistry.cn/chemistry/474966-97-7.htm
2025-09-01 20:41:11 | 404 | http://www.ichemistry.cn/chemistry/107599-30-4.htm
2025-09-01 20:41:16 | 404 | http://www.ichemistry.cn/chemistry/119301-59-6.htm
2025-09-01 20:41:17 | 404 | http://www.ichemistry.cn/chemistry/2377770-18-6.htm
2025-09-01 20:41:18 | 404 | http://www.ichemistry.cn/chemistry/534-30-5.htm
2025-09-01 20:41:19 | 404 | http://www.ichemistry.cn/chemistry/68971-03-9.htm
2025-09-01 20:41:20 | 404 | http://www.ichemistry.cn/chemistry/3734-52-9.htm
2025-09-01 20:41:21 | 404 | http://www.ichemistry.cn/chemistry/20-72-9.htm
2025-09-01 20:41:21 | 404 | http://www.ichemistry.cn/chemistry/1081-34-1?.htm
2025-09-01 20:41:22 | 404 | http://www.ichemistry.cn/chemistry/93924-40-4.htm
2025-09-01 20:41:24 | 404 | http://www.ichemistry.cn/chemistry/126213-50-0.htm
2025-09-01 20:41:25 | 404 | http://www.ichemistry.cn/chemistry/1255309-13-7.htm
2025-09-01 20:41:32 | 404 | http://www.ichemistry.cn/chemistry/3028-17-5.htm
2025-09-01 20:41:33 | 404 | http://www.ichemistry.cn/chemistry/67066-09-5.htm
2025-09-01 20:41:34 | 404 | http://www.ichemistry.cn/chemistry/4421-50-5.htm
2025-09-01 20:41:36 | 404 | http://www.ichemistry.cn/chemistry/314054-00-7.htm
2025-09-01 20:41:37 | 404 | http://www.ichemistry.cn/chemistry/6940-29-1.htm
2025-09-01 20:41:38 | 404 | http://www.ichemistry.cn/chemistry/30626-03-0.htm
2025-09-01 20:41:40 | 404 | http://www.ichemistry.cn/chemistry/68920-26-3.htm
2025-09-01 20:41:42 | 404 | http://www.ichemistry.cn/chemistry/485807-08-7.htm
2025-09-01 20:41:48 | 404 | http://www.ichemistry.cn/chemistry/1934269-97-2.htm
2025-09-01 20:41:49 | 404 | http://www.ichemistry.cn/chemistry/81517-60-4.htm
2025-09-01 20:41:53 | 404 | http://www.ichemistry.cn/chemistry/1017794-47-6.htm
2025-09-01 20:41:56 | 404 | http://www.ichemistry.cn/chemistry/23420-87-3.htm
2025-09-01 20:41:57 | 404 | http://www.ichemistry.cn/chemistry/1477512-32-5.htm
2025-09-01 20:41:59 | 404 | http://www.ichemistry.cn/chemistry/12018-01-08.htm
2025-09-01 20:42:01 | 404 | http://www.ichemistry.cn/chemistry/749262-24-6.htm
2025-09-01 20:42:03 | 404 | http://www.ichemistry.cn/chemistry/468-07-5.htm
2025-09-01 20:42:04 | 404 | http://www.ichemistry.cn/chemistry/2747959-96-0.htm
2025-09-01 20:42:06 | 404 | http://www.ichemistry.cn/chemistry/251099-16-8.htm
2025-09-01 20:42:10 | 404 | http://www.ichemistry.cn/chemistry/558484-21-2.htm
2025-09-01 20:42:13 | 404 | http://www.ichemistry.cn/chemistry/804560-00-7.htm
2025-09-01 20:42:14 | 404 | http://www.ichemistry.cn/chemistry/18628-07-4.htm
2025-09-01 20:42:15 | 404 | http://www.ichemistry.cn/chemistry/15457-98-4.htm
2025-09-01 20:42:22 | 404 | http://www.ichemistry.cn/chemistry/1352810-35-5.htm
2025-09-01 20:42:24 | 404 | http://www.ichemistry.cn/chemistry/1958113-34-2.htm
2025-09-01 20:42:24 | 404 | http://www.ichemistry.cn/chemistry/20786-60-1+1310-58-3(H2O).htm
2025-09-01 20:42:30 | 404 | http://www.ichemistry.cn/chemistry/5940-53-4.htm
2025-09-01 20:42:31 | 404 | http://www.ichemistry.cn/chemistry/168547-43-1.htm
2025-09-01 20:42:36 | 404 | http://www.ichemistry.cn/chemistry/1221182-02-0.htm
2025-09-01 20:42:38 | 404 | http://www.ichemistry.cn/chemistry/1293389-28-2.htm
2025-09-01 20:42:41 | 404 | http://www.ichemistry.cn/chemistry/1239602-35-7.htm
2025-09-01 20:42:44 | 404 | http://www.ichemistry.cn/chemistry/1317-93-7.htm
2025-09-01 20:42:44 | 404 | http://www.ichemistry.cn/chemistry/3398-9-2.htm
2025-09-01 20:42:49 | 404 | http://www.ichemistry.cn/chemistry/76115-06-5.htm
2025-09-01 20:42:52 | 404 | http://www.ichemistry.cn/chemistry/23667-06-3.htm
2025-09-01 20:42:57 | 404 | http://www.ichemistry.cn/chemistry/135072-82-1.htm
2025-09-01 20:43:02 | 404 | http://www.ichemistry.cn/chemistry/10361-63-1.htm
2025-09-01 20:43:04 | 404 | http://www.ichemistry.cn/chemistry/111296-91-4.htm
2025-09-01 20:43:07 | 404 | http://www.ichemistry.cn/chemistry/2089293-61-6.htm
2025-09-01 20:43:08 | 404 | http://www.ichemistry.cn/chemistry/71195-58-9.htm
2025-09-01 20:43:09 | 404 | http://www.ichemistry.cn/chemistry/22139-65-7.htm
2025-09-01 20:43:10 | 404 | http://www.ichemistry.cn/chemistry/17805-19-5.htm
2025-09-01 20:43:12 | 404 | http://www.ichemistry.cn/chemistry/68109-03-5.htm
2025-09-01 20:43:14 | 404 | http://www.ichemistry.cn/chemistry/55830-09-6.htm
2025-09-01 20:43:16 | 404 | http://www.ichemistry.cn/chemistry/10025-91-9?.htm
2025-09-01 20:43:22 | 404 | http://www.ichemistry.cn/chemistry/102638-45-9.htm
2025-09-01 20:43:23 | 404 | http://www.ichemistry.cn/chemistry/158061-40-6.htm
2025-09-01 20:43:24 | 404 | http://www.ichemistry.cn/chemistry/177315-87-6.htm
2025-09-01 20:43:25 | 404 | http://www.ichemistry.cn/chemistry/1938081-40-3.htm
2025-09-01 20:43:29 | 404 | http://www.ichemistry.cn/chemistry/719-98-2.htm
2025-09-01 20:43:31 | 404 | http://www.ichemistry.cn/chemistry/776242-98-9.htm
2025-09-01 20:43:32 | 404 | http://www.ichemistry.cn/chemistry/335161-03-0.htm
2025-09-01 20:43:34 | 404 | http://www.ichemistry.cn/chemistry/12206-22-9.htm
2025-09-01 20:43:35 | 404 | http://www.ichemistry.cn/chemistry/10377-51-9.htm
2025-09-01 20:43:36 | 404 | http://www.ichemistry.cn/chemistry/120375-52-2.htm
2025-09-01 20:43:40 | 404 | http://www.ichemistry.cn/chemistry/15708-55-1.htm
2025-09-01 20:43:42 | 404 | http://www.ichemistry.cn/chemistry/608527-58-8.htm
2025-09-01 20:43:43 | 404 | http://www.ichemistry.cn/chemistry/105185-95-3.htm
2025-09-01 20:43:45 | 404 | http://www.ichemistry.cn/chemistry/20999-38-6.htm
2025-09-01 20:43:46 | 404 | http://www.ichemistry.cn/chemistry/134879-44-0.htm
2025-09-01 20:43:49 | 404 | http://www.ichemistry.cn/chemistry/7083-55-6.htm
2025-09-01 20:43:49 | 404 | http://www.ichemistry.cn/chemistry/120-88-9.htm
2025-09-01 20:43:57 | 404 | http://www.ichemistry.cn/chemistry/86867-01-8.htm
2025-09-01 20:43:58 | 404 | http://www.ichemistry.cn/chemistry/943962-47-8.htm
2025-09-01 20:43:59 | 404 | http://www.ichemistry.cn/chemistry/5155-67-9.htm
2025-09-01 20:44:01 | 404 | http://www.ichemistry.cn/chemistry/182893-11-4.htm
2025-09-01 20:44:02 | 404 | http://www.ichemistry.cn/chemistry/20324-26-9.htm
2025-09-01 20:44:08 | 404 | http://www.ichemistry.cn/chemistry/125-62-6.htm
2025-09-01 20:44:11 | 404 | http://www.ichemistry.cn/chemistry/1599466-85-9.htm
2025-09-01 20:44:13 | 404 | http://www.ichemistry.cn/chemistry/20347-71-1.htm
2025-09-01 20:44:13 | 404 | http://www.ichemistry.cn/chemistry/6153–56-6.htm
2025-09-01 20:44:14 | 404 | http://www.ichemistry.cn/chemistry/2083617-82-5.htm
2025-09-01 20:44:14 | 404 | http://www.ichemistry.cn/chemistry/8063-14-7;6465-30-1.htm
2025-09-01 20:44:14 | 404 | http://www.ichemistry.cn/chemistry/21064-34-6.htm
2025-09-01 20:44:15 | 404 | http://www.ichemistry.cn/chemistry/1357572-66-7.htm
2025-09-01 20:44:15 | 404 | http://www.ichemistry.cn/chemistry/98327-87-6.htm
2025-09-01 20:44:19 | 404 | http://www.ichemistry.cn/chemistry/4054-67-5.htm
2025-09-01 20:44:20 | 404 | http://www.ichemistry.cn/chemistry/301356-95-6.htm
2025-09-01 20:44:22 | 404 | http://www.ichemistry.cn/chemistry/338391-61-0.htm
2025-09-01 20:44:24 | 404 | http://www.ichemistry.cn/chemistry/1312-82-9.htm
2025-09-01 20:44:27 | 404 | http://www.ichemistry.cn/chemistry/189354-72-1.htm
2025-09-01 20:44:28 | 404 | http://www.ichemistry.cn/chemistry/7732-14-0.htm
2025-09-01 20:44:30 | 404 | http://www.ichemistry.cn/chemistry/228415-62-1.htm
2025-09-01 20:44:31 | 404 | http://www.ichemistry.cn/chemistry/67460-86-0.htm
2025-09-01 20:44:40 | 404 | http://www.ichemistry.cn/chemistry/6962-04-5.htm
2025-09-01 20:44:41 | 404 | http://www.ichemistry.cn/chemistry/21723-86-4.htm
2025-09-01 20:44:48 | 404 | http://www.ichemistry.cn/chemistry/5988-11-8.htm
2025-09-01 20:44:49 | 404 | http://www.ichemistry.cn/chemistry/13104-40-3.htm
2025-09-01 20:44:52 | 404 | http://www.ichemistry.cn/chemistry/6051-43-9.htm
2025-09-01 20:44:53 | 404 | http://www.ichemistry.cn/chemistry/14488-45-0.htm
2025-09-01 20:44:55 | 404 | http://www.ichemistry.cn/chemistry/3012-71-3.htm
2025-09-01 20:44:57 | 404 | http://www.ichemistry.cn/chemistry/2479-62-1.htm
2025-09-01 20:45:09 | 404 | http://www.ichemistry.cn/chemistry/586-20-7.htm
2025-09-01 20:45:11 | 404 | http://www.ichemistry.cn/chemistry/88590-00-5.htm
2025-09-01 20:45:12 | 404 | http://www.ichemistry.cn/chemistry/1442458-61-8.htm
2025-09-01 20:45:13 | 404 | http://www.ichemistry.cn/chemistry/112060-59-2.htm
2025-09-01 20:45:15 | 404 | http://www.ichemistry.cn/chemistry/1271-48-30000.htm
2025-09-01 20:45:18 | 404 | http://www.ichemistry.cn/chemistry/929881-46-9.htm
2025-09-01 20:45:20 | 404 | http://www.ichemistry.cn/chemistry/1246308-85-9.htm
2025-09-01 20:45:20 | 404 | http://www.ichemistry.cn/chemistry/606129-90-2.htm
2025-09-01 20:45:21 | 404 | http://www.ichemistry.cn/chemistry/41584-11-6.htm
2025-09-01 20:45:29 | 404 | http://www.ichemistry.cn/chemistry/942518-29-8.htm
2025-09-01 20:45:30 | 404 | http://www.ichemistry.cn/chemistry/556-10-5.htm
2025-09-01 20:45:30 | 404 | http://www.ichemistry.cn/chemistry/3691-78-9.htm
2025-09-01 20:45:30 | 404 | http://www.ichemistry.cn/chemistry/91042-27-2?.htm
2025-09-01 20:45:33 | 404 | http://www.ichemistry.cn/chemistry/96319-55-0.htm
2025-09-01 20:45:35 | 404 | http://www.ichemistry.cn/chemistry/31519-52-5.htm
2025-09-01 20:45:37 | 404 | http://www.ichemistry.cn/chemistry/96-55-5.htm
2025-09-01 20:45:37 | 404 | http://www.ichemistry.cn/chemistry/1160490-11-8.htm
2025-09-01 20:45:39 | 404 | http://www.ichemistry.cn/chemistry/9903-11-6.htm
2025-09-01 20:45:40 | 404 | http://www.ichemistry.cn/chemistry/13818-04-2.htm
2025-09-01 20:45:43 | 404 | http://www.ichemistry.cn/chemistry/9007-34-5-1.htm
2025-09-01 20:45:47 | 404 | http://www.ichemistry.cn/chemistry/22313-62-8.htm
2025-09-01 20:45:50 | 404 | http://www.ichemistry.cn/chemistry/107326-29-4.htm
2025-09-01 20:45:51 | 404 | http://www.ichemistry.cn/chemistry/13732-37-2.htm
2025-09-01 20:45:53 | 404 | http://www.ichemistry.cn/chemistry/1346621-21-3.htm
2025-09-01 20:45:56 | 404 | http://www.ichemistry.cn/chemistry/1821464-55-4.htm
2025-09-01 20:45:58 | 404 | http://www.ichemistry.cn/chemistry/217094-32-1.htm
2025-09-01 20:45:59 | 404 | http://www.ichemistry.cn/chemistry/25013-16-8.htm
2025-09-01 20:46:00 | 404 | http://www.ichemistry.cn/chemistry/830-50-6.htm
2025-09-01 20:46:00 | 404 | http://www.ichemistry.cn/chemistry/105827-78-9(H2O).htm
2025-09-01 20:46:02 | 404 | http://www.ichemistry.cn/chemistry/90506-80-2.htm
2025-09-01 20:46:04 | 404 | http://www.ichemistry.cn/chemistry/744203-60-9.htm
2025-09-01 20:46:04 | 404 | http://www.ichemistry.cn/chemistry/60676-86-0+1336-21-6.htm
2025-09-01 20:46:06 | 404 | http://www.ichemistry.cn/chemistry/591-00-4.htm
2025-09-01 20:46:15 | 404 | http://www.ichemistry.cn/chemistry/1236188-16-1.htm
2025-09-01 20:46:16 | 404 | http://www.ichemistry.cn/chemistry/55643-30-6.htm
2025-09-01 20:46:18 | 404 | http://www.ichemistry.cn/chemistry/20445-94-7.htm
2025-09-01 20:46:19 | 404 | http://www.ichemistry.cn/chemistry/21370-55-2.htm
2025-09-01 20:46:20 | 404 | http://www.ichemistry.cn/chemistry/42448-04-4.htm
2025-09-01 20:46:29 | 404 | http://www.ichemistry.cn/chemistry/51753-57-6.htm
2025-09-01 20:46:31 | 404 | http://www.ichemistry.cn/chemistry/40058-87-5.htm
2025-09-01 20:46:32 | 404 | http://www.ichemistry.cn/chemistry/1646906-26-4.htm
2025-09-01 20:46:36 | 404 | http://www.ichemistry.cn/chemistry/102522-32-7.htm
2025-09-01 20:46:37 | 404 | http://www.ichemistry.cn/chemistry/7718-50-9.htm
2025-09-01 20:46:39 | 404 | http://www.ichemistry.cn/chemistry/87-56-8.htm
2025-09-01 20:46:56 | 404 | http://www.ichemistry.cn/chemistry/26123-91-1.htm
2025-09-01 20:47:05 | 404 | http://www.ichemistry.cn/chemistry/5155-30-0.htm
2025-09-01 20:47:05 | 404 | http://www.ichemistry.cn/chemistry/32005-36-0?.htm
2025-09-01 20:47:10 | 404 | http://www.ichemistry.cn/chemistry/7392-50-9.htm
2025-09-01 20:47:17 | 404 | http://www.ichemistry.cn/chemistry/222-21-9.htm
2025-09-01 20:47:18 | 404 | http://www.ichemistry.cn/chemistry/54824-17-7.htm
2025-09-01 20:47:19 | 404 | http://www.ichemistry.cn/chemistry/446255-22-7.htm
2025-09-01 20:47:21 | 404 | http://www.ichemistry.cn/chemistry/157009-81-9.htm
2025-09-01 20:47:23 | 404 | http://www.ichemistry.cn/chemistry/1240557-01-0.htm
2025-09-01 20:47:28 | 404 | http://www.ichemistry.cn/chemistry/1045795-70-7.htm
2025-09-01 20:47:29 | 404 | http://www.ichemistry.cn/chemistry/1026680-07-8.htm
2025-09-01 20:47:29 | 404 | http://www.ichemistry.cn/chemistry/345974-11-4.htm
2025-09-01 20:47:30 | 404 | http://www.ichemistry.cn/chemistry/8050-7-5.htm
2025-09-01 20:47:31 | 404 | http://www.ichemistry.cn/chemistry/125-35-3.htm
2025-09-01 20:47:32 | 404 | http://www.ichemistry.cn/chemistry/10099-57-3.htm
2025-09-01 20:47:33 | 404 | http://www.ichemistry.cn/chemistry/13453-41-3.htm
2025-09-01 20:47:35 | 404 | http://www.ichemistry.cn/chemistry/234081-94-8.htm
2025-09-01 20:47:39 | 404 | http://www.ichemistry.cn/chemistry/870718-97-1.htm
2025-09-01 20:47:43 | 404 | http://www.ichemistry.cn/chemistry/1204389-23-0.htm
2025-09-01 20:47:44 | 404 | http://www.ichemistry.cn/chemistry/16807-13-9.htm
2025-09-01 20:47:46 | 404 | http://www.ichemistry.cn/chemistry/722494-26-0.htm
2025-09-01 20:47:46 | 404 | http://www.ichemistry.cn/chemistry/61197-73-7.htm
2025-09-01 20:47:47 | 404 | http://www.ichemistry.cn/chemistry/18992-85-3.htm
2025-09-01 20:47:49 | 404 | http://www.ichemistry.cn/chemistry/153467-50-6.htm
2025-09-01 20:47:50 | 404 | http://www.ichemistry.cn/chemistry/61-74-9.htm
2025-09-01 20:47:50 | 404 | http://www.ichemistry.cn/chemistry/28543-07-9.htm
2025-09-01 20:47:51 | 404 | http://www.ichemistry.cn/chemistry/129392-84-3.htm
2025-09-01 20:47:53 | 404 | http://www.ichemistry.cn/chemistry/928712-10-1.htm
2025-09-01 20:47:56 | 404 | http://www.ichemistry.cn/chemistry/6379-72-2.htm
2025-09-01 20:47:57 | 404 | http://www.ichemistry.cn/chemistry/892711-75-0.htm
2025-09-01 20:47:57 | 404 | http://www.ichemistry.cn/chemistry/12066-69-8.htm
2025-09-01 20:47:59 | 404 | http://www.ichemistry.cn/chemistry/91742-21-1.htm
2025-09-01 20:48:00 | 404 | http://www.ichemistry.cn/chemistry/1445723-73-8.htm
2025-09-01 20:48:02 | 404 | http://www.ichemistry.cn/chemistry/10025-72-7.htm
2025-09-01 20:48:02 | 404 | http://www.ichemistry.cn/chemistry/12111-19-2.htm
2025-09-01 20:48:03 | 404 | http://www.ichemistry.cn/chemistry/200878-50-8.htm
2025-09-01 20:48:03 | 404 | http://www.ichemistry.cn/chemistry/13763-67-2.htm
2025-09-01 20:48:07 | 404 | http://www.ichemistry.cn/chemistry/6002-31-9.htm
2025-09-01 20:48:07 | 404 | http://www.ichemistry.cn/chemistry/17199-55-2.htm
2025-09-01 20:48:09 | 404 | http://www.ichemistry.cn/chemistry/957207-58-8.htm
2025-09-01 20:48:10 | 404 | http://www.ichemistry.cn/chemistry/68412-17-9.htm
2025-09-01 20:48:10 | 404 | http://www.ichemistry.cn/chemistry/824426-32-6.htm
2025-09-01 20:48:11 | 404 | http://www.ichemistry.cn/chemistry/12390-04-2.htm
2025-09-01 20:48:11 | 404 | http://www.ichemistry.cn/chemistry/800394-58-5.htm
2025-09-01 20:49:56 | 404 | http://www.ichemistry.cn/chemistry/776242-98-9.htm
2025-09-01 20:49:58 | 404 | http://www.ichemistry.cn/chemistry/109005-10-9.htm
2025-09-01 20:49:59 | 404 | http://www.ichemistry.cn/chemistry/14488-45-0.htm
2025-09-01 20:50:01 | 404 | http://www.ichemistry.cn/chemistry/41584-11-6.htm
2025-09-01 20:50:02 | 404 | http://www.ichemistry.cn/chemistry/1312703-28-8.htm
2025-09-01 20:50:03 | 404 | http://www.ichemistry.cn/chemistry/147045-24-7.htm
2025-09-01 20:50:07 | 404 | http://www.ichemistry.cn/chemistry/15557-00-3.htm
2025-09-01 20:50:09 | 404 | http://www.ichemistry.cn/chemistry/5514-98-7.htm
2025-09-01 20:50:09 | 404 | http://www.ichemistry.cn/chemistry/147591-46-6.htm
2025-09-01 20:50:10 | 404 | http://www.ichemistry.cn/chemistry/31519-52-5.htm
2025-09-01 20:50:10 | 404 | http://www.ichemistry.cn/chemistry/23667-06-3.htm
2025-09-01 20:50:11 | 404 | http://www.ichemistry.cn/chemistry/937-40-4.htm
2025-09-01 20:50:11 | 404 | http://www.ichemistry.cn/chemistry/16651-27-7.htm
2025-09-01 20:50:11 | 404 | http://www.ichemistry.cn/chemistry/1537199-53-3.htm
2025-09-01 20:50:12 | 404 | http://www.ichemistry.cn/chemistry/122955-13-9.htm
2025-09-01 20:50:12 | 404 | http://www.ichemistry.cn/chemistry/153467-50-6.htm
2025-09-01 20:50:13 | 404 | http://www.ichemistry.cn/chemistry/16807-13-9.htm
2025-09-01 20:50:13 | 404 | http://www.ichemistry.cn/chemistry/1477512-32-5.htm
2025-09-01 20:50:13 | 404 | http://www.ichemistry.cn/chemistry/135507-00-5.htm
2025-09-01 20:50:15 | 404 | http://www.ichemistry.cn/chemistry/102522-32-7.htm
2025-09-01 20:50:17 | 404 | http://www.ichemistry.cn/chemistry/171820-04-5.htm
2025-09-01 20:50:18 | 404 | http://www.ichemistry.cn/chemistry/32005-36-0?.htm
2025-09-01 20:50:20 | 404 | http://www.ichemistry.cn/chemistry/36418-34-5.htm
2025-09-01 20:50:21 | 404 | http://www.ichemistry.cn/chemistry/21723-86-4.htm
2025-09-01 20:50:21 | 404 | http://www.ichemistry.cn/chemistry/228415-62-1.htm
2025-09-01 20:50:26 | 404 | http://www.ichemistry.cn/chemistry/1625-85-4.htm
2025-09-01 20:50:27 | 404 | http://www.ichemistry.cn/chemistry/16648-44-5.htm
2025-09-01 20:50:29 | 404 | http://www.ichemistry.cn/chemistry/119301-59-6.htm
2025-09-01 20:50:29 | 404 | http://www.ichemistry.cn/chemistry/120375-52-2.htm
2025-09-01 20:50:29 | 404 | http://www.ichemistry.cn/chemistry/1305711-40-3.htm
2025-09-01 20:50:30 | 404 | http://www.ichemistry.cn/chemistry/96319-55-0.htm
2025-09-01 20:50:31 | 404 | http://www.ichemistry.cn/chemistry/1874200-71-1.htm
2025-09-01 20:50:33 | 404 | http://www.ichemistry.cn/chemistry/91042-27-2?.htm
2025-09-01 20:50:36 | 404 | http://www.ichemistry.cn/chemistry/61197-73-7.htm
2025-09-01 20:50:38 | 404 | http://www.ichemistry.cn/chemistry/7787-73-5.htm
2025-09-01 20:50:39 | 404 | http://www.ichemistry.cn/chemistry/474966-97-7.htm
2025-09-01 20:50:40 | 404 | http://www.ichemistry.cn/chemistry/106131-61-7.htm
2025-09-01 20:50:41 | 404 | http://www.ichemistry.cn/chemistry/12003-41-7.htm
2025-09-01 20:50:44 | 404 | http://www.ichemistry.cn/chemistry/1221182-02-0.htm
2025-09-01 20:50:45 | 404 | http://www.ichemistry.cn/chemistry/953018-05-8.htm
2025-09-01 20:50:48 | 404 | http://www.ichemistry.cn/chemistry/800394-58-5.htm
2025-09-01 20:50:49 | 404 | http://www.ichemistry.cn/chemistry/58464-47-4.htm
2025-09-01 20:50:50 | 404 | http://www.ichemistry.cn/chemistry/10377-51-9.htm
2025-09-01 20:50:58 | 404 | http://www.ichemistry.cn/chemistry/98650-04-5.htm
2025-09-01 20:51:00 | 404 | http://www.ichemistry.cn/chemistry/68476-77-7.htm
2025-09-01 20:51:05 | 404 | http://www.ichemistry.cn/chemistry/56960-31-7.htm
2025-09-01 20:51:07 | 404 | http://www.ichemistry.cn/chemistry/1599466-85-9.htm
2025-09-01 20:51:09 | 404 | http://www.ichemistry.cn/chemistry/2640657-49-2.htm
2025-09-01 20:51:14 | 404 | http://www.ichemistry.cn/chemistry/558484-21-2.htm
2025-09-01 20:51:15 | 404 | http://www.ichemistry.cn/chemistry/623157-25-5.htm
2025-09-01 20:51:16 | 404 | http://www.ichemistry.cn/chemistry/957207-58-8.htm
2025-09-01 20:51:16 | 404 | http://www.ichemistry.cn/chemistry/54-04--6.htm
2025-09-01 20:51:17 | 404 | http://www.ichemistry.cn/chemistry/10025-72-7.htm
2025-09-01 20:51:19 | 404 | http://www.ichemistry.cn/chemistry/5970-45-5.htm
2025-09-01 20:51:21 | 404 | http://www.ichemistry.cn/chemistry/34311-88-1.htm
2025-09-01 20:51:22 | 404 | http://www.ichemistry.cn/chemistry/1513-87-7.htm
2025-09-01 20:51:25 | 404 | http://www.ichemistry.cn/chemistry/942518-29-8.htm
2025-09-01 20:51:26 | 404 | http://www.ichemistry.cn/chemistry/1073371-93-3.htm
2025-09-01 20:51:27 | 404 | http://www.ichemistry.cn/chemistry/66449-09-0.htm
2025-09-01 20:51:29 | 404 | http://www.ichemistry.cn/chemistry/25013-16-8.htm
2025-09-01 20:51:31 | 404 | http://www.ichemistry.cn/chemistry/350024-36-1.htm
2025-09-01 20:51:31 | 404 | http://www.ichemistry.cn/chemistry/1184559-12-3.htm
2025-09-01 20:51:31 | 404 | http://www.ichemistry.cn/chemistry/5155-30-0.htm
2025-09-01 20:51:32 | 404 | http://www.ichemistry.cn/chemistry/32823-06-67.htm
2025-09-01 20:51:33 | 404 | http://www.ichemistry.cn/chemistry/251099-16-8.htm
2025-09-01 20:51:34 | 404 | http://www.ichemistry.cn/chemistry/1801343-74-7.htm
2025-09-01 20:51:37 | 404 | http://www.ichemistry.cn/chemistry/928712-10-1.htm
2025-09-01 20:51:39 | 404 | http://www.ichemistry.cn/chemistry/107326-29-4.htm
2025-09-01 20:51:40 | 404 | http://www.ichemistry.cn/chemistry/189354-72-1.htm
2025-09-01 20:51:41 | 404 | http://www.ichemistry.cn/chemistry/1849616-42-7.htm
2025-09-01 20:51:43 | 404 | http://www.ichemistry.cn/chemistry/1211877-36-9.htm
2025-09-01 20:51:43 | 404 | http://www.ichemistry.cn/chemistry/6153–56-6.htm
2025-09-01 20:51:44 | 404 | http://www.ichemistry.cn/chemistry/54824-17-7.htm
2025-09-01 20:51:53 | 404 | http://www.ichemistry.cn/chemistry/314054-00-7.htm
2025-09-01 20:51:54 | 404 | http://www.ichemistry.cn/chemistry/23449-08-3.htm
2025-09-01 20:51:54 | 404 | http://www.ichemistry.cn/chemistry/68971-03-9.htm
2025-09-01 20:51:55 | 404 | http://www.ichemistry.cn/chemistry/21658-70-8.htm
2025-09-01 20:52:05 | 404 | http://www.ichemistry.cn/chemistry/1001753-24-7.htm
2025-09-01 20:52:12 | 404 | http://www.ichemistry.cn/chemistry/57485-31-1.htm
2025-09-01 20:52:12 | 404 | http://www.ichemistry.cn/chemistry/606-68-8 (anhydrous).htm
2025-09-01 20:52:15 | 404 | http://www.ichemistry.cn/chemistry/14659-58-6.htm
2025-09-01 21:03:49 | 404 | http://www.ichemistry.cn/chemistry/744203-60-9.htm
2025-09-01 21:03:52 | 404 | http://www.ichemistry.cn/chemistry/10377-51-9.htm
2025-09-01 21:03:55 | 404 | http://www.ichemistry.cn/chemistry/23420-87-3.htm
2025-09-01 21:03:59 | 404 | http://www.ichemistry.cn/chemistry/42448-04-4.htm
2025-09-01 21:04:01 | 404 | http://www.ichemistry.cn/chemistry/73676-31-0.htm
2025-09-01 21:04:01 | 404 | http://www.ichemistry.cn/chemistry/10025-91-9?.htm
2025-09-01 21:04:07 | 404 | http://www.ichemistry.cn/chemistry/76-42-5.htm
2025-09-01 21:04:08 | 404 | http://www.ichemistry.cn/chemistry/298-96-4?.htm
2025-09-01 21:04:11 | 404 | http://www.ichemistry.cn/chemistry/534-30-5.htm
2025-09-01 21:04:18 | 404 | http://www.ichemistry.cn/chemistry/1344-28-2.htm
2025-09-01 21:04:24 | 404 | http://www.ichemistry.cn/chemistry/556-10-5.htm
2025-09-01 21:04:28 | 404 | http://www.ichemistry.cn/chemistry/1346621-21-3.htm
2025-09-01 21:04:29 | 404 | http://www.ichemistry.cn/chemistry/2089293-61-6.htm
2025-09-01 21:04:35 | 404 | http://www.ichemistry.cn/chemistry/107326-29-4.htm
2025-09-01 21:04:36 | 404 | http://www.ichemistry.cn/chemistry/10361-63-1.htm
2025-09-01 21:04:38 | 404 | http://www.ichemistry.cn/chemistry/10025-72-7.htm
2025-09-01 21:04:40 | 404 | http://www.ichemistry.cn/chemistry/12111-19-2.htm
2025-09-01 21:04:42 | 404 | http://www.ichemistry.cn/chemistry/446255-22-7.htm
2025-09-01 21:04:47 | 404 | http://www.ichemistry.cn/chemistry/623157-25-5.htm
2025-09-01 21:04:49 | 404 | http://www.ichemistry.cn/chemistry/1445723-73-8.htm
2025-09-01 21:04:54 | 404 | http://www.ichemistry.cn/chemistry/1026680-07-8.htm
2025-09-01 21:04:55 | 404 | http://www.ichemistry.cn/chemistry/25659-29-4.htm
2025-09-01 21:04:59 | 404 | http://www.ichemistry.cn/chemistry/960315-53-1.htm
2025-09-01 21:05:00 | 404 | http://www.ichemistry.cn/chemistry/4421-50-5.htm
2025-09-01 21:05:01 | 404 | http://www.ichemistry.cn/chemistry/558484-21-2.htm
2025-09-01 21:05:02 | 404 | http://www.ichemistry.cn/chemistry/384347-05-1.htm
2025-09-01 21:05:03 | 404 | http://www.ichemistry.cn/chemistry/103837-45-2.htm
2025-09-01 21:05:04 | 404 | http://www.ichemistry.cn/chemistry/57485-31-1.htm
2025-09-01 21:05:07 | 404 | http://www.ichemistry.cn/chemistry/17199-58-5.htm
2025-09-01 21:05:09 | 404 | http://www.ichemistry.cn/chemistry/61197-73-7.htm
2025-09-01 21:05:10 | 404 | http://www.ichemistry.cn/chemistry/13104-40-3.htm
2025-09-01 21:05:10 | 404 | http://www.ichemistry.cn/chemistry/1415238-25-3.htm
2025-09-01 21:05:11 | 404 | http://www.ichemistry.cn/chemistry/15708-55-1.htm
2025-09-01 21:05:12 | 404 | http://www.ichemistry.cn/chemistry/345630-40-2.htm
2025-09-01 21:05:13 | 404 | http://www.ichemistry.cn/chemistry/929881-46-9.htm
2025-09-01 21:05:14 | 404 | http://www.ichemistry.cn/chemistry/37083-40-2.htm
2025-09-01 21:05:14 | 404 | http://www.ichemistry.cn/chemistry/1312703-28-8.htm
2025-09-01 21:05:15 | 404 | http://www.ichemistry.cn/chemistry/5514-98-7.htm
2025-09-01 21:05:16 | 404 | http://www.ichemistry.cn/chemistry/25013-16-8.htm
2025-09-01 21:05:17 | 404 | http://www.ichemistry.cn/chemistry/85073-19-4.htm
2025-09-01 21:05:18 | 404 | http://www.ichemistry.cn/chemistry/51688-75-6.htm
2025-09-01 21:05:21 | 404 | http://www.ichemistry.cn/chemistry/2640657-49-2.htm
2025-09-01 21:05:21 | 404 | http://www.ichemistry.cn/chemistry/15557-00-3.htm
2025-09-01 21:05:22 | 404 | http://www.ichemistry.cn/chemistry/606-68-8 (anhydrous).htm
2025-09-01 21:05:22 | 404 | http://www.ichemistry.cn/chemistry/1469924-27-3.htm
2025-09-01 21:05:25 | 404 | http://www.ichemistry.cn/chemistry/133395-16-1.htm
2025-09-01 21:05:28 | 404 | http://www.ichemistry.cn/chemistry/719-98-2.htm
2025-09-01 21:05:32 | 404 | http://www.ichemistry.cn/chemistry/28302-50-3.htm
2025-09-01 21:05:33 | 404 | http://www.ichemistry.cn/chemistry/102522-32-7.htm
2025-09-01 21:05:38 | 404 | http://www.ichemistry.cn/chemistry/1675201-83-8.htm
2025-09-01 21:05:38 | 404 | http://www.ichemistry.cn/chemistry/1001753-24-7.htm
2025-09-01 21:05:39 | 404 | http://www.ichemistry.cn/chemistry/7152-42-3.htm
2025-09-01 21:05:39 | 404 | http://www.ichemistry.cn/chemistry/32823-06-67.htm
2025-09-01 21:05:42 | 404 | http://www.ichemistry.cn/chemistry/301356-95-6.htm
2025-09-01 21:05:42 | 404 | http://www.ichemistry.cn/chemistry/105974-64-9.htm
2025-09-01 21:05:42 | 404 | http://www.ichemistry.cn/chemistry/2083617-82-5.htm
2025-09-01 21:05:43 | 404 | http://www.ichemistry.cn/chemistry/1958113-34-2.htm
2025-09-01 21:05:43 | 404 | http://www.ichemistry.cn/chemistry/33864-17-4.htm
2025-09-01 21:05:45 | 404 | http://www.ichemistry.cn/chemistry/1268271-77-7.htm
2025-09-01 21:05:46 | 404 | http://www.ichemistry.cn/chemistry/17805-19-5.htm
2025-09-01 21:05:46 | 404 | http://www.ichemistry.cn/chemistry/12067-06-4.htm
2025-09-01 21:05:46 | 404 | http://www.ichemistry.cn/chemistry/441054-54-2.htm
2025-09-01 21:05:47 | 404 | http://www.ichemistry.cn/chemistry/147852-84-4.htm
2025-09-01 21:05:48 | 404 | http://www.ichemistry.cn/chemistry/808-24-2.htm
2025-09-01 21:05:49 | 404 | http://www.ichemistry.cn/chemistry/13818-04-2.htm
2025-09-01 21:05:49 | 404 | http://www.ichemistry.cn/chemistry/121--54-0.htm
2025-09-01 21:05:49 | 404 | http://www.ichemistry.cn/chemistry/21329-70-4.htm
2025-09-01 21:05:50 | 404 | http://www.ichemistry.cn/chemistry/7083-55-6.htm
2025-09-01 21:05:50 | 404 | http://www.ichemistry.cn/chemistry/147591-46-6.htm
2025-09-01 21:05:50 | 404 | http://www.ichemistry.cn/chemistry/12206-22-9.htm
2025-09-01 21:05:52 | 404 | http://www.ichemistry.cn/chemistry/267221-88-5.htm
2025-09-01 21:05:53 | 404 | http://www.ichemistry.cn/chemistry/87-56-8.htm
2025-09-01 21:05:55 | 404 | http://www.ichemistry.cn/chemistry/1033461-45-8.htm
2025-09-01 21:05:56 | 404 | http://www.ichemistry.cn/chemistry/1599466-85-9.htm
2025-09-01 21:05:57 | 404 | http://www.ichemistry.cn/chemistry/485807-08-7.htm
2025-09-01 21:06:02 | 404 | http://www.ichemistry.cn/chemistry/366008-67-5.htm
2025-09-01 21:06:05 | 404 | http://www.ichemistry.cn/chemistry/7789-0208.htm
2025-09-01 21:06:06 | 404 | http://www.ichemistry.cn/chemistry/144692-85-3.htm
2025-09-01 21:06:07 | 404 | http://www.ichemistry.cn/chemistry/6379-72-2.htm
2025-09-01 21:06:07 | 404 | http://www.ichemistry.cn/chemistry/174063-87-7.htm
2025-09-01 21:06:08 | 404 | http://www.ichemistry.cn/chemistry/222-21-9.htm
2025-09-01 21:06:09 | 404 | http://www.ichemistry.cn/chemistry/90506-80-2.htm
2025-09-01 21:06:09 | 404 | http://www.ichemistry.cn/chemistry/2377770-18-6.htm
2025-09-01 21:06:09 | 404 | http://www.ichemistry.cn/chemistry/100669-96-3.htm
2025-09-01 21:06:13 | 404 | http://www.ichemistry.cn/chemistry/205494-72-0.htm
2025-09-01 21:06:13 | 404 | http://www.ichemistry.cn/chemistry/17243-57-1.htm
2025-09-01 21:06:14 | 404 | http://www.ichemistry.cn/chemistry/88590-00-5.htm
2025-09-01 21:06:15 | 404 | http://www.ichemistry.cn/chemistry/942518-29-8.htm
2025-09-01 21:06:17 | 404 | http://www.ichemistry.cn/chemistry/474966-97-7.htm
2025-09-01 21:06:17 | 404 | http://www.ichemistry.cn/chemistry/357-57-3-1.htm
2025-09-01 21:06:19 | 404 | http://www.ichemistry.cn/chemistry/943962-47-8.htm
2025-09-01 21:06:19 | 404 | http://www.ichemistry.cn/chemistry/15243-48-8.htm
2025-09-01 21:06:19 | 404 | http://www.ichemistry.cn/chemistry/36418-34-5.htm
2025-09-01 21:06:19 | 404 | http://www.ichemistry.cn/chemistry/937-40-4.htm
2025-09-01 21:06:19 | 404 | http://www.ichemistry.cn/chemistry/200878-50-8.htm
2025-09-01 21:06:20 | 404 | http://www.ichemistry.cn/chemistry/1255309-13-7.htm
2025-09-01 21:06:20 | 404 | http://www.ichemistry.cn/chemistry/58464-47-4.htm
2025-09-01 21:06:20 | 404 | http://www.ichemistry.cn/chemistry/53916-94-2.htm
2025-09-01 21:06:20 | 404 | http://www.ichemistry.cn/chemistry/1204389-23-0.htm
2025-09-01 21:06:21 | 404 | http://www.ichemistry.cn/chemistry/20594-83-6.htm
2025-09-01 21:06:21 | 404 | http://www.ichemistry.cn/chemistry/96-55-5.htm
2025-09-01 21:06:22 | 404 | http://www.ichemistry.cn/chemistry/171820-04-5.htm
2025-09-01 21:06:23 | 404 | http://www.ichemistry.cn/chemistry/19533-24-5.htm
2025-09-01 21:06:23 | 404 | http://www.ichemistry.cn/chemistry/157009-81-9.htm
2025-09-01 21:06:24 | 404 | http://www.ichemistry.cn/chemistry/3028-17-5.htm
2025-09-01 21:06:25 | 404 | http://www.ichemistry.cn/chemistry/2260543-73-3.htm
2025-09-01 21:06:26 | 404 | http://www.ichemistry.cn/chemistry/28543-07-9.htm
2025-09-01 21:06:29 | 404 | http://www.ichemistry.cn/chemistry/7789-32-0.htm
2025-09-01 21:06:30 | 404 | http://www.ichemistry.cn/chemistry/22139-65-7.htm
2025-09-01 21:06:31 | 404 | http://www.ichemistry.cn/chemistry/1934269-97-2.htm
2025-09-01 21:06:31 | 404 | http://www.ichemistry.cn/chemistry/102638-45-9.htm
2025-09-01 21:06:31 | 404 | http://www.ichemistry.cn/chemistry/338391-61-0.htm
2025-09-01 21:06:34 | 404 | http://www.ichemistry.cn/chemistry/1160490-11-8.htm
2025-09-01 21:06:34 | 404 | http://www.ichemistry.cn/chemistry/350024-36-1.htm
2025-09-01 21:06:35 | 404 | http://www.ichemistry.cn/chemistry/1347750-85-9.htm
2025-09-01 21:06:43 | 404 | http://www.ichemistry.cn/chemistry/1073371-93-3.htm
2025-09-01 21:06:44 | 404 | http://www.ichemistry.cn/chemistry/1393343-58-2.htm
2025-09-01 21:06:47 | 404 | http://www.ichemistry.cn/chemistry/1293389-28-2.htm
2025-09-01 21:06:50 | 404 | http://www.ichemistry.cn/chemistry/314054-00-7.htm
2025-09-01 21:06:51 | 404 | http://www.ichemistry.cn/chemistry/335161-03-0.htm
2025-09-01 21:06:51 | 404 | http://www.ichemistry.cn/chemistry/32005-36-0?.htm
2025-09-01 21:06:55 | 404 | http://www.ichemistry.cn/chemistry/1221182-02-0.htm
2025-09-01 21:07:02 | 404 | http://www.ichemistry.cn/chemistry/109005-10-9.htm
2025-09-01 21:07:07 | 404 | http://www.ichemistry.cn/chemistry/1045795-70-7.htm
2025-09-01 21:07:08 | 404 | http://www.ichemistry.cn/chemistry/916849-52-0.htm
2025-09-01 21:07:09 | 404 | http://www.ichemistry.cn/chemistry/129392-84-3.htm
2025-09-01 21:07:10 | 404 | http://www.ichemistry.cn/chemistry/20347-71-1.htm
2025-09-01 21:07:12 | 404 | http://www.ichemistry.cn/chemistry/7392-50-9.htm
2025-09-01 21:07:16 | 404 | http://www.ichemistry.cn/chemistry/69272-50-0.htm
2025-09-01 21:07:17 | 404 | http://www.ichemistry.cn/chemistry/18041-25-3.htm
2025-09-01 21:07:18 | 404 | http://www.ichemistry.cn/chemistry/5988-11-8.htm
2025-09-01 21:07:18 | 404 | http://www.ichemistry.cn/chemistry/105827-78-9(H2O).htm
2025-09-01 21:07:19 | 404 | http://www.ichemistry.cn/chemistry/54824-17-7.htm
2025-09-01 21:07:20 | 404 | http://www.ichemistry.cn/chemistry/67460-86-0.htm
2025-09-01 21:07:20 | 404 | http://www.ichemistry.cn/chemistry/1217449-45-0.htm
2025-09-01 21:07:22 | 404 | http://www.ichemistry.cn/chemistry/23667-06-3.htm
2025-09-01 21:07:24 | 404 | http://www.ichemistry.cn/chemistry/120375-52-2.htm
2025-09-01 21:07:26 | 404 | http://www.ichemistry.cn/chemistry/45298-90-6.htm
2025-09-01 21:07:32 | 404 | http://www.ichemistry.cn/chemistry/1537199-53-3.htm
2025-09-01 21:07:40 | 404 | http://www.ichemistry.cn/chemistry/101003-80-9.htm
2025-09-01 21:07:41 | 404 | http://www.ichemistry.cn/chemistry/1081-34-1?.htm
2025-09-01 21:07:45 | 404 | http://www.ichemistry.cn/chemistry/147045-24-7.htm
2025-09-01 21:07:47 | 404 | http://www.ichemistry.cn/chemistry/945865-80-5.htm
2025-09-01 21:07:48 | 404 | http://www.ichemistry.cn/chemistry/934593-90-5.htm
2025-09-01 21:07:48 | 404 | http://www.ichemistry.cn/chemistry/126213-50-0.htm
2025-09-01 21:07:49 | 404 | http://www.ichemistry.cn/chemistry/18992-85-3.htm
2025-09-01 21:07:50 | 404 | http://www.ichemistry.cn/chemistry/2167189-50-4.htm
2025-09-01 21:07:50 | 404 | http://www.ichemistry.cn/chemistry/144940-93-2.htm
2025-09-01 21:07:50 | 404 | http://www.ichemistry.cn/chemistry/56960-31-7.htm
2025-09-01 21:07:51 | 404 | http://www.ichemistry.cn/chemistry/2648079-79-0.htm
2025-09-01 21:07:52 | 404 | http://www.ichemistry.cn/chemistry/71515-74-7.htm
2025-09-01 21:07:53 | 404 | http://www.ichemistry.cn/chemistry/1504585-16-3.htm
2025-09-01 21:07:54 | 404 | http://www.ichemistry.cn/chemistry/1447709-01-4.htm
2025-09-01 21:07:54 | 404 | http://www.ichemistry.cn/chemistry/23321-74-6.htm
2025-09-01 21:07:58 | 404 | http://www.ichemistry.cn/chemistry/94469-32-6.htm
2025-09-01 21:07:58 | 404 | http://www.ichemistry.cn/chemistry/1623-69-8.htm
2025-09-01 21:07:58 | 404 | http://www.ichemistry.cn/chemistry/830-50-6.htm
2025-09-01 21:07:58 | 404 | http://www.ichemistry.cn/chemistry/9007-34-5-1.htm
2025-09-01 21:08:04 | 404 | http://www.ichemistry.cn/chemistry/1977493-48-3.htm
2025-09-01 21:08:06 | 404 | http://www.ichemistry.cn/chemistry/824426-32-6.htm
2025-09-01 21:08:06 | 404 | http://www.ichemistry.cn/chemistry/71195-58-9.htm
2025-09-01 21:08:07 | 404 | http://www.ichemistry.cn/chemistry/182893-11-4.htm
2025-09-01 21:08:07 | 404 | http://www.ichemistry.cn/chemistry/189354-72-1.htm
2025-09-01 21:08:08 | 404 | http://www.ichemistry.cn/chemistry/160743-62-4.htm
2025-09-01 21:08:10 | 404 | http://www.ichemistry.cn/chemistry/6940-29-1.htm
2025-09-01 21:08:11 | 404 | http://www.ichemistry.cn/chemistry/67066-09-5.htm
2025-09-01 21:08:12 | 404 | http://www.ichemistry.cn/chemistry/953018-05-8.htm
2025-09-01 21:08:13 | 404 | http://www.ichemistry.cn/chemistry/701232-20-4.htm
2025-09-01 21:08:14 | 404 | http://www.ichemistry.cn/chemistry/466-40-0.htm
2025-09-01 21:08:14 | 404 | http://www.ichemistry.cn/chemistry/55830-09-6.htm
2025-09-01 21:08:15 | 404 | http://www.ichemistry.cn/chemistry/20324-26-9.htm
2025-09-01 21:08:16 | 404 | http://www.ichemistry.cn/chemistry/217094-32-1.htm
2025-09-01 21:08:16 | 404 | http://www.ichemistry.cn/chemistry/21370-55-2.htm
2025-09-01 21:08:18 | 404 | http://www.ichemistry.cn/chemistry/98327-87-6.htm
2025-09-01 21:08:18 | 404 | http://www.ichemistry.cn/chemistry/14635-75-7NOBF4.htm
2025-09-01 21:08:19 | 404 | http://www.ichemistry.cn/chemistry/107599-30-4.htm
2025-09-01 21:08:19 | 404 | http://www.ichemistry.cn/chemistry/222-222.htm
2025-09-01 21:08:20 | 404 | http://www.ichemistry.cn/chemistry/371921-44-7.htm
2025-09-01 21:08:20 | 404 | http://www.ichemistry.cn/chemistry/1246308-85-9.htm
2025-09-01 21:08:20 | 404 | http://www.ichemistry.cn/chemistry/155559-81-2.htm
2025-09-01 21:08:20 | 404 | http://www.ichemistry.cn/chemistry/20786-60-1+1310-58-3(H2O).htm
2025-09-01 21:08:21 | 404 | http://www.ichemistry.cn/chemistry/41584-11-6.htm
2025-09-01 21:08:21 | 404 | http://www.ichemistry.cn/chemistry/32752-52-6.htm
2025-09-01 21:08:22 | 404 | http://www.ichemistry.cn/chemistry/1312-82-9.htm
2025-09-01 21:08:22 | 404 | http://www.ichemistry.cn/chemistry/61-74-9.htm
2025-09-01 21:08:23 | 404 | http://www.ichemistry.cn/chemistry/12066-69-8.htm
2025-09-01 21:08:24 | 404 | http://www.ichemistry.cn/chemistry/22313-62-8.htm
2025-09-01 21:08:26 | 404 | http://www.ichemistry.cn/chemistry/5155-30-0.htm
2025-09-01 21:08:27 | 404 | http://www.ichemistry.cn/chemistry/60298-18-2.htm
2025-09-01 21:08:30 | 404 | http://www.ichemistry.cn/chemistry/2168540-65-4.htm
2025-09-01 21:08:31 | 404 | http://www.ichemistry.cn/chemistry/1352810-35-5.htm
2025-09-01 21:08:32 | 404 | http://www.ichemistry.cn/chemistry/9903-11-6.htm
2025-09-01 21:08:34 | 404 | http://www.ichemistry.cn/chemistry/2552-52-3.htm
2025-09-01 21:08:35 | 404 | http://www.ichemistry.cn/chemistry/12018-01-08.htm
2025-09-01 21:08:38 | 404 | http://www.ichemistry.cn/chemistry/1048913-62-7.htm
2025-09-01 21:08:40 | 404 | http://www.ichemistry.cn/chemistry/586-20-7.htm
2025-09-01 21:08:45 | 404 | http://www.ichemistry.cn/chemistry/57103-01-2.htm
2025-09-01 21:08:47 | 404 | http://www.ichemistry.cn/chemistry/105185-95-3.htm
2025-09-01 21:08:50 | 404 | http://www.ichemistry.cn/chemistry/183681-65-4.htm
2025-09-01 21:08:52 | 404 | http://www.ichemistry.cn/chemistry/1220714-37-3.htm
2025-09-01 21:08:55 | 404 | http://www.ichemistry.cn/chemistry/228415-62-1.htm
2025-09-01 21:08:56 | 404 | http://www.ichemistry.cn/chemistry/96319-55-0.htm
2025-09-01 21:08:57 | 404 | http://www.ichemistry.cn/chemistry/2615-25-0?.htm
2025-09-01 21:08:58 | 404 | http://www.ichemistry.cn/chemistry/168547-43-1.htm
2025-09-01 21:08:58 | 404 | http://www.ichemistry.cn/chemistry/158061-40-6.htm
2025-09-01 21:09:01 | 404 | http://www.ichemistry.cn/chemistry/68476-77-7.htm
2025-09-01 21:09:02 | 404 | http://www.ichemistry.cn/chemistry/845959-50-4.htm
2025-09-01 21:09:02 | 404 | http://www.ichemistry.cn/chemistry/54-04--6.htm
2025-09-01 21:09:07 | 404 | http://www.ichemistry.cn/chemistry/1829-22-7.htm
2025-09-01 21:09:08 | 404 | http://www.ichemistry.cn/chemistry/12390-04-2.htm
2025-09-01 21:09:14 | 404 | http://www.ichemistry.cn/chemistry/177315-87-6.htm
2025-09-01 21:09:15 | 404 | http://www.ichemistry.cn/chemistry/42824-53-3.htm
2025-09-01 21:09:17 | 404 | http://www.ichemistry.cn/chemistry/1821464-55-4.htm
2025-09-01 21:09:21 | 404 | http://www.ichemistry.cn/chemistry/8103-07-8.htm
2025-09-01 21:09:22 | 404 | http://www.ichemistry.cn/chemistry/13763-67-2.htm
2025-09-01 21:09:27 | 404 | http://www.ichemistry.cn/chemistry/68920-26-3.htm
2025-09-01 21:09:27 | 404 | http://www.ichemistry.cn/chemistry/91042-27-2?.htm
2025-09-01 21:09:28 | 404 | http://www.ichemistry.cn/chemistry/9688-25-7.htm
2025-09-01 21:09:29 | 404 | http://www.ichemistry.cn/chemistry/13732-37-2.htm
2025-09-01 21:09:31 | 404 | http://www.ichemistry.cn/chemistry/870718-97-1.htm
2025-09-01 21:09:35 | 404 | http://www.ichemistry.cn/chemistry/1938081-40-3.htm
2025-09-01 21:09:42 | 404 | http://www.ichemistry.cn/chemistry/140681 - 55 - 6.htm
2025-09-01 21:09:47 | 404 | http://www.ichemistry.cn/chemistry/928712-10-1.htm
2025-09-01 21:09:53 | 404 | http://www.ichemistry.cn/chemistry/79917-89-8.htm
2025-09-01 21:09:59 | 404 | http://www.ichemistry.cn/chemistry/125-62-6.htm
2025-09-01 21:10:06 | 404 | http://www.ichemistry.cn/chemistry/143556-24-5.htm
2025-09-01 21:10:11 | 404 | http://www.ichemistry.cn/chemistry/341556-86-3.htm
2025-09-01 21:10:12 | 404 | http://www.ichemistry.cn/chemistry/1646906-26-4.htm
2025-09-01 21:10:16 | 404 | http://www.ichemistry.cn/chemistry/2747959-96-0.htm
2025-09-01 21:10:17 | 404 | http://www.ichemistry.cn/chemistry/135072-82-1.htm
2025-09-01 21:10:19 | 503 | http://www.ichemistry.cn/chemistry/86867-01-8.htm
2025-09-01 21:10:19 | 503 | http://www.ichemistry.cn/chemistry/1416881-50-9.htm
2025-09-01 21:10:20 | 503 | http://www.ichemistry.cn/chemistry/6002-31-9.htm
2025-09-01 21:10:20 | 503 | http://www.ichemistry.cn/chemistry/1625-85-4.htm
2025-09-01 21:10:21 | 503 | http://www.ichemistry.cn/chemistry/68631-49-2.htm
2025-09-01 21:10:22 | 503 | http://www.ichemistry.cn/chemistry/14726-58-0.htm
2025-09-01 21:10:22 | 503 | http://www.ichemistry.cn/chemistry/135507-00-5.htm
2025-09-01 21:10:22 | 503 | http://www.ichemistry.cn/chemistry/12774-36-6.htm
2025-09-01 21:10:23 | 503 | http://www.ichemistry.cn/chemistry/51753-57-6.htm
2025-09-01 21:10:23 | 503 | http://www.ichemistry.cn/chemistry/20999-38-6.htm
2025-09-01 21:10:23 | 503 | http://www.ichemistry.cn/chemistry/4091-99-0.htm
2025-09-01 21:10:24 | 503 | http://www.ichemistry.cn/chemistry/37326-33-3.htm
2025-09-01 21:10:24 | 503 | http://www.ichemistry.cn/chemistry/1236188-16-1.htm
2025-09-01 21:10:25 | 503 | http://www.ichemistry.cn/chemistry/65836-72-8.htm
2025-09-01 21:10:26 | 503 | http://www.ichemistry.cn/chemistry/1257220-47-5.htm
2025-09-01 21:10:26 | 503 | http://www.ichemistry.cn/chemistry/8008-60-4.htm
2025-09-01 21:10:27 | 503 | http://www.ichemistry.cn/chemistry/16648-44-5.htm
2025-09-01 21:10:27 | 503 | http://www.ichemistry.cn/chemistry/7785-20-8.htm
2025-09-01 21:10:28 | 503 | http://www.ichemistry.cn/chemistry/25233-30-1.htm
2025-09-01 21:10:29 | 503 | http://www.ichemistry.cn/chemistry/16807-13-9.htm
2025-09-01 21:10:29 | 404 | http://www.ichemistry.cn/chemistry/60676-86-0+1336-21-6.htm
2025-09-01 21:10:29 | 503 | http://www.ichemistry.cn/chemistry/8006-80-2.htm
2025-09-01 21:10:30 | 503 | http://www.ichemistry.cn/chemistry/40058-87-5.htm
2025-09-01 21:10:31 | 503 | http://www.ichemistry.cn/chemistry/1184559-12-3.htm
2025-09-01 21:10:32 | 503 | http://www.ichemistry.cn/chemistry/68650-37-3.htm
2025-09-01 21:10:33 | 503 | http://www.ichemistry.cn/chemistry/606129-90-2.htm
2025-09-01 21:10:34 | 503 | http://www.ichemistry.cn/chemistry/203395-29-3.htm
2025-09-01 21:10:35 | 503 | http://www.ichemistry.cn/chemistry/15567-09-6.htm
2025-09-01 21:10:37 | 503 | http://www.ichemistry.cn/chemistry/9004-32-4.htm
2025-09-01 21:10:37 | 503 | http://www.ichemistry.cn/chemistry/852620-97-4.htm
2025-09-01 21:10:38 | 503 | http://www.ichemistry.cn/chemistry/800394-58-5.htm
2025-09-01 21:10:40 | 503 | http://www.ichemistry.cn/chemistry/1240557-01-0.htm
2025-09-01 21:10:41 | 503 | http://www.ichemistry.cn/chemistry/37259-53-3.htm
2025-09-01 21:10:42 | 503 | http://www.ichemistry.cn/chemistry/9010-75-7.htm
2025-09-01 21:10:43 | 503 | http://www.ichemistry.cn/chemistry/107761-42-2.htm
2025-09-01 21:10:44 | 503 | http://www.ichemistry.cn/chemistry/7718-50-9.htm
2025-09-01 21:10:45 | 503 | http://www.ichemistry.cn/chemistry/57103-02-3.htm
2025-09-01 21:10:46 | 503 | http://www.ichemistry.cn/chemistry/2328-12-9.htm
2025-09-01 21:10:47 | 503 | http://www.ichemistry.cn/chemistry/98650-04-5.htm
2025-09-01 21:10:48 | 503 | http://www.ichemistry.cn/chemistry/1211877-36-9.htm
2025-09-01 21:10:49 | 503 | http://www.ichemistry.cn/chemistry/481-37-8.htm
2025-09-01 21:10:50 | 503 | http://www.ichemistry.cn/chemistry/21064-34-6.htm
2025-09-01 21:10:51 | 503 | http://www.ichemistry.cn/chemistry/18628-07-4.htm
2025-09-01 21:10:52 | 503 | http://www.ichemistry.cn/chemistry/120-88-9.htm
2025-09-01 21:10:53 | 503 | http://www.ichemistry.cn/chemistry/7058-01-7.htm
2025-09-01 21:10:54 | 503 | http://www.ichemistry.cn/chemistry/4979-72-0.htm
2025-09-01 21:10:55 | 503 | http://www.ichemistry.cn/chemistry/9001-57-4.htm
2025-09-01 21:10:55 | 503 | http://www.ichemistry.cn/chemistry/1599466-81-5.htm
2025-09-01 21:10:56 | 503 | http://www.ichemistry.cn/chemistry/776242-98-9.htm
2025-09-01 21:10:57 | 503 | http://www.ichemistry.cn/chemistry/887-79-6.htm
2025-09-01 21:10:58 | 503 | http://www.ichemistry.cn/chemistry/1024594-86-2.htm
2025-09-01 21:10:59 | 503 | http://www.ichemistry.cn/chemistry/51601-28-6.htm
2025-09-01 21:11:00 | 503 | http://www.ichemistry.cn/chemistry/468-07-5.htm
2025-09-01 21:11:00 | 503 | http://www.ichemistry.cn/chemistry/5970-45-5.htm
2025-09-01 21:11:00 | 404 | http://www.ichemistry.cn/chemistry/67-20-9C8H6N4O5.htm
2025-09-01 21:11:00 | 404 | http://www.ichemistry.cn/chemistry/8050-7-5.htm
2025-09-01 21:11:01 | 503 | http://www.ichemistry.cn/chemistry/957207-58-8.htm
2025-09-01 21:11:02 | 503 | http://www.ichemistry.cn/chemistry/9002-10-2.htm
2025-09-01 21:11:03 | 503 | http://www.ichemistry.cn/chemistry/1849616-42-7.htm
2025-09-01 21:11:04 | 503 | http://www.ichemistry.cn/chemistry/81859-24-7.htm
2025-09-01 21:11:04 | 503 | http://www.ichemistry.cn/chemistry/1255308-97-4.htm
2025-09-01 21:11:05 | 503 | http://www.ichemistry.cn/chemistry/8005-02-5.htm
2025-09-01 21:11:06 | 503 | http://www.ichemistry.cn/chemistry/15457-98-4.htm
2025-09-01 21:11:06 | 503 | http://www.ichemistry.cn/chemistry/8008-51-3.htm
2025-09-01 21:11:07 | 503 | http://www.ichemistry.cn/chemistry/94349-60-7.htm
2025-09-01 21:11:08 | 503 | http://www.ichemistry.cn/chemistry/14216-88-7.htm
2025-09-01 21:11:09 | 503 | http://www.ichemistry.cn/chemistry/4054-67-5.htm
2025-09-01 21:11:09 | 503 | http://www.ichemistry.cn/chemistry/3133-16-2.htm
2025-09-01 21:11:10 | 503 | http://www.ichemistry.cn/chemistry/76115-06-5.htm
2025-09-01 21:11:11 | 503 | http://www.ichemistry.cn/chemistry/55643-30-6.htm
2025-09-01 21:11:12 | 503 | http://www.ichemistry.cn/chemistry/111296-91-4.htm
2025-09-01 21:11:13 | 503 | http://www.ichemistry.cn/chemistry/69523-06-4.htm
2025-09-01 21:11:13 | 503 | http://www.ichemistry.cn/chemistry/26100-51-6.htm
2025-09-01 21:11:15 | 503 | http://www.ichemistry.cn/chemistry/6962-04-5.htm
2025-09-01 21:11:15 | 503 | http://www.ichemistry.cn/chemistry/9000-65-1.htm
2025-09-01 21:11:16 | 503 | http://www.ichemistry.cn/chemistry/1698-16-4.htm
2025-09-01 21:11:17 | 503 | http://www.ichemistry.cn/chemistry/14846-47-0.htm
2025-09-01 21:11:18 | 503 | http://www.ichemistry.cn/chemistry/1477512-32-5.htm
2025-09-01 21:11:18 | 404 | http://www.ichemistry.cn/chemistry/3398-9-2.htm
2025-09-01 21:11:18 | 503 | http://www.ichemistry.cn/chemistry/8001-25-0.htm
2025-09-01 21:11:19 | 503 | http://www.ichemistry.cn/chemistry/1326-12-1.htm
2025-09-01 21:11:20 | 503 | http://www.ichemistry.cn/chemistry/54724-00-4.htm
2025-09-01 21:11:22 | 503 | http://www.ichemistry.cn/chemistry/153467-50-6.htm
2025-09-01 21:11:22 | 404 | http://www.ichemistry.cn/chemistry/1123-54-2?.htm
2025-09-01 21:11:23 | 503 | http://www.ichemistry.cn/chemistry/81517-60-4.htm
2025-09-01 21:11:24 | 503 | http://www.ichemistry.cn/chemistry/26123-91-1.htm
2025-09-01 21:11:25 | 503 | http://www.ichemistry.cn/chemistry/9011-93-2.htm
2025-09-01 21:11:26 | 503 | http://www.ichemistry.cn/chemistry/8002-80-0.htm
2025-09-01 21:11:27 | 503 | http://www.ichemistry.cn/chemistry/722494-26-0.htm
2025-09-01 21:11:28 | 503 | http://www.ichemistry.cn/chemistry/1518-58-7.htm
2025-09-01 21:11:29 | 503 | http://www.ichemistry.cn/chemistry/359845-21-9.htm
2025-09-01 21:11:30 | 503 | http://www.ichemistry.cn/chemistry/251099-16-8.htm
2025-09-01 21:11:31 | 503 | http://www.ichemistry.cn/chemistry/166330-10-5.htm
2025-09-01 21:11:32 | 503 | http://www.ichemistry.cn/chemistry/749262-24-6.htm
2025-09-01 21:11:33 | 503 | http://www.ichemistry.cn/chemistry/12167-45-2.htm
2025-09-01 21:11:34 | 503 | http://www.ichemistry.cn/chemistry/471907-87-6.htm
2025-09-01 21:11:35 | 503 | http://www.ichemistry.cn/chemistry/7732-14-0.htm
2025-09-01 21:11:36 | 503 | http://www.ichemistry.cn/chemistry/9007-49-2.htm
2025-09-01 21:11:37 | 503 | http://www.ichemistry.cn/chemistry/118727-34-7.htm
2025-09-01 21:11:38 | 503 | http://www.ichemistry.cn/chemistry/9036-06-0.htm
2025-09-01 21:11:39 | 503 | http://www.ichemistry.cn/chemistry/81295-27-4.htm
2025-09-01 21:11:40 | 503 | http://www.ichemistry.cn/chemistry/892711-75-0.htm
2025-09-01 21:11:41 | 503 | http://www.ichemistry.cn/chemistry/345974-11-4.htm
2025-09-01 21:11:41 | 503 | http://www.ichemistry.cn/chemistry/1017794-47-6.htm
2025-09-01 21:11:42 | 503 | http://www.ichemistry.cn/chemistry/15042-77-0.htm
2025-09-01 21:11:43 | 503 | http://www.ichemistry.cn/chemistry/12003-41-7.htm
2025-09-01 21:11:43 | 503 | http://www.ichemistry.cn/chemistry/66449-09-0.htm
2025-09-01 21:11:44 | 503 | http://www.ichemistry.cn/chemistry/10028-18-8.htm
2025-09-01 21:11:45 | 503 | http://www.ichemistry.cn/chemistry/6051-43-9.htm
2025-09-01 21:11:45 | 503 | http://www.ichemistry.cn/chemistry/1260228-95-2.htm
2025-09-01 21:11:46 | 503 | http://www.ichemistry.cn/chemistry/9001-37-0.htm
2025-09-01 21:11:46 | 503 | http://www.ichemistry.cn/chemistry/28342-75-8.htm
2025-09-01 21:11:47 | 503 | http://www.ichemistry.cn/chemistry/9007-34-5.htm
2025-09-01 21:11:47 | 503 | http://www.ichemistry.cn/chemistry/177735-55-6.htm
2025-09-01 21:11:48 | 503 | http://www.ichemistry.cn/chemistry/17199-55-2.htm
2025-09-01 21:11:48 | 404 | http://www.ichemistry.cn/chemistry/7758-88-5?.htm
2025-09-01 21:11:49 | 503 | http://www.ichemistry.cn/chemistry/13453-41-3.htm
2025-09-01 21:11:49 | 503 | http://www.ichemistry.cn/chemistry/17026-06-1.htm
2025-09-01 21:11:49 | 503 | http://www.ichemistry.cn/chemistry/1224606-06-7.htm
2025-09-01 21:11:50 | 503 | http://www.ichemistry.cn/chemistry/1237479-38-7.htm
2025-09-01 21:11:50 | 503 | http://www.ichemistry.cn/chemistry/9012-90-2.htm
2025-09-01 21:11:51 | 503 | http://www.ichemistry.cn/chemistry/1317-93-7.htm
2025-09-01 21:11:52 | 503 | http://www.ichemistry.cn/chemistry/20-72-9.htm
2025-09-01 21:11:53 | 503 | http://www.ichemistry.cn/chemistry/56411-57-5.htm
2025-09-01 21:11:53 | 503 | http://www.ichemistry.cn/chemistry/41052-75-9.htm
2025-09-01 21:11:54 | 503 | http://www.ichemistry.cn/chemistry/1268524-70-4.htm
2025-09-01 21:11:55 | 503 | http://www.ichemistry.cn/chemistry/8013-01-2.htm
2025-09-01 21:11:55 | 503 | http://www.ichemistry.cn/chemistry/122-87-6.htm
2025-09-01 21:11:55 | 503 | http://www.ichemistry.cn/chemistry/112060-59-2.htm
2025-09-01 21:11:56 | 404 | http://www.ichemistry.cn/chemistry/1976-9-5.htm
2025-09-01 21:11:56 | 503 | http://www.ichemistry.cn/chemistry/12205-44-6.htm
2025-09-01 21:11:57 | 503 | http://www.ichemistry.cn/chemistry/11135-81-2.htm
2025-09-01 21:11:58 | 503 | http://www.ichemistry.cn/chemistry/9004-64-2.htm
2025-09-01 21:11:58 | 503 | http://www.ichemistry.cn/chemistry/90622-53-0.htm
2025-09-01 21:11:59 | 503 | http://www.ichemistry.cn/chemistry/8001-30-7.htm
2025-09-01 21:12:00 | 503 | http://www.ichemistry.cn/chemistry/119301-59-6.htm
2025-09-01 21:12:00 | 503 | http://www.ichemistry.cn/chemistry/83411-71-6.htm
2025-09-01 21:12:01 | 503 | http://www.ichemistry.cn/chemistry/73038-25-2.htm
2025-09-01 21:12:01 | 503 | http://www.ichemistry.cn/chemistry/5422-44-6.htm
2025-09-01 21:12:02 | 503 | http://www.ichemistry.cn/chemistry/8008-74-0.htm
2025-09-01 21:12:02 | 503 | http://www.ichemistry.cn/chemistry/68971-03-9.htm
2025-09-01 21:12:03 | 503 | http://www.ichemistry.cn/chemistry/19883-74-0.htm
2025-09-01 21:12:03 | 503 | http://www.ichemistry.cn/chemistry/2361659-62-1.htm
2025-09-01 21:12:03 | 503 | http://www.ichemistry.cn/chemistry/12063-20-0.htm
2025-09-01 21:12:04 | 503 | http://www.ichemistry.cn/chemistry/91742-21-1.htm
2025-09-01 21:12:04 | 503 | http://www.ichemistry.cn/chemistry/61788-85-0.htm
2025-09-01 21:12:05 | 503 | http://www.ichemistry.cn/chemistry/1192027-04-5.htm
2025-09-01 21:12:06 | 503 | http://www.ichemistry.cn/chemistry/4265-58-1.htm
2025-09-01 21:12:07 | 503 | http://www.ichemistry.cn/chemistry/109215-55-6.htm
2025-09-01 21:12:07 | 503 | http://www.ichemistry.cn/chemistry/56842-95-6.htm
2025-09-01 21:12:07 | 404 | http://www.ichemistry.cn/chemistry/629-9-97-0.htm
2025-09-01 21:12:08 | 503 | http://www.ichemistry.cn/chemistry/8042-47-5.htm
2025-09-01 21:12:09 | 503 | http://www.ichemistry.cn/chemistry/9001-78-9.htm
2025-09-01 21:12:09 | 503 | http://www.ichemistry.cn/chemistry/151059-43-7.htm
2025-09-01 21:23:06 | 503 | http://www.ichemistry.cn/chemistry/81859-24-7.htm
2025-09-01 21:23:06 | 503 | http://www.ichemistry.cn/chemistry/345974-11-4.htm
2025-09-01 21:23:07 | 503 | http://www.ichemistry.cn/chemistry/595-49-3.htm
2025-09-01 21:39:36 | 503 | http://www.ichemistry.cn/chemistry/12390-04-2.htm
2025-09-01 21:39:36 | 503 | http://www.ichemistry.cn/chemistry/13763-67-2.htm
2025-09-01 21:39:37 | 503 | http://www.ichemistry.cn/chemistry/9041-35-4.htm
2025-09-01 22:21:12 | 404 | http://www.ichemistry.cn/chemistry/1537199-53-3.htm
2025-09-01 22:21:14 | 404 | http://www.ichemistry.cn/chemistry/1204389-23-0.htm
2025-09-01 22:21:17 | 404 | http://www.ichemistry.cn/chemistry/471907-87-6.htm
2025-09-01 22:21:18 | 404 | http://www.ichemistry.cn/chemistry/945865-80-5.htm
2025-09-01 22:21:19 | 404 | http://www.ichemistry.cn/chemistry/102522-32-7.htm
2025-09-01 22:21:20 | 404 | http://www.ichemistry.cn/chemistry/466-40-0.htm
2025-09-01 22:21:21 | 404 | http://www.ichemistry.cn/chemistry/12067-06-4.htm
2025-09-01 22:21:21 | 404 | http://www.ichemistry.cn/chemistry/222-222.htm
2025-09-01 22:21:23 | 404 | http://www.ichemistry.cn/chemistry/135072-82-1.htm
2025-09-01 22:21:25 | 404 | http://www.ichemistry.cn/chemistry/2615-25-0?.htm
2025-09-01 22:21:26 | 404 | http://www.ichemistry.cn/chemistry/5155-67-9.htm
2025-09-01 22:21:27 | 404 | http://www.ichemistry.cn/chemistry/68109-03-5.htm
2025-09-01 22:21:28 | 404 | http://www.ichemistry.cn/chemistry/45298-90-6.htm
2025-09-01 22:21:28 | 404 | http://www.ichemistry.cn/chemistry/90506-80-2.htm
2025-09-01 22:21:29 | 404 | http://www.ichemistry.cn/chemistry/1317-93-7.htm
2025-09-01 22:21:30 | 404 | http://www.ichemistry.cn/chemistry/9903-11-6.htm
2025-09-01 22:21:30 | 404 | http://www.ichemistry.cn/chemistry/12003-41-7.htm
2025-09-01 22:21:31 | 404 | http://www.ichemistry.cn/chemistry/100669-96-3.htm
2025-09-01 22:21:33 | 404 | http://www.ichemistry.cn/chemistry/38094-35-8.htm
2025-09-01 22:21:38 | 404 | http://www.ichemistry.cn/chemistry/749262-24-6.htm
2025-09-01 22:21:41 | 404 | http://www.ichemistry.cn/chemistry/1344-28-2.htm
2025-09-01 22:21:42 | 404 | http://www.ichemistry.cn/chemistry/121--54-0.htm
2025-09-01 22:21:44 | 404 | http://www.ichemistry.cn/chemistry/42448-04-4.htm
2025-09-01 22:21:50 | 404 | http://www.ichemistry.cn/chemistry/21658-70-8.htm
2025-09-01 22:21:51 | 404 | http://www.ichemistry.cn/chemistry/76-42-5.htm
2025-09-01 22:21:51 | 404 | http://www.ichemistry.cn/chemistry/1271-48-30000.htm
2025-09-01 22:21:54 | 404 | http://www.ichemistry.cn/chemistry/1488-99-9.htm
2025-09-01 22:21:55 | 404 | http://www.ichemistry.cn/chemistry/1220714-37-3.htm
2025-09-01 22:21:56 | 404 | http://www.ichemistry.cn/chemistry/56545-22-3.htm
2025-09-01 22:21:57 | 404 | http://www.ichemistry.cn/chemistry/107599-30-4.htm
2025-09-01 22:21:57 | 404 | http://www.ichemistry.cn/chemistry/60676-86-0+1336-21-6.htm
2025-09-01 22:21:59 | 404 | http://www.ichemistry.cn/chemistry/153467-50-6.htm
2025-09-01 22:21:59 | 404 | http://www.ichemistry.cn/chemistry/168547-43-1.htm
2025-09-01 22:22:00 | 404 | http://www.ichemistry.cn/chemistry/3133-16-2.htm
2025-09-01 22:22:00 | 404 | http://www.ichemistry.cn/chemistry/2089293-61-6.htm
2025-09-01 22:22:00 | 404 | http://www.ichemistry.cn/chemistry/1625-85-4.htm
2025-09-01 22:22:00 | 404 | http://www.ichemistry.cn/chemistry/1846598-27-3.htm
2025-09-01 22:22:01 | 404 | http://www.ichemistry.cn/chemistry/143556-24-5.htm
2025-09-01 22:22:01 | 404 | http://www.ichemistry.cn/chemistry/558484-21-2.htm
2025-09-01 22:22:01 | 404 | http://www.ichemistry.cn/chemistry/6379-72-2.htm
2025-09-01 22:22:02 | 404 | http://www.ichemistry.cn/chemistry/3734-52-9.htm
2025-09-01 22:22:02 | 404 | http://www.ichemistry.cn/chemistry/586-20-7.htm
2025-09-01 22:22:02 | 404 | http://www.ichemistry.cn/chemistry/18628-07-4.htm
2025-09-01 22:22:03 | 404 | http://www.ichemistry.cn/chemistry/88590-00-5.htm
2025-09-01 22:22:03 | 404 | http://www.ichemistry.cn/chemistry/35963-26-3.htm
2025-09-01 22:22:04 | 404 | http://www.ichemistry.cn/chemistry/151059-43-7.htm
2025-09-01 22:22:06 | 404 | http://www.ichemistry.cn/chemistry/13104-40-3.htm
2025-09-01 22:22:07 | 404 | http://www.ichemistry.cn/chemistry/200878-50-8.htm
2025-09-01 22:22:07 | 404 | http://www.ichemistry.cn/chemistry/91742-21-1.htm
2025-09-01 22:22:08 | 404 | http://www.ichemistry.cn/chemistry/15243-48-8.htm
2025-09-01 22:22:09 | 404 | http://www.ichemistry.cn/chemistry/14635-75-7NOBF4.htm
2025-09-01 22:22:09 | 404 | http://www.ichemistry.cn/chemistry/14216-88-7.htm
2025-09-01 22:22:10 | 404 | http://www.ichemistry.cn/chemistry/301356-95-6.htm
2025-09-01 22:22:10 | 404 | http://www.ichemistry.cn/chemistry/68971-03-9.htm
2025-09-01 22:22:12 | 404 | http://www.ichemistry.cn/chemistry/122955-13-9.htm
2025-09-01 22:22:13 | 404 | http://www.ichemistry.cn/chemistry/58464-47-4.htm
2025-09-01 22:22:14 | 404 | http://www.ichemistry.cn/chemistry/8103-07-8.htm
2025-09-01 22:22:15 | 404 | http://www.ichemistry.cn/chemistry/71515-74-7.htm
2025-09-01 22:22:15 | 404 | http://www.ichemistry.cn/chemistry/441054-54-2.htm
2025-09-01 22:22:16 | 404 | http://www.ichemistry.cn/chemistry/57875-67-9.htm
2025-09-01 22:22:17 | 404 | http://www.ichemistry.cn/chemistry/2479-62-1.htm
2025-09-01 22:22:19 | 404 | http://www.ichemistry.cn/chemistry/20445-94-7.htm
2025-09-01 22:22:20 | 404 | http://www.ichemistry.cn/chemistry/1240557-01-0.htm
2025-09-01 22:22:23 | 404 | http://www.ichemistry.cn/chemistry/845959-50-4.htm
2025-09-01 22:22:24 | 404 | http://www.ichemistry.cn/chemistry/2642-31-9.htm
2025-09-01 22:22:25 | 404 | http://www.ichemistry.cn/chemistry/1976-9-5.htm
2025-09-01 22:22:26 | 404 | http://www.ichemistry.cn/chemistry/144692-85-3.htm
2025-09-01 22:22:28 | 404 | http://www.ichemistry.cn/chemistry/1675201-83-8.htm
2025-09-01 22:22:29 | 404 | http://www.ichemistry.cn/chemistry/101003-80-9.htm
2025-09-01 22:22:30 | 404 | http://www.ichemistry.cn/chemistry/474966-97-7.htm
2025-09-01 22:22:30 | 404 | http://www.ichemistry.cn/chemistry/32823-06-67.htm
2025-09-01 22:22:31 | 404 | http://www.ichemistry.cn/chemistry/719-98-2.htm
2025-09-01 22:22:32 | 404 | http://www.ichemistry.cn/chemistry/556-10-5.htm
2025-09-01 22:22:34 | 404 | http://www.ichemistry.cn/chemistry/10025-91-9?.htm
2025-09-01 22:22:34 | 404 | http://www.ichemistry.cn/chemistry/81517-60-4.htm
2025-09-01 22:22:35 | 404 | http://www.ichemistry.cn/chemistry/22313-62-8.htm
2025-09-01 22:22:40 | 404 | http://www.ichemistry.cn/chemistry/1829-22-7.htm
2025-09-01 22:22:42 | 404 | http://www.ichemistry.cn/chemistry/335161-03-0.htm
2025-09-01 22:22:43 | 404 | http://www.ichemistry.cn/chemistry/10361-63-1.htm
2025-09-01 22:22:44 | 404 | http://www.ichemistry.cn/chemistry/20999-38-6.htm
2025-09-01 22:22:47 | 404 | http://www.ichemistry.cn/chemistry/485807-08-7.htm
2025-09-01 22:22:49 | 404 | http://www.ichemistry.cn/chemistry/23449-08-3.htm
2025-09-01 22:22:49 | 404 | http://www.ichemistry.cn/chemistry/371921-44-7.htm
2025-09-01 22:22:49 | 404 | http://www.ichemistry.cn/chemistry/937-40-4.htm
2025-09-01 22:22:52 | 404 | http://www.ichemistry.cn/chemistry/67066-09-5.htm
2025-09-01 22:22:53 | 404 | http://www.ichemistry.cn/chemistry/1477512-32-5.htm
2025-09-01 22:22:53 | 404 | http://www.ichemistry.cn/chemistry/800394-58-5.htm
2025-09-01 22:22:56 | 404 | http://www.ichemistry.cn/chemistry/6051-43-9.htm
2025-09-01 22:22:57 | 404 | http://www.ichemistry.cn/chemistry/1268271-77-7.htm
2025-09-01 22:22:58 | 404 | http://www.ichemistry.cn/chemistry/21329-70-4.htm
2025-09-01 22:22:58 | 404 | http://www.ichemistry.cn/chemistry/251099-16-8.htm
2025-09-01 22:23:00 | 404 | http://www.ichemistry.cn/chemistry/51688-75-6.htm
2025-09-01 22:23:01 | 404 | http://www.ichemistry.cn/chemistry/1504585-16-3.htm
2025-09-01 22:23:02 | 404 | http://www.ichemistry.cn/chemistry/929881-46-9.htm
2025-09-01 22:23:05 | 404 | http://www.ichemistry.cn/chemistry/1414662-67-1.htm
2025-09-01 22:23:10 | 404 | http://www.ichemistry.cn/chemistry/158061-40-6.htm
2025-09-01 22:23:12 | 404 | http://www.ichemistry.cn/chemistry/916849-52-0.htm
2025-09-01 22:23:17 | 404 | http://www.ichemistry.cn/chemistry/22139-65-7.htm
2025-09-01 22:23:19 | 404 | http://www.ichemistry.cn/chemistry/37340-23-1.htm
2025-09-01 22:23:21 | 404 | http://www.ichemistry.cn/chemistry/1347750-85-9.htm
2025-09-01 22:23:25 | 404 | http://www.ichemistry.cn/chemistry/51753-57-6.htm
2025-09-01 22:23:28 | 404 | http://www.ichemistry.cn/chemistry/1599466-81-5.htm
2025-09-01 22:23:31 | 404 | http://www.ichemistry.cn/chemistry/61-74-9.htm
2025-09-01 22:23:32 | 404 | http://www.ichemistry.cn/chemistry/41584-11-6.htm
2025-09-01 22:23:37 | 404 | http://www.ichemistry.cn/chemistry/222-21-9.htm
2025-09-01 22:23:39 | 404 | http://www.ichemistry.cn/chemistry/1260228-95-2.htm
2025-09-01 22:23:41 | 404 | http://www.ichemistry.cn/chemistry/25659-29-4.htm
2025-09-01 22:23:42 | 404 | http://www.ichemistry.cn/chemistry/1415238-25-3.htm
2025-09-01 22:23:46 | 404 | http://www.ichemistry.cn/chemistry/1469924-27-3.htm
2025-09-01 22:23:47 | 404 | http://www.ichemistry.cn/chemistry/14659-58-6.htm
2025-09-01 22:23:49 | 404 | http://www.ichemistry.cn/chemistry/65836-72-8.htm
2025-09-01 22:23:51 | 404 | http://www.ichemistry.cn/chemistry/109215-55-6.htm
2025-09-01 22:23:53 | 404 | http://www.ichemistry.cn/chemistry/1065505-47-6.htm
2025-09-01 22:23:57 | 404 | http://www.ichemistry.cn/chemistry/56960-31-7.htm
2025-09-01 22:24:04 | 404 | http://www.ichemistry.cn/chemistry/112060-59-2.htm
2025-09-01 22:24:06 | 404 | http://www.ichemistry.cn/chemistry/157009-81-9.htm
2025-09-01 22:24:12 | 404 | http://www.ichemistry.cn/chemistry/804560-00-7.htm
2025-09-01 22:24:14 | 404 | http://www.ichemistry.cn/chemistry/1393343-58-2.htm
2025-09-01 22:24:17 | 404 | http://www.ichemistry.cn/chemistry/203395-29-3.htm
2025-09-01 22:24:24 | 404 | http://www.ichemistry.cn/chemistry/17199-58-5.htm
2025-09-01 22:24:26 | 404 | http://www.ichemistry.cn/chemistry/36418-34-5.htm
2025-09-01 22:24:26 | 404 | http://www.ichemistry.cn/chemistry/357-57-3-1.htm
2025-09-01 22:24:32 | 404 | http://www.ichemistry.cn/chemistry/183681-65-4.htm
2025-09-01 22:24:34 | 404 | http://www.ichemistry.cn/chemistry/960315-53-1.htm
2025-09-01 22:24:40 | 404 | http://www.ichemistry.cn/chemistry/16049-64-8.htm
2025-09-01 22:24:44 | 404 | http://www.ichemistry.cn/chemistry/1623-69-8.htm
2025-09-01 22:24:48 | 404 | http://www.ichemistry.cn/chemistry/5155-30-0.htm
2025-09-01 22:24:51 | 404 | http://www.ichemistry.cn/chemistry/134879-44-0.htm
2025-09-01 22:24:54 | 404 | http://www.ichemistry.cn/chemistry/2168540-65-4.htm
2025-09-01 22:24:57 | 404 | http://www.ichemistry.cn/chemistry/953018-05-8.htm
2025-09-01 22:25:04 | 404 | http://www.ichemistry.cn/chemistry/267221-88-5.htm
2025-09-01 22:25:07 | 404 | http://www.ichemistry.cn/chemistry/18992-85-3.htm
2025-09-01 22:25:12 | 404 | http://www.ichemistry.cn/chemistry/366008-67-5.htm
2025-09-01 22:25:13 | 404 | http://www.ichemistry.cn/chemistry/1045795-70-7.htm
2025-09-01 22:25:14 | 404 | http://www.ichemistry.cn/chemistry/1026680-07-8.htm
2025-09-01 22:25:16 | 404 | http://www.ichemistry.cn/chemistry/6962-04-5.htm
2025-09-01 22:25:17 | 404 | http://www.ichemistry.cn/chemistry/9688-25-7.htm
2025-09-01 22:25:18 | 404 | http://www.ichemistry.cn/chemistry/1442458-61-8.htm
2025-09-01 22:25:19 | 404 | http://www.ichemistry.cn/chemistry/73676-31-0.htm
2025-09-01 22:25:19 | 404 | http://www.ichemistry.cn/chemistry/67-20-9C8H6N4O5.htm
2025-09-01 22:25:20 | 404 | http://www.ichemistry.cn/chemistry/46742-95-6.htm
2025-09-01 22:25:23 | 404 | http://www.ichemistry.cn/chemistry/133395-16-1.htm
2025-09-01 22:25:25 | 404 | http://www.ichemistry.cn/chemistry/3028-17-5.htm
2025-09-01 22:25:26 | 404 | http://www.ichemistry.cn/chemistry/98650-04-5.htm
2025-09-01 22:25:27 | 404 | http://www.ichemistry.cn/chemistry/68476-77-7.htm
2025-09-01 22:25:28 | 404 | http://www.ichemistry.cn/chemistry/174063-87-7.htm
2025-09-01 22:25:29 | 404 | http://www.ichemistry.cn/chemistry/7787-73-5.htm
2025-09-01 22:25:30 | 404 | http://www.ichemistry.cn/chemistry/13732-37-2.htm
2025-09-01 22:25:30 | 404 | http://www.ichemistry.cn/chemistry/2328-12-9.htm
2025-09-01 22:25:37 | 404 | http://www.ichemistry.cn/chemistry/4265-58-1.htm
2025-09-01 22:25:38 | 404 | http://www.ichemistry.cn/chemistry/534-30-5.htm
2025-09-01 22:25:39 | 404 | http://www.ichemistry.cn/chemistry/1849616-42-7.htm
2025-09-01 22:25:40 | 404 | http://www.ichemistry.cn/chemistry/66449-09-0.htm
2025-09-01 22:25:40 | 404 | http://www.ichemistry.cn/chemistry/7083-55-6.htm
2025-09-01 22:25:40 | 404 | http://www.ichemistry.cn/chemistry/1938081-40-3.htm
2025-09-01 22:25:41 | 404 | http://www.ichemistry.cn/chemistry/55643-30-6.htm
2025-09-01 22:25:41 | 404 | http://www.ichemistry.cn/chemistry/16647-78-5.htm
2025-09-01 22:25:42 | 404 | http://www.ichemistry.cn/chemistry/125-62-6.htm
2025-09-01 22:25:42 | 404 | http://www.ichemistry.cn/chemistry/1224606-06-7.htm
2025-09-01 22:25:42 | 404 | http://www.ichemistry.cn/chemistry/468-07-5.htm
2025-09-01 22:25:43 | 404 | http://www.ichemistry.cn/chemistry/12390-04-2.htm
2025-09-01 22:25:44 | 404 | http://www.ichemistry.cn/chemistry/7718-50-9.htm
2025-09-01 22:25:44 | 404 | http://www.ichemistry.cn/chemistry/7758-88-5?.htm
2025-09-01 22:25:45 | 404 | http://www.ichemistry.cn/chemistry/135507-00-5.htm
2025-09-01 22:25:45 | 404 | http://www.ichemistry.cn/chemistry/1445723-73-8.htm
2025-09-01 22:25:46 | 404 | http://www.ichemistry.cn/chemistry/2361659-62-1.htm
2025-09-01 22:25:46 | 404 | http://www.ichemistry.cn/chemistry/37083-40-2.htm
2025-09-01 22:25:49 | 404 | http://www.ichemistry.cn/chemistry/928712-10-1.htm
2025-09-01 22:25:49 | 404 | http://www.ichemistry.cn/chemistry/8063-14-7;6465-30-1.htm
2025-09-01 22:25:50 | 404 | http://www.ichemistry.cn/chemistry/914770-45-9.htm
2025-09-01 22:25:51 | 404 | http://www.ichemistry.cn/chemistry/107326-29-4.htm
2025-09-01 22:25:53 | 404 | http://www.ichemistry.cn/chemistry/1513-87-7.htm
2025-09-01 22:25:53 | 404 | http://www.ichemistry.cn/chemistry/94469-32-6.htm
2025-09-01 22:25:53 | 404 | http://www.ichemistry.cn/chemistry/105827-78-9(H2O).htm
2025-09-01 22:25:53 | 404 | http://www.ichemistry.cn/chemistry/140681 - 55 - 6.htm
2025-09-01 22:25:54 | 404 | http://www.ichemistry.cn/chemistry/350024-36-1.htm
2025-09-01 22:25:56 | 404 | http://www.ichemistry.cn/chemistry/28342-75-8.htm
2025-09-01 22:25:58 | 404 | http://www.ichemistry.cn/chemistry/12111-19-2.htm
2025-09-01 22:25:59 | 404 | http://www.ichemistry.cn/chemistry/14488-45-0.htm
2025-09-01 22:26:03 | 404 | http://www.ichemistry.cn/chemistry/3691-78-9.htm
2025-09-01 22:26:04 | 404 | http://www.ichemistry.cn/chemistry/808-24-2.htm
2025-09-01 22:26:06 | 404 | http://www.ichemistry.cn/chemistry/54824-17-7.htm
2025-09-01 22:26:09 | 404 | http://www.ichemistry.cn/chemistry/892711-75-0.htm
2025-09-01 22:26:15 | 404 | http://www.ichemistry.cn/chemistry/341556-86-3.htm
2025-09-01 22:26:17 | 404 | http://www.ichemistry.cn/chemistry/68920-26-3.htm
2025-09-01 22:26:23 | 404 | http://www.ichemistry.cn/chemistry/1646906-26-4.htm
2025-09-01 22:26:26 | 404 | http://www.ichemistry.cn/chemistry/623157-25-5.htm
2025-09-01 22:26:30 | 404 | http://www.ichemistry.cn/chemistry/28302-50-3.htm
2025-09-01 22:26:35 | 404 | http://www.ichemistry.cn/chemistry/7732-14-0.htm
2025-09-01 22:26:37 | 404 | http://www.ichemistry.cn/chemistry/2083617-82-5.htm
2025-09-01 22:26:38 | 404 | http://www.ichemistry.cn/chemistry/1255309-13-7.htm
2025-09-01 22:26:41 | 404 | http://www.ichemistry.cn/chemistry/1874200-71-1.htm
2025-09-01 22:26:43 | 404 | http://www.ichemistry.cn/chemistry/54-04--6.htm
2025-09-01 22:26:44 | 404 | http://www.ichemistry.cn/chemistry/34311-88-1.htm
2025-09-01 22:26:45 | 404 | http://www.ichemistry.cn/chemistry/873655-81-3.htm
2025-09-01 22:26:48 | 404 | http://www.ichemistry.cn/chemistry/5514-98-7.htm
2025-09-01 22:26:51 | 404 | http://www.ichemistry.cn/chemistry/17805-19-5.htm
2025-09-01 22:26:52 | 404 | http://www.ichemistry.cn/chemistry/30626-03-0.htm
2025-09-01 22:26:52 | 404 | http://www.ichemistry.cn/chemistry/20324-26-9.htm
2025-09-01 22:26:52 | 404 | http://www.ichemistry.cn/chemistry/1017794-47-6.htm
2025-09-01 22:26:52 | 404 | http://www.ichemistry.cn/chemistry/58452-28-1.htm
2025-09-01 22:26:53 | 404 | http://www.ichemistry.cn/chemistry/23667-06-3.htm
2025-09-01 22:26:53 | 404 | http://www.ichemistry.cn/chemistry/776242-98-9.htm
2025-09-01 22:26:55 | 404 | http://www.ichemistry.cn/chemistry/16648-44-5.htm
2025-09-01 22:26:56 | 404 | http://www.ichemistry.cn/chemistry/51601-28-6.htm
2025-09-01 22:26:56 | 404 | http://www.ichemistry.cn/chemistry/9007-34-5-1.htm
2025-09-01 22:26:57 | 404 | http://www.ichemistry.cn/chemistry/69272-50-0.htm
2025-09-01 22:26:59 | 404 | http://www.ichemistry.cn/chemistry/1416881-50-9.htm
2025-09-01 22:39:41 | 404 | http://www.ichemistry.cn/chemistry/21658-70-8.htm
2025-09-01 22:39:45 | 404 | http://www.ichemistry.cn/chemistry/1257220-47-5.htm
2025-09-01 22:39:45 | 404 | http://www.ichemistry.cn/chemistry/67-20-9C8H6N4O5.htm
2025-09-01 22:39:47 | 404 | http://www.ichemistry.cn/chemistry/23321-74-6.htm
2025-09-01 22:39:50 | 404 | http://www.ichemistry.cn/chemistry/1393343-58-2.htm
2025-09-01 22:39:51 | 404 | http://www.ichemistry.cn/chemistry/93924-40-4.htm
2025-09-01 22:39:51 | 404 | http://www.ichemistry.cn/chemistry/7550-35-4.htm
2025-09-01 22:39:52 | 404 | http://www.ichemistry.cn/chemistry/12111-19-2.htm
2025-09-01 22:39:53 | 404 | http://www.ichemistry.cn/chemistry/40058-87-5.htm
2025-09-01 22:39:56 | 404 | http://www.ichemistry.cn/chemistry/120-88-9.htm
2025-09-01 22:39:59 | 404 | http://www.ichemistry.cn/chemistry/86867-01-8.htm
2025-09-01 22:40:00 | 404 | http://www.ichemistry.cn/chemistry/16807-13-9.htm
2025-09-01 22:40:03 | 404 | http://www.ichemistry.cn/chemistry/2361659-62-1.htm
2025-09-01 22:40:08 | 404 | http://www.ichemistry.cn/chemistry/37340-23-1.htm
2025-09-01 22:40:10 | 404 | http://www.ichemistry.cn/chemistry/94469-32-6.htm
2025-09-01 22:40:11 | 404 | http://www.ichemistry.cn/chemistry/61197-73-7.htm
2025-09-01 22:40:12 | 404 | http://www.ichemistry.cn/chemistry/5155-67-9.htm
2025-09-01 22:40:14 | 404 | http://www.ichemistry.cn/chemistry/203395-29-3.htm
2025-09-01 22:40:17 | 404 | http://www.ichemistry.cn/chemistry/143556-24-5.htm
2025-09-01 22:40:18 | 404 | http://www.ichemistry.cn/chemistry/1435-54-7.htm
2025-09-01 22:40:21 | 404 | http://www.ichemistry.cn/chemistry/10361-63-1.htm
2025-09-01 22:40:22 | 404 | http://www.ichemistry.cn/chemistry/15567-09-6.htm
2025-09-01 22:40:23 | 404 | http://www.ichemistry.cn/chemistry/12018-01-08.htm
2025-09-01 22:40:24 | 404 | http://www.ichemistry.cn/chemistry/16648-44-5.htm
2025-09-01 22:40:26 | 404 | http://www.ichemistry.cn/chemistry/1445723-73-8.htm
2025-09-01 22:40:27 | 404 | http://www.ichemistry.cn/chemistry/824426-32-6.htm
2025-09-01 22:40:28 | 404 | http://www.ichemistry.cn/chemistry/586-20-7.htm
2025-09-01 22:40:29 | 404 | http://www.ichemistry.cn/chemistry/10099-57-3.htm
2025-09-01 22:40:30 | 404 | http://www.ichemistry.cn/chemistry/112060-59-2.htm
2025-09-01 22:40:30 | 404 | http://www.ichemistry.cn/chemistry/33864-17-4.htm
2025-09-01 22:40:32 | 404 | http://www.ichemistry.cn/chemistry/15457-98-4.htm
2025-09-01 22:40:34 | 404 | http://www.ichemistry.cn/chemistry/6379-72-2.htm
2025-09-01 22:40:35 | 404 | http://www.ichemistry.cn/chemistry/28543-07-9.htm
2025-09-01 22:40:37 | 404 | http://www.ichemistry.cn/chemistry/171820-04-5.htm
2025-09-01 22:40:38 | 404 | http://www.ichemistry.cn/chemistry/945865-80-5.htm
2025-09-01 22:40:41 | 404 | http://www.ichemistry.cn/chemistry/1221182-02-0.htm
2025-09-01 22:40:42 | 404 | http://www.ichemistry.cn/chemistry/101003-80-9.htm
2025-09-01 22:40:42 | 404 | http://www.ichemistry.cn/chemistry/1123-54-2?.htm
2025-09-01 22:40:43 | 404 | http://www.ichemistry.cn/chemistry/1415238-25-3.htm
2025-09-01 22:40:43 | 404 | http://www.ichemistry.cn/chemistry/151059-43-7.htm
2025-09-01 22:40:44 | 404 | http://www.ichemistry.cn/chemistry/1268271-77-7.htm
2025-09-01 22:40:44 | 404 | http://www.ichemistry.cn/chemistry/103837-45-2.htm
2025-09-01 22:40:45 | 404 | http://www.ichemistry.cn/chemistry/30626-03-0.htm
2025-09-01 22:40:46 | 404 | http://www.ichemistry.cn/chemistry/177315-87-6.htm
2025-09-01 22:40:48 | 404 | http://www.ichemistry.cn/chemistry/71195-58-9.htm
2025-09-01 22:40:50 | 404 | http://www.ichemistry.cn/chemistry/61-74-9.htm
2025-09-01 22:40:51 | 404 | http://www.ichemistry.cn/chemistry/160743-62-4.htm
2025-09-01 22:40:52 | 404 | http://www.ichemistry.cn/chemistry/53916-94-2.htm
2025-09-01 22:40:56 | 404 | http://www.ichemistry.cn/chemistry/2083617-82-5.htm
2025-09-01 22:41:10 | 404 | http://www.ichemistry.cn/chemistry/2377770-18-6.htm
2025-09-01 22:41:17 | 404 | http://www.ichemistry.cn/chemistry/808-24-2.htm
2025-09-01 22:41:21 | 404 | http://www.ichemistry.cn/chemistry/12066-69-8.htm
2025-09-01 22:41:27 | 404 | http://www.ichemistry.cn/chemistry/1849616-42-7.htm
2025-09-01 22:41:30 | 404 | http://www.ichemistry.cn/chemistry/1001753-24-7.htm
2025-09-01 22:41:30 | 404 | http://www.ichemistry.cn/chemistry/54-04--6.htm
2025-09-01 22:41:31 | 404 | http://www.ichemistry.cn/chemistry/3028-17-5.htm
2025-09-01 22:41:33 | 404 | http://www.ichemistry.cn/chemistry/1246308-85-9.htm
2025-09-01 22:41:35 | 404 | http://www.ichemistry.cn/chemistry/1599466-81-5.htm
2025-09-01 22:41:38 | 404 | http://www.ichemistry.cn/chemistry/722494-26-0.htm
2025-09-01 22:41:40 | 404 | http://www.ichemistry.cn/chemistry/81517-60-4.htm
2025-09-01 22:41:42 | 404 | http://www.ichemistry.cn/chemistry/1346621-21-3.htm
2025-09-01 22:41:51 | 404 | http://www.ichemistry.cn/chemistry/13453-41-3.htm
2025-09-01 22:41:57 | 404 | http://www.ichemistry.cn/chemistry/953018-05-8.htm
2025-09-01 22:42:02 | 404 | http://www.ichemistry.cn/chemistry/68971-03-9.htm
2025-09-01 22:42:03 | 404 | http://www.ichemistry.cn/chemistry/177735-55-6.htm
2025-09-01 22:42:07 | 404 | http://www.ichemistry.cn/chemistry/18628-07-4.htm
2025-09-01 22:42:08 | 404 | http://www.ichemistry.cn/chemistry/1313712-90-1.htm
2025-09-01 22:42:12 | 404 | http://www.ichemistry.cn/chemistry/606-68-8 (anhydrous).htm
2025-09-01 22:42:13 | 404 | http://www.ichemistry.cn/chemistry/830-50-6.htm
2025-09-01 22:42:14 | 404 | http://www.ichemistry.cn/chemistry/100669-96-3.htm
2025-09-01 22:42:16 | 404 | http://www.ichemistry.cn/chemistry/7718-50-9.htm
2025-09-01 22:42:17 | 404 | http://www.ichemistry.cn/chemistry/1305711-40-3.htm
2025-09-01 22:42:18 | 404 | http://www.ichemistry.cn/chemistry/96319-55-0.htm
2025-09-01 22:42:22 | 404 | http://www.ichemistry.cn/chemistry/471907-87-6.htm
2025-09-01 22:42:32 | 404 | http://www.ichemistry.cn/chemistry/17805-19-5.htm
2025-09-01 22:42:38 | 404 | http://www.ichemistry.cn/chemistry/1357572-66-7.htm
2025-09-01 22:42:39 | 404 | http://www.ichemistry.cn/chemistry/60298-18-2.htm
2025-09-01 22:42:46 | 404 | http://www.ichemistry.cn/chemistry/20347-71-1.htm
2025-09-01 22:42:49 | 404 | http://www.ichemistry.cn/chemistry/7732-14-0.htm
2025-09-01 22:42:51 | 404 | http://www.ichemistry.cn/chemistry/7152-42-3.htm
2025-09-01 22:42:53 | 404 | http://www.ichemistry.cn/chemistry/1442458-61-8.htm
2025-09-01 22:42:55 | 404 | http://www.ichemistry.cn/chemistry/147045-24-7.htm
2025-09-01 22:42:57 | 404 | http://www.ichemistry.cn/chemistry/2479-62-1.htm
2025-09-01 22:43:04 | 404 | http://www.ichemistry.cn/chemistry/267221-88-5.htm
2025-09-01 22:43:08 | 404 | http://www.ichemistry.cn/chemistry/1414662-67-1.htm
2025-09-01 22:43:09 | 404 | http://www.ichemistry.cn/chemistry/3012-71-3.htm
2025-09-01 22:43:09 | 404 | http://www.ichemistry.cn/chemistry/9007-34-5-1.htm
2025-09-01 22:43:10 | 404 | http://www.ichemistry.cn/chemistry/4054-67-5.htm
2025-09-01 22:43:13 | 404 | http://www.ichemistry.cn/chemistry/85073-19-4.htm
2025-09-01 22:43:20 | 404 | http://www.ichemistry.cn/chemistry/107599-30-4.htm
2025-09-01 22:43:25 | 404 | http://www.ichemistry.cn/chemistry/91742-21-1.htm
2025-09-01 22:43:27 | 404 | http://www.ichemistry.cn/chemistry/46742-95-6.htm
2025-09-01 22:43:32 | 404 | http://www.ichemistry.cn/chemistry/155559-81-2.htm
2025-09-01 22:43:35 | 404 | http://www.ichemistry.cn/chemistry/22313-62-8.htm
2025-09-01 22:43:41 | 404 | http://www.ichemistry.cn/chemistry/314054-00-7.htm
2025-09-01 22:43:43 | 404 | http://www.ichemistry.cn/chemistry/6002-31-9.htm
2025-09-01 22:43:46 | 404 | http://www.ichemistry.cn/chemistry/21064-34-6.htm
2025-09-01 22:43:47 | 404 | http://www.ichemistry.cn/chemistry/1958113-34-2.htm
2025-09-01 22:43:48 | 404 | http://www.ichemistry.cn/chemistry/98650-04-5.htm
2025-09-01 22:43:51 | 404 | http://www.ichemistry.cn/chemistry/16651-27-7.htm
2025-09-01 22:43:52 | 404 | http://www.ichemistry.cn/chemistry/135072-82-1.htm
2025-09-01 22:43:52 | 404 | http://www.ichemistry.cn/chemistry/182893-11-4.htm
2025-09-01 22:43:53 | 404 | http://www.ichemistry.cn/chemistry/1625-85-4.htm
2025-09-01 22:43:54 | 404 | http://www.ichemistry.cn/chemistry/1698-16-4.htm
2025-09-01 22:43:55 | 404 | http://www.ichemistry.cn/chemistry/41584-11-6.htm
2025-09-01 22:43:56 | 404 | http://www.ichemistry.cn/chemistry/338391-61-0.htm
2025-09-01 22:43:57 | 404 | http://www.ichemistry.cn/chemistry/12390-04-2.htm
2025-09-01 22:43:58 | 404 | http://www.ichemistry.cn/chemistry/558484-21-2.htm
2025-09-01 22:43:59 | 404 | http://www.ichemistry.cn/chemistry/174063-87-7.htm
2025-09-01 22:44:00 | 404 | http://www.ichemistry.cn/chemistry/942518-29-8.htm
2025-09-01 22:44:02 | 404 | http://www.ichemistry.cn/chemistry/1488-99-9.htm
2025-09-01 22:44:02 | 404 | http://www.ichemistry.cn/chemistry/1347750-85-9.htm
2025-09-01 22:44:02 | 404 | http://www.ichemistry.cn/chemistry/205494-72-0.htm
2025-09-01 22:44:04 | 404 | http://www.ichemistry.cn/chemistry/1240557-01-0.htm
2025-09-01 22:44:05 | 404 | http://www.ichemistry.cn/chemistry/183681-65-4.htm
2025-09-01 22:44:07 | 404 | http://www.ichemistry.cn/chemistry/960315-53-1.htm
2025-09-01 22:44:09 | 404 | http://www.ichemistry.cn/chemistry/7787-73-5.htm
2025-09-01 22:44:09 | 404 | http://www.ichemistry.cn/chemistry/1976-9-5.htm
2025-09-01 22:44:12 | 404 | http://www.ichemistry.cn/chemistry/5514-98-7.htm
2025-09-01 22:44:15 | 404 | http://www.ichemistry.cn/chemistry/102522-32-7.htm
2025-09-01 22:44:15 | 404 | http://www.ichemistry.cn/chemistry/57485-31-1.htm
2025-09-01 22:44:21 | 404 | http://www.ichemistry.cn/chemistry/1344-28-2.htm
2025-09-01 22:44:25 | 404 | http://www.ichemistry.cn/chemistry/23420-87-3.htm
2025-09-01 22:44:32 | 404 | http://www.ichemistry.cn/chemistry/144692-85-3.htm
2025-09-01 22:44:35 | 404 | http://www.ichemistry.cn/chemistry/121--54-0.htm
2025-09-01 22:44:38 | 404 | http://www.ichemistry.cn/chemistry/20324-26-9.htm
2025-09-01 22:44:40 | 404 | http://www.ichemistry.cn/chemistry/852620-97-4.htm
2025-09-01 22:44:41 | 404 | http://www.ichemistry.cn/chemistry/1255308-97-4.htm
2025-09-01 22:44:43 | 404 | http://www.ichemistry.cn/chemistry/105185-95-3.htm
2025-09-01 22:44:44 | 404 | http://www.ichemistry.cn/chemistry/90506-80-2.htm
2025-09-01 22:44:45 | 404 | http://www.ichemistry.cn/chemistry/345630-40-2.htm
2025-09-01 22:44:48 | 404 | http://www.ichemistry.cn/chemistry/17243-57-1.htm
2025-09-01 22:44:49 | 404 | http://www.ichemistry.cn/chemistry/873655-81-3.htm
2025-09-01 22:44:53 | 404 | http://www.ichemistry.cn/chemistry/1934269-97-2.htm
2025-09-01 22:45:01 | 404 | http://www.ichemistry.cn/chemistry/36418-34-5.htm
2025-09-01 22:45:02 | 404 | http://www.ichemistry.cn/chemistry/20594-83-6.htm
2025-09-01 22:45:02 | 404 | http://www.ichemistry.cn/chemistry/32005-36-0?.htm
2025-09-01 22:45:03 | 404 | http://www.ichemistry.cn/chemistry/1220714-37-3.htm
2025-09-01 22:45:05 | 404 | http://www.ichemistry.cn/chemistry/23667-06-3.htm
2025-09-01 22:45:06 | 404 | http://www.ichemistry.cn/chemistry/6940-29-1.htm
2025-09-01 22:45:07 | 404 | http://www.ichemistry.cn/chemistry/69444-48-0.htm
2025-09-01 22:45:09 | 404 | http://www.ichemistry.cn/chemistry/234081-94-8.htm
2025-09-01 22:45:10 | 404 | http://www.ichemistry.cn/chemistry/1416881-50-9.htm
2025-09-01 22:45:11 | 404 | http://www.ichemistry.cn/chemistry/144940-93-2.htm
2025-09-01 22:45:13 | 404 | http://www.ichemistry.cn/chemistry/87-56-8.htm
2025-09-01 22:45:27 | 404 | http://www.ichemistry.cn/chemistry/1351279-73-6.htm
2025-09-01 22:45:31 | 404 | http://www.ichemistry.cn/chemistry/147591-46-6.htm
2025-09-01 22:45:34 | 404 | http://www.ichemistry.cn/chemistry/28302-50-3.htm
2025-09-01 22:45:44 | 404 | http://www.ichemistry.cn/chemistry/12003-41-7.htm
2025-09-01 22:45:49 | 404 | http://www.ichemistry.cn/chemistry/19533-24-5.htm
2025-09-01 22:45:52 | 404 | http://www.ichemistry.cn/chemistry/1469924-27-3.htm
2025-09-01 22:45:55 | 404 | http://www.ichemistry.cn/chemistry/2260543-73-3.htm
2025-09-01 22:45:57 | 404 | http://www.ichemistry.cn/chemistry/12063-20-0.htm
2025-09-01 22:46:01 | 404 | http://www.ichemistry.cn/chemistry/4979-72-0.htm
2025-09-01 22:46:02 | 404 | http://www.ichemistry.cn/chemistry/1312703-28-8.htm
2025-09-01 22:46:04 | 404 | http://www.ichemistry.cn/chemistry/153467-50-6.htm
2025-09-01 22:46:05 | 404 | http://www.ichemistry.cn/chemistry/58452-28-1.htm
2025-09-01 22:46:07 | 404 | http://www.ichemistry.cn/chemistry/1821464-55-4.htm
2025-09-01 22:46:11 | 404 | http://www.ichemistry.cn/chemistry/1017794-47-6.htm
2025-09-01 22:46:15 | 404 | http://www.ichemistry.cn/chemistry/126213-50-0.htm
2025-09-01 22:46:17 | 404 | http://www.ichemistry.cn/chemistry/15708-55-1.htm
2025-09-01 22:46:23 | 404 | http://www.ichemistry.cn/chemistry/106131-61-7.htm
2025-09-01 22:46:28 | 404 | http://www.ichemistry.cn/chemistry/67460-86-0.htm
2025-09-01 22:46:31 | 404 | http://www.ichemistry.cn/chemistry/68650-37-3.htm
2025-09-01 22:46:33 | 404 | http://www.ichemistry.cn/chemistry/9688-25-7.htm
2025-09-01 22:46:34 | 404 | http://www.ichemistry.cn/chemistry/2648079-79-0.htm
2025-09-01 22:46:36 | 404 | http://www.ichemistry.cn/chemistry/122-87-6.htm
2025-09-01 22:46:38 | 404 | http://www.ichemistry.cn/chemistry/446255-22-7.htm
2025-09-01 22:46:44 | 404 | http://www.ichemistry.cn/chemistry/109215-55-6.htm
2025-09-01 22:46:49 | 404 | http://www.ichemistry.cn/chemistry/10025-72-7.htm
2025-09-01 22:46:51 | 404 | http://www.ichemistry.cn/chemistry/34311-90-5.htm
2025-09-01 22:46:53 | 404 | http://www.ichemistry.cn/chemistry/1537199-53-3.htm
2025-09-01 22:46:59 | 404 | http://www.ichemistry.cn/chemistry/606129-90-2.htm
2025-09-01 22:47:01 | 404 | http://www.ichemistry.cn/chemistry/4421-50-5.htm
2025-09-01 22:47:02 | 404 | http://www.ichemistry.cn/chemistry/591-00-4.htm
2025-09-01 22:47:05 | 404 | http://www.ichemistry.cn/chemistry/1184559-12-3.htm
2025-09-01 22:47:06 | 404 | http://www.ichemistry.cn/chemistry/1033461-45-8.htm
2025-09-01 22:47:07 | 404 | http://www.ichemistry.cn/chemistry/468-07-5.htm
2025-09-01 22:47:08 | 404 | http://www.ichemistry.cn/chemistry/608527-58-8.htm
2025-09-01 22:47:10 | 404 | http://www.ichemistry.cn/chemistry/54824-17-7.htm
2025-09-01 22:47:15 | 404 | http://www.ichemistry.cn/chemistry/65836-72-8.htm
2025-09-01 22:47:19 | 404 | http://www.ichemistry.cn/chemistry/157009-81-9.htm
2025-09-01 22:47:22 | 404 | http://www.ichemistry.cn/chemistry/98327-87-6.htm
2025-09-01 22:47:23 | 404 | http://www.ichemistry.cn/chemistry/22139-65-7.htm
2025-09-01 22:47:24 | 404 | http://www.ichemistry.cn/chemistry/956790-67-3.htm
2025-09-01 22:47:26 | 404 | http://www.ichemistry.cn/chemistry/1477512-32-5.htm
2025-09-01 22:47:27 | 404 | http://www.ichemistry.cn/chemistry/45298-90-6.htm
2025-09-01 22:47:28 | 404 | http://www.ichemistry.cn/chemistry/1646906-26-4.htm
2025-09-01 22:47:29 | 404 | http://www.ichemistry.cn/chemistry/1333317-99-9.htm
2025-09-01 22:47:29 | 404 | http://www.ichemistry.cn/chemistry/1045795-70-7.htm
2025-09-01 22:47:30 | 404 | http://www.ichemistry.cn/chemistry/71515-74-7.htm
2025-09-01 22:47:32 | 404 | http://www.ichemistry.cn/chemistry/55643-30-6.htm
2025-09-01 22:47:32 | 404 | http://www.ichemistry.cn/chemistry/222-21-9.htm
2025-09-01 22:47:32 | 404 | http://www.ichemistry.cn/chemistry/228415-62-1.htm
2025-09-01 22:47:32 | 404 | http://www.ichemistry.cn/chemistry/623157-25-5.htm
2025-09-01 22:47:33 | 404 | http://www.ichemistry.cn/chemistry/943962-47-8.htm
2025-09-01 22:47:33 | 404 | http://www.ichemistry.cn/chemistry/17199-55-2.htm
2025-09-01 22:47:34 | 404 | http://www.ichemistry.cn/chemistry/35963-26-3.htm
2025-09-01 22:47:35 | 404 | http://www.ichemistry.cn/chemistry/1317-93-7.htm
2025-09-01 22:47:35 | 404 | http://www.ichemistry.cn/chemistry/357-57-3-1.htm
2025-09-01 22:47:35 | 404 | http://www.ichemistry.cn/chemistry/79917-89-8.htm
2025-09-01 22:47:38 | 404 | http://www.ichemistry.cn/chemistry/2640657-49-2.htm
2025-09-01 22:47:38 | 404 | http://www.ichemistry.cn/chemistry/200878-50-8.htm
2025-09-01 22:47:38 | 404 | http://www.ichemistry.cn/chemistry/42448-04-4.htm
2025-09-01 22:47:40 | 404 | http://www.ichemistry.cn/chemistry/744203-60-9.htm
2025-09-01 22:47:42 | 404 | http://www.ichemistry.cn/chemistry/957207-58-8.htm
2025-09-01 22:47:42 | 404 | http://www.ichemistry.cn/chemistry/937-40-4.htm
2025-09-01 22:47:42 | 404 | http://www.ichemistry.cn/chemistry/10025-91-9?.htm
2025-09-01 22:47:42 | 404 | http://www.ichemistry.cn/chemistry/20999-38-6.htm
2025-09-01 22:47:43 | 404 | http://www.ichemistry.cn/chemistry/701232-20-4.htm
2025-09-01 22:47:44 | 404 | http://www.ichemistry.cn/chemistry/14659-58-6.htm
2025-09-01 22:47:45 | 404 | http://www.ichemistry.cn/chemistry/6051-43-9.htm
2025-09-01 22:47:45 | 404 | http://www.ichemistry.cn/chemistry/12067-06-4.htm
2025-09-01 22:47:48 | 404 | http://www.ichemistry.cn/chemistry/1217449-45-0.htm
2025-09-01 22:47:48 | 404 | http://www.ichemistry.cn/chemistry/929881-46-9.htm
2025-09-01 22:47:51 | 404 | http://www.ichemistry.cn/chemistry/1255309-13-7.htm
2025-09-01 22:47:52 | 404 | http://www.ichemistry.cn/chemistry/14216-88-7.htm
2025-09-01 22:47:52 | 404 | http://www.ichemistry.cn/chemistry/15557-00-3.htm
2025-09-01 22:47:52 | 404 | http://www.ichemistry.cn/chemistry/32752-52-6.htm
2025-09-01 22:47:53 | 404 | http://www.ichemistry.cn/chemistry/824-38-4.htm
2025-09-01 22:47:55 | 404 | http://www.ichemistry.cn/chemistry/1599466-85-9.htm
2025-09-01 22:47:55 | 404 | http://www.ichemistry.cn/chemistry/6962-04-5.htm
2025-09-01 22:47:56 | 404 | http://www.ichemistry.cn/chemistry/25013-16-8.htm
2025-09-01 22:47:57 | 404 | http://www.ichemistry.cn/chemistry/120375-52-2.htm
2025-09-01 22:48:01 | 404 | http://www.ichemistry.cn/chemistry/119301-59-6.htm
2025-09-01 22:48:02 | 404 | http://www.ichemistry.cn/chemistry/345974-11-4.htm
2025-09-01 22:48:02 | 404 | http://www.ichemistry.cn/chemistry/14635-75-7NOBF4.htm
2025-09-01 22:48:02 | 404 | http://www.ichemistry.cn/chemistry/125-62-6.htm
2025-09-01 22:48:03 | 404 | http://www.ichemistry.cn/chemistry/1081-34-1?.htm
2025-09-01 22:48:03 | 404 | http://www.ichemistry.cn/chemistry/57103-01-2.htm
2025-09-01 22:48:11 | 404 | http://www.ichemistry.cn/chemistry/1236188-16-1.htm
2025-09-01 22:48:15 | 404 | http://www.ichemistry.cn/chemistry/69272-50-0.htm
2025-09-01 22:48:16 | 404 | http://www.ichemistry.cn/chemistry/1073371-93-3.htm
2025-09-01 22:48:17 | 404 | http://www.ichemistry.cn/chemistry/66449-09-0.htm
2025-09-01 22:48:30 | 404 | http://www.ichemistry.cn/chemistry/51601-28-6.htm
2025-09-01 22:48:33 | 404 | http://www.ichemistry.cn/chemistry/1260228-95-2.htm
2025-09-01 22:48:38 | 404 | http://www.ichemistry.cn/chemistry/147852-84-4.htm
2025-09-01 22:48:39 | 404 | http://www.ichemistry.cn/chemistry/105974-64-9.htm
2025-09-01 22:48:40 | 404 | http://www.ichemistry.cn/chemistry/129392-84-3.htm
2025-09-01 22:48:40 | 404 | http://www.ichemistry.cn/chemistry/8063-14-7;6465-30-1.htm
2025-09-01 22:48:41 | 404 | http://www.ichemistry.cn/chemistry/10377-51-9.htm
2025-09-01 22:48:42 | 404 | http://www.ichemistry.cn/chemistry/13732-37-2.htm
2025-09-01 22:48:44 | 404 | http://www.ichemistry.cn/chemistry/88590-00-5.htm
2025-09-01 22:48:47 | 404 | http://www.ichemistry.cn/chemistry/1160490-11-8.htm
2025-09-01 22:48:48 | 404 | http://www.ichemistry.cn/chemistry/384347-05-1.htm
2025-09-01 22:48:53 | 404 | http://www.ichemistry.cn/chemistry/870718-97-1.htm
2025-09-01 22:48:53 | 404 | http://www.ichemistry.cn/chemistry/20786-60-1+1310-58-3(H2O).htm
2025-09-01 22:48:55 | 404 | http://www.ichemistry.cn/chemistry/800394-58-5.htm
2025-09-01 22:48:59 | 404 | http://www.ichemistry.cn/chemistry/7789-0208.htm
2025-09-01 22:49:01 | 404 | http://www.ichemistry.cn/chemistry/7789-32-0.htm
2025-09-01 22:49:05 | 404 | http://www.ichemistry.cn/chemistry/1874200-71-1.htm
2025-09-01 22:49:10 | 404 | http://www.ichemistry.cn/chemistry/23449-08-3.htm
2025-09-01 22:49:12 | 404 | http://www.ichemistry.cn/chemistry/20-72-9.htm
2025-09-01 22:49:17 | 404 | http://www.ichemistry.cn/chemistry/15243-48-8.htm
2025-09-01 22:50:01 | 404 | http://www.ichemistry.cn/chemistry/23449-08-3.htm
2025-09-01 22:50:01 | 404 | http://www.ichemistry.cn/chemistry/808-24-2.htm
2025-09-01 22:50:03 | 404 | http://www.ichemistry.cn/chemistry/171820-04-5.htm
2025-09-01 22:50:05 | 404 | http://www.ichemistry.cn/chemistry/1048913-62-7.htm
2025-09-01 22:50:06 | 404 | http://www.ichemistry.cn/chemistry/1312-82-9.htm
2025-09-01 22:50:07 | 404 | http://www.ichemistry.cn/chemistry/1255308-97-4.htm
2025-09-01 22:50:09 | 404 | http://www.ichemistry.cn/chemistry/203395-29-3.htm
2025-09-01 22:50:13 | 404 | http://www.ichemistry.cn/chemistry/93924-40-4.htm
2025-09-01 22:50:14 | 404 | http://www.ichemistry.cn/chemistry/25013-16-8.htm
2025-09-01 22:50:14 | 404 | http://www.ichemistry.cn/chemistry/5155-30-0.htm
2025-09-01 22:50:15 | 404 | http://www.ichemistry.cn/chemistry/12111-19-2.htm
2025-09-01 22:50:21 | 404 | http://www.ichemistry.cn/chemistry/7718-50-9.htm
2025-09-01 22:50:25 | 404 | http://www.ichemistry.cn/chemistry/22313-62-8.htm
2025-09-01 22:50:27 | 404 | http://www.ichemistry.cn/chemistry/845959-50-4.htm
2025-09-01 22:50:29 | 404 | http://www.ichemistry.cn/chemistry/1393343-58-2.htm
2025-09-01 22:50:31 | 404 | http://www.ichemistry.cn/chemistry/350024-36-1.htm
2025-09-01 22:50:33 | 404 | http://www.ichemistry.cn/chemistry/12066-69-8.htm
2025-09-01 22:50:34 | 404 | http://www.ichemistry.cn/chemistry/1537199-53-3.htm
2025-09-01 22:50:38 | 404 | http://www.ichemistry.cn/chemistry/81517-60-4.htm
2025-09-01 22:50:39 | 404 | http://www.ichemistry.cn/chemistry/135507-00-5.htm
2025-09-01 22:50:42 | 404 | http://www.ichemistry.cn/chemistry/824426-32-6.htm
2025-09-01 22:50:48 | 404 | http://www.ichemistry.cn/chemistry/54-04--6.htm
2025-09-01 22:50:50 | 404 | http://www.ichemistry.cn/chemistry/251099-16-8.htm
2025-09-01 22:50:52 | 404 | http://www.ichemistry.cn/chemistry/158061-40-6.htm
2025-09-01 22:50:55 | 404 | http://www.ichemistry.cn/chemistry/942518-29-8.htm
2025-09-01 22:50:56 | 404 | http://www.ichemistry.cn/chemistry/20-72-9.htm
2025-09-01 22:50:58 | 404 | http://www.ichemistry.cn/chemistry/2089293-61-6.htm
2025-09-01 22:50:59 | 404 | http://www.ichemistry.cn/chemistry/34311-90-5.htm
2025-09-01 22:50:59 | 404 | http://www.ichemistry.cn/chemistry/32823-06-67.htm
2025-09-01 22:51:01 | 404 | http://www.ichemistry.cn/chemistry/25659-29-4.htm
2025-09-01 22:51:02 | 404 | http://www.ichemistry.cn/chemistry/71195-58-9.htm
2025-09-01 22:51:02 | 404 | http://www.ichemistry.cn/chemistry/200878-50-8.htm
2025-09-01 22:51:03 | 404 | http://www.ichemistry.cn/chemistry/18992-85-3.htm
2025-09-01 22:51:04 | 404 | http://www.ichemistry.cn/chemistry/1977493-48-3.htm
2025-09-01 22:51:06 | 404 | http://www.ichemistry.cn/chemistry/13104-40-3.htm
2025-09-01 22:51:07 | 404 | http://www.ichemistry.cn/chemistry/30626-03-0.htm
2025-09-01 22:51:09 | 404 | http://www.ichemistry.cn/chemistry/21658-70-8.htm
2025-09-01 22:51:11 | 404 | http://www.ichemistry.cn/chemistry/76115-06-5.htm
2025-09-01 22:51:14 | 404 | http://www.ichemistry.cn/chemistry/956790-67-3.htm
2025-09-01 22:51:15 | 404 | http://www.ichemistry.cn/chemistry/13732-37-2.htm
2025-09-01 22:51:18 | 404 | http://www.ichemistry.cn/chemistry/957207-58-8.htm
2025-09-01 22:51:19 | 404 | http://www.ichemistry.cn/chemistry/13818-04-2.htm
2025-09-01 22:51:20 | 404 | http://www.ichemistry.cn/chemistry/71515-74-7.htm
2025-09-01 22:51:25 | 404 | http://www.ichemistry.cn/chemistry/830-50-6.htm
2025-09-01 22:51:26 | 404 | http://www.ichemistry.cn/chemistry/73676-31-0.htm
2025-09-01 22:51:27 | 404 | http://www.ichemistry.cn/chemistry/33864-17-4.htm
2025-09-01 22:51:28 | 404 | http://www.ichemistry.cn/chemistry/338391-61-0.htm
2025-09-01 22:51:29 | 404 | http://www.ichemistry.cn/chemistry/234081-94-8.htm
2025-09-01 22:51:32 | 404 | http://www.ichemistry.cn/chemistry/68971-03-9.htm
2025-09-01 22:51:32 | 404 | http://www.ichemistry.cn/chemistry/160743-62-4.htm
2025-09-01 22:51:33 | 404 | http://www.ichemistry.cn/chemistry/18628-07-4.htm
2025-09-01 22:51:34 | 404 | http://www.ichemistry.cn/chemistry/28543-07-9.htm
2025-09-01 22:51:37 | 404 | http://www.ichemistry.cn/chemistry/1313712-90-1.htm
2025-09-01 22:51:37 | 404 | http://www.ichemistry.cn/chemistry/3734-52-9.htm
2025-09-01 22:51:37 | 404 | http://www.ichemistry.cn/chemistry/5940-53-4.htm
2025-09-01 22:51:38 | 404 | http://www.ichemistry.cn/chemistry/15557-00-3.htm
2025-09-01 22:51:40 | 404 | http://www.ichemistry.cn/chemistry/10377-51-9.htm
2025-09-01 22:51:41 | 404 | http://www.ichemistry.cn/chemistry/1698-16-4.htm
2025-09-01 22:51:41 | 404 | http://www.ichemistry.cn/chemistry/67-20-9C8H6N4O5.htm
2025-09-01 22:51:41 | 404 | http://www.ichemistry.cn/chemistry/13763-67-2.htm
2025-09-01 22:51:42 | 404 | http://www.ichemistry.cn/chemistry/68412-17-9.htm
2025-09-01 22:51:42 | 404 | http://www.ichemistry.cn/chemistry/474966-97-7.htm
2025-09-01 22:51:43 | 404 | http://www.ichemistry.cn/chemistry/12063-20-0.htm
2025-09-01 22:51:45 | 404 | http://www.ichemistry.cn/chemistry/15243-48-8.htm
2025-09-01 22:51:46 | 404 | http://www.ichemistry.cn/chemistry/1352810-35-5.htm
2025-09-01 22:51:47 | 404 | http://www.ichemistry.cn/chemistry/61-74-9.htm
2025-09-01 22:51:50 | 404 | http://www.ichemistry.cn/chemistry/928712-10-1.htm
2025-09-01 22:51:50 | 404 | http://www.ichemistry.cn/chemistry/1268271-77-7.htm
2025-09-01 22:51:51 | 404 | http://www.ichemistry.cn/chemistry/16647-78-5.htm
2025-09-01 22:51:52 | 404 | http://www.ichemistry.cn/chemistry/79917-89-8.htm
2025-09-01 22:51:53 | 404 | http://www.ichemistry.cn/chemistry/1305711-40-3.htm
2025-09-01 22:51:58 | 404 | http://www.ichemistry.cn/chemistry/1123-54-2?.htm
2025-09-01 22:52:00 | 404 | http://www.ichemistry.cn/chemistry/1357572-66-7.htm
2025-09-01 22:52:03 | 404 | http://www.ichemistry.cn/chemistry/68920-26-3.htm
2025-09-01 22:52:03 | 404 | http://www.ichemistry.cn/chemistry/10028-18-8.htm
2025-09-01 22:52:03 | 404 | http://www.ichemistry.cn/chemistry/629-9-97-0.htm
2025-09-01 22:52:05 | 404 | http://www.ichemistry.cn/chemistry/608527-58-8.htm
2025-09-01 22:52:06 | 404 | http://www.ichemistry.cn/chemistry/102638-45-9.htm
2025-09-01 22:52:07 | 404 | http://www.ichemistry.cn/chemistry/65836-72-8.htm
2025-09-01 22:52:09 | 404 | http://www.ichemistry.cn/chemistry/36418-34-5.htm
2025-09-01 22:52:09 | 404 | http://www.ichemistry.cn/chemistry/9007-34-5-1.htm
2025-09-01 22:52:12 | 404 | http://www.ichemistry.cn/chemistry/15457-98-4.htm
2025-09-01 22:52:13 | 404 | http://www.ichemistry.cn/chemistry/37340-23-1.htm
2025-09-01 22:52:15 | 404 | http://www.ichemistry.cn/chemistry/23667-06-3.htm
2025-09-01 22:52:16 | 404 | http://www.ichemistry.cn/chemistry/91042-27-2?.htm
2025-09-01 22:52:16 | 404 | http://www.ichemistry.cn/chemistry/105827-78-9(H2O).htm
2025-09-01 22:52:17 | 404 | http://www.ichemistry.cn/chemistry/87-56-8.htm
2025-09-01 22:52:18 | 404 | http://www.ichemistry.cn/chemistry/20999-38-6.htm
2025-09-01 22:52:22 | 404 | http://www.ichemistry.cn/chemistry/586-20-7.htm
2025-09-01 22:52:22 | 404 | http://www.ichemistry.cn/chemistry/1271-48-30000.htm
2025-09-01 22:52:22 | 404 | http://www.ichemistry.cn/chemistry/23321-74-6.htm
2025-09-01 22:52:23 | 404 | http://www.ichemistry.cn/chemistry/217094-32-1.htm
2025-09-01 22:52:23 | 404 | http://www.ichemistry.cn/chemistry/6153–56-6.htm
2025-09-01 22:52:25 | 404 | http://www.ichemistry.cn/chemistry/9688-25-7.htm
2025-09-01 22:52:30 | 404 | http://www.ichemistry.cn/chemistry/749262-24-6.htm
2025-09-01 22:52:35 | 404 | http://www.ichemistry.cn/chemistry/51601-28-6.htm
2025-09-01 22:52:37 | 404 | http://www.ichemistry.cn/chemistry/5970-45-5.htm
2025-09-01 22:52:40 | 404 | http://www.ichemistry.cn/chemistry/1260228-95-2.htm
2025-09-01 22:52:44 | 404 | http://www.ichemistry.cn/chemistry/222-222.htm
2025-09-01 22:52:48 | 404 | http://www.ichemistry.cn/chemistry/1160490-11-8.htm
2025-09-01 22:52:49 | 404 | http://www.ichemistry.cn/chemistry/14488-45-0.htm
2025-09-01 22:52:52 | 404 | http://www.ichemistry.cn/chemistry/1414662-67-1.htm
2025-09-01 22:52:55 | 404 | http://www.ichemistry.cn/chemistry/2167189-50-4.htm
2025-09-01 22:52:57 | 404 | http://www.ichemistry.cn/chemistry/7789-32-0.htm
2025-09-01 22:52:57 | 404 | http://www.ichemistry.cn/chemistry/3398-9-2.htm
2025-09-01 22:53:00 | 404 | http://www.ichemistry.cn/chemistry/591-00-4.htm
2025-09-01 22:53:04 | 404 | http://www.ichemistry.cn/chemistry/105974-64-9.htm
2025-09-01 22:53:05 | 404 | http://www.ichemistry.cn/chemistry/1821464-55-4.htm
2025-09-01 22:53:07 | 404 | http://www.ichemistry.cn/chemistry/6002-31-9.htm
2025-09-01 22:53:09 | 404 | http://www.ichemistry.cn/chemistry/22139-65-7.htm
2025-09-01 22:53:11 | 404 | http://www.ichemistry.cn/chemistry/67460-86-0.htm
2025-09-01 22:53:12 | 404 | http://www.ichemistry.cn/chemistry/147852-84-4.htm
2025-09-01 22:53:12 | 404 | http://www.ichemistry.cn/chemistry/873655-81-3.htm
2025-09-01 22:53:13 | 404 | http://www.ichemistry.cn/chemistry/1599466-85-9.htm
2025-09-01 22:53:14 | 503 | http://www.ichemistry.cn/chemistry/1675201-83-8.htm
2025-09-01 22:53:15 | 503 | http://www.ichemistry.cn/chemistry/937-40-4.htm
2025-09-01 22:53:15 | 503 | http://www.ichemistry.cn/chemistry/556-10-5.htm
2025-09-01 22:53:16 | 503 | http://www.ichemistry.cn/chemistry/42448-04-4.htm
2025-09-01 22:53:16 | 503 | http://www.ichemistry.cn/chemistry/1958113-34-2.htm
2025-09-01 22:53:16 | 404 | http://www.ichemistry.cn/chemistry/7758-88-5?.htm
2025-09-01 22:53:17 | 503 | http://www.ichemistry.cn/chemistry/125-62-6.htm
2025-09-01 22:53:17 | 503 | http://www.ichemistry.cn/chemistry/182893-11-4.htm
2025-09-01 22:53:18 | 503 | http://www.ichemistry.cn/chemistry/9002-10-2.htm
2025-09-01 22:53:18 | 503 | http://www.ichemistry.cn/chemistry/46742-95-6.htm
2025-09-01 22:53:18 | 503 | http://www.ichemistry.cn/chemistry/42824-53-3.htm
2025-09-01 22:53:18 | 404 | http://www.ichemistry.cn/chemistry/121--54-0.htm
2025-09-01 22:53:19 | 503 | http://www.ichemistry.cn/chemistry/2328-12-9.htm
2025-09-01 22:53:19 | 503 | http://www.ichemistry.cn/chemistry/1402-38-6.htm
2025-09-01 22:53:19 | 503 | http://www.ichemistry.cn/chemistry/96319-55-0.htm
2025-09-01 22:53:19 | 503 | http://www.ichemistry.cn/chemistry/558484-21-2.htm
2025-09-01 22:53:19 | 503 | http://www.ichemistry.cn/chemistry/91742-21-1.htm
2025-09-01 22:53:19 | 503 | http://www.ichemistry.cn/chemistry/6876-37-5.htm
2025-09-01 22:53:20 | 503 | http://www.ichemistry.cn/chemistry/18041-25-3.htm
2025-09-01 22:53:20 | 503 | http://www.ichemistry.cn/chemistry/76-42-5.htm
2025-09-01 22:53:20 | 503 | http://www.ichemistry.cn/chemistry/54182-57-9.htm
2025-09-01 22:53:20 | 503 | http://www.ichemistry.cn/chemistry/112060-59-2.htm
2025-09-01 22:53:20 | 503 | http://www.ichemistry.cn/chemistry/623157-25-5.htm
2025-09-01 22:53:21 | 503 | http://www.ichemistry.cn/chemistry/371921-44-7.htm
2025-09-01 22:53:21 | 503 | http://www.ichemistry.cn/chemistry/1623-69-8.htm
2025-09-01 22:53:21 | 503 | http://www.ichemistry.cn/chemistry/55830-09-6.htm
2025-09-01 22:53:21 | 503 | http://www.ichemistry.cn/chemistry/1874200-71-1.htm
2025-09-01 22:53:21 | 503 | http://www.ichemistry.cn/chemistry/60842-46-8.htm
2025-09-01 22:53:21 | 503 | http://www.ichemistry.cn/chemistry/1513-87-7.htm
2025-09-01 22:53:21 | 503 | http://www.ichemistry.cn/chemistry/153467-50-6.htm
2025-09-01 22:53:22 | 503 | http://www.ichemistry.cn/chemistry/9036-88-8.htm
2025-09-01 22:53:22 | 503 | http://www.ichemistry.cn/chemistry/32752-52-6.htm
2025-09-01 22:53:22 | 503 | http://www.ichemistry.cn/chemistry/9002-12-4.htm
2025-09-01 22:53:22 | 503 | http://www.ichemistry.cn/chemistry/5599-50-8.htm
2025-09-01 22:53:22 | 503 | http://www.ichemistry.cn/chemistry/45298-90-6.htm
2025-09-01 22:53:22 | 503 | http://www.ichemistry.cn/chemistry/852620-97-4.htm
2025-09-01 22:53:22 | 503 | http://www.ichemistry.cn/chemistry/9002-13-5.htm
2025-09-01 22:53:23 | 503 | http://www.ichemistry.cn/chemistry/1220714-37-3.htm
2025-09-01 22:53:23 | 503 | http://www.ichemistry.cn/chemistry/9013-20-1.htm
2025-09-01 22:53:23 | 404 | http://www.ichemistry.cn/chemistry/8063-14-7;6465-30-1.htm
2025-09-01 22:53:23 | 503 | http://www.ichemistry.cn/chemistry/14984-76-0.htm
2025-09-01 22:53:23 | 404 | http://www.ichemistry.cn/chemistry/14635-75-7NOBF4.htm
2025-09-01 22:53:23 | 503 | http://www.ichemistry.cn/chemistry/144692-85-3.htm
2025-09-01 22:53:24 | 503 | http://www.ichemistry.cn/chemistry/1221182-02-0.htm
2025-09-01 22:53:24 | 503 | http://www.ichemistry.cn/chemistry/471907-87-6.htm
2025-09-01 22:53:24 | 503 | http://www.ichemistry.cn/chemistry/129392-84-3.htm
2025-09-01 22:53:24 | 503 | http://www.ichemistry.cn/chemistry/68109-03-5.htm
2025-09-01 22:53:25 | 503 | http://www.ichemistry.cn/chemistry/25104-18-1.htm
2025-09-01 22:53:25 | 503 | http://www.ichemistry.cn/chemistry/1829-22-7.htm
2025-09-01 22:53:26 | 503 | http://www.ichemistry.cn/chemistry/17243-57-1.htm
2025-09-01 22:53:26 | 503 | http://www.ichemistry.cn/chemistry/37203-43-3.htm
2025-09-01 22:53:26 | 503 | http://www.ichemistry.cn/chemistry/9001-75-6.htm
2025-09-01 22:53:27 | 503 | http://www.ichemistry.cn/chemistry/102522-32-7.htm
2025-09-01 22:53:27 | 503 | http://www.ichemistry.cn/chemistry/64443-05-6.htm
2025-09-01 22:53:28 | 503 | http://www.ichemistry.cn/chemistry/21064-34-6.htm
2025-09-01 22:53:28 | 503 | http://www.ichemistry.cn/chemistry/8008-20-6.htm
2025-09-01 22:53:28 | 503 | http://www.ichemistry.cn/chemistry/17026-06-1.htm
2025-09-01 22:53:28 | 503 | http://www.ichemistry.cn/chemistry/9001-40-5.htm
2025-09-01 22:53:29 | 503 | http://www.ichemistry.cn/chemistry/916849-52-0.htm
2025-09-01 22:53:29 | 503 | http://www.ichemistry.cn/chemistry/268536-05-6.htm
2025-09-01 22:53:29 | 503 | http://www.ichemistry.cn/chemistry/135072-82-1.htm
2025-09-01 22:53:29 | 503 | http://www.ichemistry.cn/chemistry/301356-95-6.htm
2025-09-01 22:53:29 | 503 | http://www.ichemistry.cn/chemistry/9008-30-4.htm
2025-09-01 22:53:29 | 503 | http://www.ichemistry.cn/chemistry/1344-28-2.htm
2025-09-01 22:53:30 | 503 | http://www.ichemistry.cn/chemistry/1257220-47-5.htm
2025-09-01 22:53:30 | 503 | http://www.ichemistry.cn/chemistry/8001-75-0.htm
2025-09-01 22:53:30 | 503 | http://www.ichemistry.cn/chemistry/1829-00-1.htm
2025-09-01 22:53:30 | 503 | http://www.ichemistry.cn/chemistry/12205-44-6.htm
2025-09-01 22:53:30 | 503 | http://www.ichemistry.cn/chemistry/68631-49-2.htm
2025-09-01 22:53:30 | 503 | http://www.ichemistry.cn/chemistry/64741-88-4.htm
2025-09-01 22:53:31 | 503 | http://www.ichemistry.cn/chemistry/35963-26-3.htm
2025-09-01 22:53:31 | 503 | http://www.ichemistry.cn/chemistry/68334-30-5.htm
2025-09-01 22:53:31 | 503 | http://www.ichemistry.cn/chemistry/9001-12-1.htm
2025-09-01 22:53:31 | 503 | http://www.ichemistry.cn/chemistry/25233-30-1.htm
2025-09-01 22:53:32 | 503 | http://www.ichemistry.cn/chemistry/272451-65-7.htm
2025-09-01 22:53:32 | 503 | http://www.ichemistry.cn/chemistry/119301-59-6.htm
2025-09-01 22:53:32 | 503 | http://www.ichemistry.cn/chemistry/99675-03-3.htm
2025-09-01 22:53:32 | 503 | http://www.ichemistry.cn/chemistry/109005-10-9.htm
2025-09-01 22:53:33 | 503 | http://www.ichemistry.cn/chemistry/54824-17-7.htm
2025-09-01 22:53:33 | 503 | http://www.ichemistry.cn/chemistry/422269-95-2.htm
2025-09-01 22:53:33 | 503 | http://www.ichemistry.cn/chemistry/9001-62-1.htm
2025-09-01 22:53:33 | 503 | http://www.ichemistry.cn/chemistry/1488-99-9.htm
2025-09-01 22:53:33 | 503 | http://www.ichemistry.cn/chemistry/776242-98-9.htm
2025-09-01 22:53:34 | 503 | http://www.ichemistry.cn/chemistry/85535-84-8.htm
2025-09-01 22:53:34 | 503 | http://www.ichemistry.cn/chemistry/9001-06-3.htm
2025-09-01 22:53:35 | 503 | http://www.ichemistry.cn/chemistry/9001-78-9.htm
2025-09-01 22:53:36 | 503 | http://www.ichemistry.cn/chemistry/111324-03-9.htm
2025-09-01 22:53:37 | 503 | http://www.ichemistry.cn/chemistry/17199-55-2.htm
2025-09-01 22:53:37 | 404 | http://www.ichemistry.cn/chemistry/1081-34-1?.htm
2025-09-01 22:53:37 | 404 | http://www.ichemistry.cn/chemistry/298-96-4?.htm
2025-09-01 22:53:37 | 503 | http://www.ichemistry.cn/chemistry/1442458-61-8.htm
2025-09-01 22:53:37 | 503 | http://www.ichemistry.cn/chemistry/3133-16-2.htm
2025-09-01 22:53:38 | 503 | http://www.ichemistry.cn/chemistry/1849616-42-7.htm
2025-09-01 22:53:38 | 503 | http://www.ichemistry.cn/chemistry/11114-20-8.htm
2025-09-01 22:53:39 | 503 | http://www.ichemistry.cn/chemistry/5988-11-8.htm
2025-09-01 22:53:39 | 503 | http://www.ichemistry.cn/chemistry/106131-61-7.htm
2025-09-01 22:53:39 | 404 | http://www.ichemistry.cn/chemistry/357-57-3-1.htm
2025-09-01 22:53:40 | 503 | http://www.ichemistry.cn/chemistry/13453-37-7.htm
2025-09-01 22:53:40 | 503 | http://www.ichemistry.cn/chemistry/1504585-16-3.htm
2025-09-01 22:53:40 | 503 | http://www.ichemistry.cn/chemistry/63951-45-1.htm
2025-09-01 22:53:41 | 503 | http://www.ichemistry.cn/chemistry/8002-16-2.htm
2025-09-01 22:53:41 | 503 | http://www.ichemistry.cn/chemistry/177315-87-6.htm
2025-09-01 22:53:42 | 503 | http://www.ichemistry.cn/chemistry/183681-65-4.htm
2025-09-01 22:53:42 | 503 | http://www.ichemistry.cn/chemistry/1236188-16-1.htm
2025-09-01 22:53:43 | 503 | http://www.ichemistry.cn/chemistry/23319-66-6.htm
2025-09-01 22:53:43 | 503 | http://www.ichemistry.cn/chemistry/331731-18-1.htm
2025-09-01 22:53:44 | 503 | http://www.ichemistry.cn/chemistry/485807-08-7.htm
2025-09-01 22:53:44 | 503 | http://www.ichemistry.cn/chemistry/9012-90-2.htm
2025-09-01 22:53:45 | 503 | http://www.ichemistry.cn/chemistry/2747959-96-0.htm
2025-09-01 22:53:46 | 503 | http://www.ichemistry.cn/chemistry/14216-88-7.htm
2025-09-01 22:53:47 | 503 | http://www.ichemistry.cn/chemistry/56960-31-7.htm
2025-09-01 22:53:48 | 503 | http://www.ichemistry.cn/chemistry/9007-34-5.htm
2025-09-01 22:53:49 | 503 | http://www.ichemistry.cn/chemistry/870718-97-1.htm
2025-09-01 22:53:49 | 503 | http://www.ichemistry.cn/chemistry/56545-22-3.htm
2025-09-01 22:53:50 | 503 | http://www.ichemistry.cn/chemistry/9028-53-9.htm
2025-09-01 22:53:51 | 503 | http://www.ichemistry.cn/chemistry/3691-78-9.htm
2025-09-01 22:53:51 | 503 | http://www.ichemistry.cn/chemistry/1477512-32-5.htm
2025-09-01 22:53:52 | 503 | http://www.ichemistry.cn/chemistry/9048-46-8.htm
2025-09-01 22:53:52 | 503 | http://www.ichemistry.cn/chemistry/1024594-86-2.htm
2025-09-01 22:53:52 | 503 | http://www.ichemistry.cn/chemistry/189114-61-2.htm
2025-09-01 22:53:53 | 503 | http://www.ichemistry.cn/chemistry/126213-50-0.htm
2025-09-01 23:05:44 | 503 | http://www.ichemistry.cn/chemistry/52439-77-7.htm
2025-09-01 23:13:02 | 503 | http://www.ichemistry.cn/chemistry/1220714-37-3.htm
2025-09-01 23:22:12 | 503 | http://www.ichemistry.cn/chemistry/21658-70-8.htm
2025-09-01 23:22:13 | 503 | http://www.ichemistry.cn/chemistry/9051-29-0.htm
2025-09-01 23:22:14 | 503 | http://www.ichemistry.cn/chemistry/1874200-71-1.htm
2025-09-04 19:30:00 | 404 | http://www.ichemistry.cn/chemistry/13453-41-3.htm
2025-09-04 19:30:01 | 404 | http://www.ichemistry.cn/chemistry/586-20-7.htm
2025-09-04 19:30:01 | 404 | http://www.ichemistry.cn/chemistry/3012-71-3.htm
2025-09-04 19:30:02 | 404 | http://www.ichemistry.cn/chemistry/1469924-27-3.htm
2025-09-04 19:30:03 | 404 | http://www.ichemistry.cn/chemistry/61197-73-7.htm
2025-09-04 19:30:04 | 404 | http://www.ichemistry.cn/chemistry/67066-09-5.htm
2025-09-04 19:30:06 | 404 | http://www.ichemistry.cn/chemistry/1846598-27-3.htm
2025-09-04 19:30:07 | 404 | http://www.ichemistry.cn/chemistry/105827-78-9(H2O).htm
2025-09-04 19:30:08 | 404 | http://www.ichemistry.cn/chemistry/1305711-40-3.htm
2025-09-04 19:30:13 | 404 | http://www.ichemistry.cn/chemistry/1477512-32-5.htm
2025-09-04 19:30:15 | 404 | http://www.ichemistry.cn/chemistry/1874200-71-1.htm
2025-09-04 19:30:16 | 404 | http://www.ichemistry.cn/chemistry/956790-67-3.htm
2025-09-04 19:30:16 | 404 | http://www.ichemistry.cn/chemistry/1257220-47-5.htm
2025-09-04 19:30:17 | 404 | http://www.ichemistry.cn/chemistry/222-21-9.htm
2025-09-04 19:30:18 | 404 | http://www.ichemistry.cn/chemistry/73676-31-0.htm
2025-09-04 19:30:18 | 404 | http://www.ichemistry.cn/chemistry/12063-20-0.htm
2025-09-04 19:30:20 | 404 | http://www.ichemistry.cn/chemistry/58464-47-4.htm
2025-09-04 19:30:20 | 404 | http://www.ichemistry.cn/chemistry/109215-55-6.htm
2025-09-04 19:30:21 | 404 | http://www.ichemistry.cn/chemistry/71195-58-9.htm
2025-09-04 19:30:21 | 404 | http://www.ichemistry.cn/chemistry/338391-61-0.htm
2025-09-04 19:30:23 | 404 | http://www.ichemistry.cn/chemistry/314054-00-7.htm
2025-09-04 19:30:24 | 404 | http://www.ichemistry.cn/chemistry/103837-45-2.htm
2025-09-04 19:30:25 | 404 | http://www.ichemistry.cn/chemistry/749262-24-6.htm
2025-09-04 19:30:28 | 404 | http://www.ichemistry.cn/chemistry/808-24-2.htm
2025-09-04 19:30:30 | 404 | http://www.ichemistry.cn/chemistry/51753-57-6.htm
2025-09-04 19:30:31 | 404 | http://www.ichemistry.cn/chemistry/96-55-5.htm
2025-09-04 19:30:31 | 404 | http://www.ichemistry.cn/chemistry/61-74-9.htm
2025-09-04 19:30:32 | 404 | http://www.ichemistry.cn/chemistry/55830-09-6.htm
2025-09-04 19:30:34 | 404 | http://www.ichemistry.cn/chemistry/1239602-35-7.htm
2025-09-04 19:30:36 | 404 | http://www.ichemistry.cn/chemistry/16049-64-8.htm
2025-09-04 19:30:37 | 404 | http://www.ichemistry.cn/chemistry/441054-54-2.htm
2025-09-04 19:30:37 | 404 | http://www.ichemistry.cn/chemistry/140681 - 55 - 6.htm
2025-09-04 19:30:38 | 404 | http://www.ichemistry.cn/chemistry/42824-53-3.htm
2025-09-04 19:30:39 | 404 | http://www.ichemistry.cn/chemistry/1073371-93-3.htm
2025-09-04 19:30:39 | 404 | http://www.ichemistry.cn/chemistry/45298-90-6.htm
2025-09-04 19:30:40 | 404 | http://www.ichemistry.cn/chemistry/719-98-2.htm
2025-09-04 19:30:41 | 404 | http://www.ichemistry.cn/chemistry/5514-98-7.htm
2025-09-04 19:30:41 | 404 | http://www.ichemistry.cn/chemistry/105974-64-9.htm
2025-09-04 19:30:41 | 404 | http://www.ichemistry.cn/chemistry/23420-87-3.htm
2025-09-04 19:30:42 | 404 | http://www.ichemistry.cn/chemistry/222-222.htm
2025-09-04 19:30:42 | 404 | http://www.ichemistry.cn/chemistry/1033461-45-8.htm
2025-09-04 19:30:42 | 404 | http://www.ichemistry.cn/chemistry/1211877-36-9.htm
2025-09-04 19:30:42 | 404 | http://www.ichemistry.cn/chemistry/68412-17-9.htm
2025-09-04 19:30:43 | 404 | http://www.ichemistry.cn/chemistry/942518-29-8.htm
2025-09-04 19:30:43 | 404 | http://www.ichemistry.cn/chemistry/20324-26-9.htm
2025-09-04 19:30:43 | 404 | http://www.ichemistry.cn/chemistry/2168540-65-4.htm
2025-09-04 19:30:44 | 404 | http://www.ichemistry.cn/chemistry/68920-26-3.htm
2025-09-04 19:30:44 | 404 | http://www.ichemistry.cn/chemistry/12390-04-2.htm
2025-09-04 19:30:44 | 404 | http://www.ichemistry.cn/chemistry/13818-04-2.htm
2025-09-04 19:30:46 | 404 | http://www.ichemistry.cn/chemistry/1849616-42-7.htm
2025-09-04 19:30:46 | 404 | http://www.ichemistry.cn/chemistry/160743-62-4.htm
2025-09-04 19:30:47 | 404 | http://www.ichemistry.cn/chemistry/2615-25-0?.htm
2025-09-04 19:30:48 | 404 | http://www.ichemistry.cn/chemistry/357-57-3-1.htm
2025-09-04 19:30:48 | 404 | http://www.ichemistry.cn/chemistry/68109-03-5.htm
2025-09-04 19:30:52 | 404 | http://www.ichemistry.cn/chemistry/171820-04-5.htm
2025-09-04 19:30:52 | 404 | http://www.ichemistry.cn/chemistry/3734-52-9.htm
2025-09-04 19:30:53 | 404 | http://www.ichemistry.cn/chemistry/183681-65-4.htm
2025-09-04 19:30:53 | 404 | http://www.ichemistry.cn/chemistry/701232-20-4.htm
2025-09-04 19:30:53 | 404 | http://www.ichemistry.cn/chemistry/41584-11-6.htm
2025-09-04 19:30:53 | 404 | http://www.ichemistry.cn/chemistry/4054-67-5.htm
2025-09-04 19:30:54 | 404 | http://www.ichemistry.cn/chemistry/13104-40-3.htm
2025-09-04 19:30:55 | 404 | http://www.ichemistry.cn/chemistry/1357572-66-7.htm
2025-09-04 19:30:56 | 404 | http://www.ichemistry.cn/chemistry/251099-16-8.htm
2025-09-04 19:30:57 | 404 | http://www.ichemistry.cn/chemistry/46742-95-6.htm
2025-09-04 19:31:01 | 404 | http://www.ichemistry.cn/chemistry/2479-62-1.htm
2025-09-04 19:31:02 | 404 | http://www.ichemistry.cn/chemistry/2361659-62-1.htm
2025-09-04 19:42:18 | 404 | http://www.ichemistry.cn/chemistry/591-00-4.htm
2025-09-04 19:42:20 | 404 | http://www.ichemistry.cn/chemistry/341556-86-3.htm
2025-09-04 19:42:21 | 404 | http://www.ichemistry.cn/chemistry/160743-62-4.htm
2025-09-04 19:52:00 | 404 | http://www.ichemistry.cn/chemistry/957207-58-8.htm
2025-09-04 19:52:00 | 404 | http://www.ichemistry.cn/chemistry/608527-58-8.htm
2025-09-04 19:52:00 | 404 | http://www.ichemistry.cn/chemistry/60298-18-2.htm
2025-09-04 19:52:01 | 404 | http://www.ichemistry.cn/chemistry/251099-16-8.htm
2025-09-04 19:52:01 | 404 | http://www.ichemistry.cn/chemistry/34311-90-5.htm
2025-09-04 19:52:02 | 404 | http://www.ichemistry.cn/chemistry/183681-65-4.htm
2025-09-04 19:53:44 | 404 | http://www.ichemistry.cn/chemistry/345630-40-2.htm
2025-09-04 19:53:44 | 404 | http://www.ichemistry.cn/chemistry/12206-22-9.htm
2025-09-04 19:53:48 | 404 | http://www.ichemistry.cn/chemistry/957207-58-8.htm
2025-09-04 19:53:49 | 404 | http://www.ichemistry.cn/chemistry/69272-50-0.htm
2025-09-04 19:53:50 | 404 | http://www.ichemistry.cn/chemistry/5155-67-9.htm
2025-09-04 19:53:51 | 404 | http://www.ichemistry.cn/chemistry/2260543-73-3.htm
2025-09-04 19:53:52 | 404 | http://www.ichemistry.cn/chemistry/68109-03-5.htm
2025-09-04 19:53:52 | 404 | http://www.ichemistry.cn/chemistry/916849-52-0.htm
2025-09-04 19:53:53 | 404 | http://www.ichemistry.cn/chemistry/119301-59-6.htm
2025-09-04 19:53:53 | 404 | http://www.ichemistry.cn/chemistry/71195-58-9.htm
2025-09-04 19:53:54 | 404 | http://www.ichemistry.cn/chemistry/1393343-58-2.htm
2025-09-04 19:53:54 | 404 | http://www.ichemistry.cn/chemistry/16651-27-7.htm
2025-09-04 19:53:55 | 404 | http://www.ichemistry.cn/chemistry/1415238-25-3.htm
2025-09-04 19:53:55 | 404 | http://www.ichemistry.cn/chemistry/51601-28-6.htm
2025-09-04 19:53:56 | 404 | http://www.ichemistry.cn/chemistry/892711-75-0.htm
2025-09-04 19:53:56 | 404 | http://www.ichemistry.cn/chemistry/1255308-97-4.htm
2025-09-04 19:53:56 | 404 | http://www.ichemistry.cn/chemistry/35963-26-3.htm
2025-09-04 19:53:56 | 404 | http://www.ichemistry.cn/chemistry/2377770-18-6.htm
2025-09-04 19:53:58 | 404 | http://www.ichemistry.cn/chemistry/20347-71-1.htm
2025-09-04 19:53:59 | 404 | http://www.ichemistry.cn/chemistry/2168540-65-4.htm
2025-09-04 19:54:00 | 404 | http://www.ichemistry.cn/chemistry/182893-11-4.htm
2025-09-04 19:54:01 | 404 | http://www.ichemistry.cn/chemistry/189354-72-1.htm
2025-09-04 19:54:04 | 404 | http://www.ichemistry.cn/chemistry/3133-16-2.htm
2025-09-04 19:54:06 | 404 | http://www.ichemistry.cn/chemistry/2328-12-9.htm
2025-09-04 19:54:07 | 404 | http://www.ichemistry.cn/chemistry/112060-59-2.htm
2025-09-04 20:12:06 | 404 | http://www.ichemistry.cn/chemistry/9903-11-6.htm
2025-09-04 20:12:09 | 404 | http://www.ichemistry.cn/chemistry/1257220-47-5.htm
2025-09-04 20:12:12 | 404 | http://www.ichemistry.cn/chemistry/5155-67-9.htm
2025-09-04 20:12:12 | 404 | http://www.ichemistry.cn/chemistry/32823-06-67.htm
2025-09-04 20:12:12 | 404 | http://www.ichemistry.cn/chemistry/14635-75-7NOBF4.htm
2025-09-04 20:12:12 | 404 | http://www.ichemistry.cn/chemistry/13763-67-2.htm
